C:/Users/User/OneDrive/Documents/buoy-stm32/LR1262/STM32Cube_FW_WL_V1.3.0/Projects/B-WL5M-SUBG1/Applications/LoRaWAN/LoRaWAN_AT_Slave/Core/Src/flash_if.c:427:31:FLASH_IF_INT_Clear_Error	8	static
C:/Users/User/OneDrive/Documents/buoy-stm32/LR1262/STM32Cube_FW_WL_V1.3.0/Projects/B-WL5M-SUBG1/Applications/LoRaWAN/LoRaWAN_AT_Slave/Core/Src/flash_if.c:353:31:FLASH_IF_INT_Erase	40	static
C:/Users/User/OneDrive/Documents/buoy-stm32/LR1262/STM32Cube_FW_WL_V1.3.0/Projects/B-WL5M-SUBG1/Applications/LoRaWAN/LoRaWAN_AT_Slave/Core/Src/flash_if.c:124:24:FLASH_IF_Init	0	static
C:/Users/User/OneDrive/Documents/buoy-stm32/LR1262/STM32Cube_FW_WL_V1.3.0/Projects/B-WL5M-SUBG1/Applications/LoRaWAN/LoRaWAN_AT_Slave/Core/Src/flash_if.c:138:24:FLASH_IF_DeInit	0	static
C:/Users/User/OneDrive/Documents/buoy-stm32/LR1262/STM32Cube_FW_WL_V1.3.0/Projects/B-WL5M-SUBG1/Applications/LoRaWAN/LoRaWAN_AT_Slave/Core/Src/flash_if.c:152:24:FLASH_IF_Write	72	static
C:/Users/User/OneDrive/Documents/buoy-stm32/LR1262/STM32Cube_FW_WL_V1.3.0/Projects/B-WL5M-SUBG1/Applications/LoRaWAN/LoRaWAN_AT_Slave/Core/Src/flash_if.c:168:24:FLASH_IF_Read	16	static
C:/Users/User/OneDrive/Documents/buoy-stm32/LR1262/STM32Cube_FW_WL_V1.3.0/Projects/B-WL5M-SUBG1/Applications/LoRaWAN/LoRaWAN_AT_Slave/Core/Src/flash_if.c:184:24:FLASH_IF_Erase	4	static
C:/Users/User/OneDrive/Documents/buoy-stm32/LR1262/STM32Cube_FW_WL_V1.3.0/Projects/B-WL5M-SUBG1/Applications/LoRaWAN/LoRaWAN_AT_Slave/Core/Src/flash_if.c:458:6:HAL_FLASH_EndOfOperationCallback	0	static
C:/Users/User/OneDrive/Documents/buoy-stm32/LR1262/STM32Cube_FW_WL_V1.3.0/Projects/B-WL5M-SUBG1/Applications/LoRaWAN/LoRaWAN_AT_Slave/Core/Src/flash_if.c:475:6:HAL_FLASH_OperationErrorCallback	0	static
