C:/Users/User/OneDrive/Documents/buoy-stm32/LR1262/STM32Cube_FW_WL_V1.3.0/Projects/B-WL5M-SUBG1/Applications/LoRaWAN/LoRaWAN_AT_Slave/Core/Src/main.c:109:6:SystemClock_Config	3
C:/Users/User/OneDrive/Documents/buoy-stm32/LR1262/STM32Cube_FW_WL_V1.3.0/Projects/B-WL5M-SUBG1/Applications/LoRaWAN/LoRaWAN_AT_Slave/Core/Src/main.c:64:5:main	1
C:/Users/User/OneDrive/Documents/buoy-stm32/LR1262/STM32Cube_FW_WL_V1.3.0/Projects/B-WL5M-SUBG1/Applications/LoRaWAN/LoRaWAN_AT_Slave/Core/Src/main.c:161:6:Error_Handler	1
