C:/Users/User/OneDrive/Documents/buoy-stm32/LR1262/STM32Cube_FW_WL_V1.3.0/Projects/B-WL5M-SUBG1/Applications/LoRaWAN/LoRaWAN_AT_Slave/Core/Src/usart.c:32:6:MX_LPUART1_UART_Init	8	static
C:/Users/User/OneDrive/Documents/buoy-stm32/LR1262/STM32Cube_FW_WL_V1.3.0/Projects/B-WL5M-SUBG1/Applications/LoRaWAN/LoRaWAN_AT_Slave/Core/Src/usart.c:77:6:HAL_UART_MspInit	104	static
C:/Users/User/OneDrive/Documents/buoy-stm32/LR1262/STM32Cube_FW_WL_V1.3.0/Projects/B-WL5M-SUBG1/Applications/LoRaWAN/LoRaWAN_AT_Slave/Core/Src/usart.c:144:6:HAL_UART_MspDeInit	8	static
