Archive member included to satisfy reference by file (symbol)

C:/Users/User/OneDrive/Documents/buoy-stm32/RA08H/asr_lora_6601-master//drivers/crypto/lib/libcrypto.a(aes.o)
                              out/cmac.o (aes_init)
c:/program files (x86)/gnu tools arm embedded/6 2017-q2-update/bin/../lib/gcc/arm-none-eabi/6.3.1/thumb/v7e-m\libgcc.a(_arm_addsubdf3.o)
                              out/printf-stdarg.o (__aeabi_dsub)
c:/program files (x86)/gnu tools arm embedded/6 2017-q2-update/bin/../lib/gcc/arm-none-eabi/6.3.1/thumb/v7e-m\libgcc.a(_arm_muldivdf3.o)
                              out/printf-stdarg.o (__aeabi_dmul)
c:/program files (x86)/gnu tools arm embedded/6 2017-q2-update/bin/../lib/gcc/arm-none-eabi/6.3.1/thumb/v7e-m\libgcc.a(_arm_cmpdf2.o)
                              out/printf-stdarg.o (__aeabi_dcmpeq)
c:/program files (x86)/gnu tools arm embedded/6 2017-q2-update/bin/../lib/gcc/arm-none-eabi/6.3.1/thumb/v7e-m\libgcc.a(_arm_fixdfsi.o)
                              out/printf-stdarg.o (__aeabi_d2iz)
c:/program files (x86)/gnu tools arm embedded/6 2017-q2-update/bin/../lib/gcc/arm-none-eabi/6.3.1/thumb/v7e-m\libgcc.a(_arm_fixunsdfsi.o)
                              out/printf-stdarg.o (__aeabi_d2uiz)
c:/program files (x86)/gnu tools arm embedded/6 2017-q2-update/bin/../lib/gcc/arm-none-eabi/6.3.1/thumb/v7e-m\libgcc.a(_aeabi_uldivmod.o)
                              out/printf-stdarg.o (__aeabi_uldivmod)
c:/program files (x86)/gnu tools arm embedded/6 2017-q2-update/bin/../lib/gcc/arm-none-eabi/6.3.1/thumb/v7e-m\libgcc.a(_fixunsdfdi.o)
                              out/rtc-board.o (__aeabi_d2ulz)
c:/program files (x86)/gnu tools arm embedded/6 2017-q2-update/bin/../lib/gcc/arm-none-eabi/6.3.1/thumb/v7e-m\libgcc.a(_udivmoddi4.o)
                              c:/program files (x86)/gnu tools arm embedded/6 2017-q2-update/bin/../lib/gcc/arm-none-eabi/6.3.1/thumb/v7e-m\libgcc.a(_aeabi_uldivmod.o) (__udivmoddi4)
c:/program files (x86)/gnu tools arm embedded/6 2017-q2-update/bin/../lib/gcc/arm-none-eabi/6.3.1/thumb/v7e-m\libgcc.a(_dvmd_tls.o)
                              c:/program files (x86)/gnu tools arm embedded/6 2017-q2-update/bin/../lib/gcc/arm-none-eabi/6.3.1/thumb/v7e-m\libgcc.a(_aeabi_uldivmod.o) (__aeabi_ldiv0)
c:/program files (x86)/gnu tools arm embedded/6 2017-q2-update/bin/../lib/gcc/arm-none-eabi/6.3.1/../../../../arm-none-eabi/lib/thumb/v7e-m\libc.a(lib_a-atoi.o)
                              out/simple_cmd.o (atoi)
c:/program files (x86)/gnu tools arm embedded/6 2017-q2-update/bin/../lib/gcc/arm-none-eabi/6.3.1/../../../../arm-none-eabi/lib/thumb/v7e-m\libc.a(lib_a-errno.o)
                              out/syscalls.o (__errno)
c:/program files (x86)/gnu tools arm embedded/6 2017-q2-update/bin/../lib/gcc/arm-none-eabi/6.3.1/../../../../arm-none-eabi/lib/thumb/v7e-m\libc.a(lib_a-exit.o)
                              c:/program files (x86)/gnu tools arm embedded/6 2017-q2-update/bin/../lib/gcc/arm-none-eabi/6.3.1/../../../../arm-none-eabi/lib/thumb/v7e-m/crt0.o (exit)
c:/program files (x86)/gnu tools arm embedded/6 2017-q2-update/bin/../lib/gcc/arm-none-eabi/6.3.1/../../../../arm-none-eabi/lib/thumb/v7e-m\libc.a(lib_a-impure.o)
                              c:/program files (x86)/gnu tools arm embedded/6 2017-q2-update/bin/../lib/gcc/arm-none-eabi/6.3.1/../../../../arm-none-eabi/lib/thumb/v7e-m\libc.a(lib_a-exit.o) (_global_impure_ptr)
c:/program files (x86)/gnu tools arm embedded/6 2017-q2-update/bin/../lib/gcc/arm-none-eabi/6.3.1/../../../../arm-none-eabi/lib/thumb/v7e-m\libc.a(lib_a-init.o)
                              c:/program files (x86)/gnu tools arm embedded/6 2017-q2-update/bin/../lib/gcc/arm-none-eabi/6.3.1/../../../../arm-none-eabi/lib/thumb/v7e-m/crt0.o (__libc_init_array)
c:/program files (x86)/gnu tools arm embedded/6 2017-q2-update/bin/../lib/gcc/arm-none-eabi/6.3.1/../../../../arm-none-eabi/lib/thumb/v7e-m\libc.a(lib_a-memcmp.o)
                              out/simple_cmd.o (memcmp)
c:/program files (x86)/gnu tools arm embedded/6 2017-q2-update/bin/../lib/gcc/arm-none-eabi/6.3.1/../../../../arm-none-eabi/lib/thumb/v7e-m\libc.a(lib_a-memcpy.o)
                              out/simple_cmd.o (memcpy)
c:/program files (x86)/gnu tools arm embedded/6 2017-q2-update/bin/../lib/gcc/arm-none-eabi/6.3.1/../../../../arm-none-eabi/lib/thumb/v7e-m\libc.a(lib_a-memset.o)
                              c:/program files (x86)/gnu tools arm embedded/6 2017-q2-update/bin/../lib/gcc/arm-none-eabi/6.3.1/../../../../arm-none-eabi/lib/thumb/v7e-m/crt0.o (memset)
c:/program files (x86)/gnu tools arm embedded/6 2017-q2-update/bin/../lib/gcc/arm-none-eabi/6.3.1/../../../../arm-none-eabi/lib/thumb/v7e-m\libc.a(lib_a-sscanf.o)
                              out/lora_at.o (sscanf)
c:/program files (x86)/gnu tools arm embedded/6 2017-q2-update/bin/../lib/gcc/arm-none-eabi/6.3.1/../../../../arm-none-eabi/lib/thumb/v7e-m\libc.a(lib_a-stdio.o)
[...]
Memory Configuration

Name             Origin             Length             Attributes
FLASH            0x08000000         0x00020000         xr
RAM              0x20000000         0x00004000         xrw
*default*        0x00000000         0xffffffff

Linker script and memory map

LOAD c:/program files (x86)/gnu tools arm embedded/6 2017-q2-update/bin/../lib/gcc/arm-none-eabi/6.3.1/thumb/v7e-m/crti.o
LOAD c:/program files (x86)/gnu tools arm embedded/6 2017-q2-update/bin/../lib/gcc/arm-none-eabi/6.3.1/thumb/v7e-m/crtbegin.o
LOAD c:/program files (x86)/gnu tools arm embedded/6 2017-q2-update/bin/../lib/gcc/arm-none-eabi/6.3.1/../../../../arm-none-eabi/lib/thumb/v7e-m/crt0.o
LOAD out/custom.o
LOAD out/custom_tasks.o
LOAD out/lora_at.o
LOAD out/lora_command.o
LOAD out/main.o
LOAD out/simple_cmd.o
LOAD out/syscalls.o
LOAD out/tremo_it.o
LOAD out/printf-stdarg.o
LOAD out/system_cm4.o
LOAD out/tremo_adc.o
LOAD out/tremo_bstimer.o
LOAD out/tremo_crc.o
LOAD out/tremo_dac.o
LOAD out/tremo_delay.o
LOAD out/tremo_dma.o
LOAD out/tremo_flash.o
LOAD out/tremo_gpio.o
LOAD out/tremo_i2c.o
LOAD out/tremo_i2s.o
LOAD out/tremo_iwdg.o
LOAD out/tremo_lcd.o
LOAD out/tremo_lptimer.o
LOAD out/tremo_lpuart.o
LOAD out/tremo_pwr.o
LOAD out/tremo_rcc.o
LOAD out/tremo_rtc.o
LOAD out/tremo_spi.o
LOAD out/tremo_system.o
LOAD out/tremo_timer.o
LOAD out/tremo_uart.o
LOAD out/tremo_wdg.o
LOAD out/delay.o
LOAD out/timer.o
LOAD out/cmac.o
LOAD out/radio.o
LOAD out/sx126x.o
LOAD out/rtc-board.o
LOAD out/sx1262-board.o
LOAD out/utilities.o
LOAD out/startup_cm4.o
LOAD C:/Users/User/OneDrive/Documents/buoy-stm32/RA08H/asr_lora_6601-master//drivers/crypto/lib/libcrypto.a
START GROUP
LOAD c:/program files (x86)/gnu tools arm embedded/6 2017-q2-update/bin/../lib/gcc/arm-none-eabi/6.3.1/thumb/v7e-m\libgcc.a
LOAD c:/program files (x86)/gnu tools arm embedded/6 2017-q2-update/bin/../lib/gcc/arm-none-eabi/6.3.1/../../../../arm-none-eabi/lib/thumb/v7e-m\libc.a
END GROUP
LOAD c:/program files (x86)/gnu tools arm embedded/6 2017-q2-update/bin/../lib/gcc/arm-none-eabi/6.3.1/thumb/v7e-m/crtend.o
LOAD c:/program files (x86)/gnu tools arm embedded/6 2017-q2-update/bin/../lib/gcc/arm-none-eabi/6.3.1/thumb/v7e-m/crtn.o
                0x20004000                _estack = 0x20004000
                0x00000000                _HEAP_SIZE = 0x0
                0x00001000                _STACK_SIZE = 0x1000

.isr_vector     0x08000000       0xd4
                0x08000000                . = ALIGN (0x4)
 *(.isr_vector)
 .isr_vector    0x08000000       0xd4 out/startup_cm4.o
                0x08000000                g_pfnVectors
                0x080000d4                . = ALIGN (0x4)

.text           0x08000100     0x9d3c
                0x08000100                . = ALIGN (0x4)
 *(.text)
 .text          0x08000100       0x6c c:/program files (x86)/gnu tools arm embedded/6 2017-q2-update/bin/../lib/gcc/arm-none-eabi/6.3.1/thumb/v7e-m/crtbegin.o
 .text          0x0800016c      0x370 c:/program files (x86)/gnu tools arm embedded/6 2017-q2-update/bin/../lib/gcc/arm-none-eabi/6.3.1/thumb/v7e-m\libgcc.a(_arm_addsubdf3.o)
                0x0800016c                __aeabi_drsub
                0x08000174                __aeabi_dsub
                0x08000174                __subdf3
                0x08000178                __aeabi_dadd
                0x08000178                __adddf3
                0x080003f0                __floatunsidf
                0x080003f0                __aeabi_ui2d
                0x08000410                __floatsidf
                0x08000410                __aeabi_i2d
                0x08000434                __aeabi_f2d
                0x08000434                __extendsfdf2
                0x08000470                __floatundidf
                0x08000470                __aeabi_ul2d
                0x08000480                __floatdidf
                0x08000480                __aeabi_l2d
 .text          0x080004dc      0x424 c:/program files (x86)/gnu tools arm embedded/6 2017-q2-update/bin/../lib/gcc/arm-none-eabi/6.3.1/thumb/v7e-m\libgcc.a(_arm_muldivdf3.o)
                0x080004dc                __aeabi_dmul
                0x080004dc                __muldf3
                0x08000730                __divdf3
                0x08000730                __aeabi_ddiv
 .text          0x08000900      0x110 c:/program files (x86)/gnu tools arm embedded/6 2017-q2-update/bin/../lib/gcc/arm-none-eabi/6.3.1/thumb/v7e-m\libgcc.a(_arm_cmpdf2.o)
                0x08000900                __gtdf2
                0x08000900                __gedf2
                0x08000908                __ltdf2
                0x08000908                __ledf2
                0x08000910                __nedf2
                0x08000910                __eqdf2
                0x08000910                __cmpdf2
                0x0800098c                __aeabi_cdrcmple
                0x0800099c                __aeabi_cdcmpeq
                0x0800099c                __aeabi_cdcmple
                0x080009ac                __aeabi_dcmpeq
                0x080009c0                __aeabi_dcmplt
                0x080009d4                __aeabi_dcmple
                0x080009e8                __aeabi_dcmpge
                0x080009fc                __aeabi_dcmpgt
 .text          0x08000a10       0x50 c:/program files (x86)/gnu tools arm embedded/6 2017-q2-update/bin/../lib/gcc/arm-none-eabi/6.3.1/thumb/v7e-m\libgcc.a(_arm_fixdfsi.o)
                0x08000a10                __aeabi_d2iz
                0x08000a10                __fixdfsi
 .text          0x08000a60       0x40 c:/program files (x86)/gnu tools arm embedded/6 2017-q2-update/bin/../lib/gcc/arm-none-eabi/6.3.1/thumb/v7e-m\libgcc.a(_arm_fixunsdfsi.o)
                0x08000a60                __aeabi_d2uiz
                0x08000a60                __fixunsdfsi
 .text          0x08000aa0       0x30 c:/program files (x86)/gnu tools arm embedded/6 2017-q2-update/bin/../lib/gcc/arm-none-eabi/6.3.1/thumb/v7e-m\libgcc.a(_aeabi_uldivmod.o)
                0x08000aa0                __aeabi_uldivmod
 .text          0x08000ad0       0x48 c:/program files (x86)/gnu tools arm embedded/6 2017-q2-update/bin/../lib/gcc/arm-none-eabi/6.3.1/thumb/v7e-m\libgcc.a(_fixunsdfdi.o)
                0x08000ad0                __fixunsdfdi
                0x08000ad0                __aeabi_d2ulz
 .text          0x08000b18      0x2dc c:/program files (x86)/gnu tools arm embedded/6 2017-q2-update/bin/../lib/gcc/arm-none-eabi/6.3.1/thumb/v7e-m\libgcc.a(_udivmoddi4.o)
                0x08000b18                __udivmoddi4
 .text          0x08000df4        0x4 c:/program files (x86)/gnu tools arm embedded/6 2017-q2-update/bin/../lib/gcc/arm-none-eabi/6.3.1/thumb/v7e-m\libgcc.a(_dvmd_tls.o)
                0x08000df4                __aeabi_idiv0
                0x08000df4                __aeabi_ldiv0
 .text          0x08000df8      0x134 c:/program files (x86)/gnu tools arm embedded/6 2017-q2-update/bin/../lib/gcc/arm-none-eabi/6.3.1/../../../../arm-none-eabi/lib/thumb/v7e-m\libc.a(lib_a-memcpy.o)
                0x08000df8                memcpy
 *fill*         0x08000f2c       0x14 
 .text          0x08000f40       0xdc c:/program files (x86)/gnu tools arm embedded/6 2017-q2-update/bin/../lib/gcc/arm-none-eabi/6.3.1/../../../../arm-none-eabi/lib/thumb/v7e-m\libc.a(lib_a-strlen.o)
                0x08000f40                strlen
 .text          0x0800101c       0x2c c:/program files (x86)/gnu tools arm embedded/6 2017-q2-update/bin/../lib/gcc/arm-none-eabi/6.3.1/thumb/v7e-m\libgcc.a(_arm_unorddf2.o)
                0x0800101c                __unorddf2
                0x0800101c                __aeabi_dcmpun
 .text          0x08001048       0xa0 c:/program files (x86)/gnu tools arm embedded/6 2017-q2-update/bin/../lib/gcc/arm-none-eabi/6.3.1/thumb/v7e-m\libgcc.a(_arm_truncdfsf2.o)
                0x08001048                __truncdfsf2
                0x08001048                __aeabi_d2f
 *(.text*)
 .text.custom_main
                0x080010e8       0x5c out/custom.o
                0x080010e8                custom_main
 .text.custom_on_tx_done
                0x08001144        0xc out/custom_tasks.o
 .text.custom_on_tx_timeout
                0x08001150        0xc out/custom_tasks.o
 .text.custom_on_rx_error
                0x0800115c        0xc out/custom_tasks.o
 .text.custom_on_rx_timeout
                0x08001168        0xc out/custom_tasks.o
 .text.custom_on_rx_done
                0x08001174       0x50 out/custom_tasks.o
 .text.custom_set_config
                0x080011c4       0x1c out/custom_tasks.o
                0x080011c4                custom_set_config
 .text.custom_get_config
                0x080011e0       0x18 out/custom_tasks.o
                0x080011e0                custom_get_config
 .text.custom_off
                0x080011f8       0x50 out/custom_tasks.o
                0x080011f8                custom_off
 .text.test_stop3_wfi
                0x08001248      0x100 out/custom_tasks.o
                0x08001248                test_stop3_wfi
 .text.custom_sleep
                0x08001348       0x48 out/custom_tasks.o
                0x08001348                custom_sleep
 .text.custom_tx_start
                0x08001390      0x118 out/custom_tasks.o
                0x08001390                custom_tx_start
 .text.custom_rx_start
                0x080014a8       0xd4 out/custom_tasks.o
                0x080014a8                custom_rx_start
 .text.AT_reset
                0x0800157c        0xa out/lora_at.o
                0x0800157c                AT_reset
 .text.AT_return_error
                0x08001586        0x4 out/lora_at.o
                0x08001586                AT_return_error
 *fill*         0x0800158a        0x2 
 .text.AT_custom_get_config
                0x0800158c       0x84 out/lora_at.o
                0x0800158c                AT_custom_get_config
 .text.AT_custom_set_config
                0x08001610       0x98 out/lora_at.o
                0x08001610                AT_custom_set_config
 .text.hex_char_to_byte
                0x080016a8       0x2c out/lora_at.o
                0x080016a8                hex_char_to_byte
 .text.AT_custom_tx
                0x080016d4       0x5c out/lora_at.o
                0x080016d4                AT_custom_tx
 .text.AT_custom_rx
                0x08001730       0x10 out/lora_at.o
                0x08001730                AT_custom_rx
 .text.AT_custom_off
                0x08001740        0xa out/lora_at.o
                0x08001740                AT_custom_off
 .text.AT_custom_low_power
                0x0800174a        0xa out/lora_at.o
                0x0800174a                AT_custom_low_power
 .text.CMD_Init
                0x08001754       0x18 out/lora_command.o
                0x08001754                CMD_Init
 .text.CMD_Process
                0x0800176c      0x1d0 out/lora_command.o
                0x0800176c                CMD_Process
 .text.CMD_GetChar
                0x0800193c       0x38 out/lora_command.o
                0x0800193c                CMD_GetChar
 .text.uart_log_init
                0x08001974       0xb4 out/main.o
                0x08001974                uart_log_init
 .text.board_init
                0x08001a28       0x8c out/main.o
                0x08001a28                board_init
 .text.startup.main
                0x08001ab4        0xe out/main.o
                0x08001ab4                main
 *fill*         0x08001ac2        0x2 
 .text._sbrk    0x08001ac4       0x38 out/syscalls.o
                0x08001ac4                _sbrk
 .text.NMI_Handler
                0x08001afc        0x2 out/tremo_it.o
                0x08001afc                NMI_Handler
 .text.HardFault_Handler
                0x08001afe        0x2 out/tremo_it.o
                0x08001afe                HardFault_Handler
 .text.MemManage_Handler
                0x08001b00        0x2 out/tremo_it.o
                0x08001b00                MemManage_Handler
 .text.BusFault_Handler
                0x08001b02        0x2 out/tremo_it.o
                0x08001b02                BusFault_Handler
 .text.UsageFault_Handler
                0x08001b04        0x2 out/tremo_it.o
                0x08001b04                UsageFault_Handler
 .text.SVC_Handler
                0x08001b06        0x2 out/tremo_it.o
                0x08001b06                SVC_Handler
 .text.PendSV_Handler
                0x08001b08        0x2 out/tremo_it.o
                0x08001b08                PendSV_Handler
 .text.SysTick_Handler
                0x08001b0a        0x2 out/tremo_it.o
                0x08001b0a                SysTick_Handler
 .text.PWR_IRQHandler
                0x08001b0c        0x2 out/tremo_it.o
                0x08001b0c                PWR_IRQHandler
 .text.LORA_IRQHandler
                0x08001b0e        0x4 out/tremo_it.o
                0x08001b0e                LORA_IRQHandler
 *fill*         0x08001b12        0x2 
 .text.GPIO_IRQHandler
                0x08001b14       0x34 out/tremo_it.o
                0x08001b14                GPIO_IRQHandler
 .text._out_buffer
                0x08001b48        0x8 out/printf-stdarg.o
 .text._out_null
                0x08001b50        0x2 out/printf-stdarg.o
 .text._out_rev
                0x08001b52       0x7c out/printf-stdarg.o
 .text._ntoa_format
                0x08001bce      0x116 out/printf-stdarg.o
 .text._ntoa_long
                0x08001ce4       0x80 out/printf-stdarg.o
 .text._ntoa_long_long
                0x08001d64       0xac out/printf-stdarg.o
 .text._out_char
                0x08001e10       0x10 out/printf-stdarg.o
 .text._ftoa    0x08001e20      0x2e4 out/printf-stdarg.o
 *fill*         0x08002104        0x4 
 .text._etoa    0x08002108      0x384 out/printf-stdarg.o
 .text._vsnprintf
                0x0800248c      0x52c out/printf-stdarg.o
 .text.__wrap_printf
                0x080029b8       0x28 out/printf-stdarg.o
                0x080029b8                __wrap_printf
 .text.__wrap_sprintf
                0x080029e0       0x28 out/printf-stdarg.o
                0x080029e0                __wrap_sprintf
 .text.nvic_init
                0x08002a08       0x24 out/system_cm4.o
                0x08002a08                nvic_init
 .text.system_init
                0x08002a2c       0x44 out/system_cm4.o
                0x08002a2c                system_init
 .text.delay_init
                0x08002a70       0x48 out/tremo_delay.o
                0x08002a70                delay_init
 .text.delay_us
                0x08002ab8       0x30 out/tremo_delay.o
                0x08002ab8                delay_us
 .text.delay_ms
                0x08002ae8        0xa out/tremo_delay.o
                0x08002ae8                delay_ms
 *fill*         0x08002af2        0x2 
 .text.gpio_init
                0x08002af4      0x138 out/tremo_gpio.o
                0x08002af4                gpio_init
 .text.gpio_read
                0x08002c2c       0x12 out/tremo_gpio.o
                0x08002c2c                gpio_read
 .text.gpio_clear_interrupt
                0x08002c3e        0xe out/tremo_gpio.o
                0x08002c3e                gpio_clear_interrupt
 .text.gpio_config_interrupt
                0x08002c4c       0x20 out/tremo_gpio.o
                0x08002c4c                gpio_config_interrupt
 .text.gpio_get_interrupt_status
                0x08002c6c       0x14 out/tremo_gpio.o
                0x08002c6c                gpio_get_interrupt_status
 .text.gpio_set_iomux
                0x08002c80       0x44 out/tremo_gpio.o
                0x08002c80                gpio_set_iomux
 .text.lpuart_config_interrupt
                0x08002cc4       0x10 out/tremo_lpuart.o
                0x08002cc4                lpuart_config_interrupt
 .text.lpuart_config_rx
                0x08002cd4       0x26 out/tremo_lpuart.o
                0x08002cd4                lpuart_config_rx
 .text.lpuart_config_tx
                0x08002cfa       0x12 out/tremo_lpuart.o
                0x08002cfa                lpuart_config_tx
 .text.lpuart_get_rx_status
                0x08002d0c       0x12 out/tremo_lpuart.o
                0x08002d0c                lpuart_get_rx_status
 .text.lpuart_clear_rx_status
                0x08002d1e       0x18 out/tremo_lpuart.o
                0x08002d1e                lpuart_clear_rx_status
 .text.lpuart_get_rx_not_empty_status
                0x08002d36        0x8 out/tremo_lpuart.o
                0x08002d36                lpuart_get_rx_not_empty_status
 .text.lpuart_receive_data
                0x08002d3e       0x10 out/tremo_lpuart.o
                0x08002d3e                lpuart_receive_data
 *fill*         0x08002d4e        0x2 
 .text.lpuart_init
                0x08002d50       0x80 out/tremo_lpuart.o
                0x08002d50                lpuart_init
 .text.lpuart_deinit
                0x08002dd0       0x2c out/tremo_lpuart.o
                0x08002dd0                lpuart_deinit
 .text.deepsleep
                0x08002dfc       0xc8 out/tremo_pwr.o
                0x08002dfc                deepsleep
 .text.pwr_deepsleep_wfi
                0x08002ec4        0x6 out/tremo_pwr.o
                0x08002ec4                pwr_deepsleep_wfi
 *fill*         0x08002eca        0x2 
 .text.pwr_xo32k_lpm_cmd
                0x08002ecc       0x18 out/tremo_pwr.o
                0x08002ecc                pwr_xo32k_lpm_cmd
 .text.rcc_get_clk_freq
                0x08002ee4       0x9c out/tremo_rcc.o
                0x08002ee4                rcc_get_clk_freq
 .text.rcc_get_uart0_clk_source
                0x08002f80        0xc out/tremo_rcc.o
                0x08002f80                rcc_get_uart0_clk_source
 .text.rcc_get_uart1_clk_source
                0x08002f8c        0xc out/tremo_rcc.o
                0x08002f8c                rcc_get_uart1_clk_source
 .text.rcc_get_uart2_clk_source
                0x08002f98        0xc out/tremo_rcc.o
                0x08002f98                rcc_get_uart2_clk_source
 .text.rcc_get_uart3_clk_source
                0x08002fa4        0xc out/tremo_rcc.o
                0x08002fa4                rcc_get_uart3_clk_source
 .text.rcc_get_lpuart_clk_source
                0x08002fb0        0xc out/tremo_rcc.o
                0x08002fb0                rcc_get_lpuart_clk_source
 .text.rcc_enable_peripheral_clk
                0x08002fbc      0x4fe out/tremo_rcc.o
                0x08002fbc                rcc_enable_peripheral_clk
 *fill*         0x080034ba        0x2 
 .text.rcc_enable_oscillator
                0x080034bc       0xfc out/tremo_rcc.o
                0x080034bc                rcc_enable_oscillator
 .text.rcc_rst_peripheral
                0x080035b8       0x7c out/tremo_rcc.o
                0x080035b8                rcc_rst_peripheral
 .text.rtc_deinit
                0x08003634       0x1e out/tremo_rtc.o
                0x08003634                rtc_deinit
 *fill*         0x08003652        0x2 
 .text.rtc_check_syn
                0x08003654       0x14 out/tremo_rtc.o
                0x08003654                rtc_check_syn
 .text.rtc_calendar_cmd
                0x08003668       0x20 out/tremo_rtc.o
                0x08003668                rtc_calendar_cmd
 .text.rtc_cyc_cmd
                0x08003688       0x20 out/tremo_rtc.o
                0x08003688                rtc_cyc_cmd
 .text.rtc_config_cyc_wakeup
                0x080036a8       0x24 out/tremo_rtc.o
                0x080036a8                rtc_config_cyc_wakeup
 .text.rtc_get_calendar
                0x080036cc       0xc8 out/tremo_rtc.o
                0x080036cc                rtc_get_calendar
 .text.rtc_config_interrupt
                0x08003794       0x3c out/tremo_rtc.o
                0x08003794                rtc_config_interrupt
 .text.rtc_config_cyc_max
                0x080037d0       0x14 out/tremo_rtc.o
                0x080037d0                rtc_config_cyc_max
 .text.system_reset
                0x080037e4       0x20 out/tremo_system.o
                0x080037e4                system_reset
 .text.uart_get_flag_status
                0x08003804        0xc out/tremo_uart.o
                0x08003804                uart_get_flag_status
 .text.uart_send_data
                0x08003810        0xa out/tremo_uart.o
                0x08003810                uart_send_data
 .text.uart_config_init
                0x0800381a       0x1c out/tremo_uart.o
                0x0800381a                uart_config_init
 .text.uart_cmd
                0x08003836       0x12 out/tremo_uart.o
                0x08003836                uart_cmd
 .text.uart_init
                0x08003848      0x14c out/tremo_uart.o
                0x08003848                uart_init
 .text.DelayMs  0x08003994        0x4 out/delay.o
                0x08003994                DelayMs
 .text.TimeStampsUpdate
                0x08003998       0x2c out/timer.o
 .text.TimerInsertNewHeadTimer
                0x080039c4       0x1c out/timer.o
 .text.TimerInit
                0x080039e0       0x12 out/timer.o
                0x080039e0                TimerInit
 *fill*         0x080039f2        0x2 
 .text.TimerStart
                0x080039f4       0x7c out/timer.o
                0x080039f4                TimerStart
 .text.TimerStop
                0x08003a70       0x5c out/timer.o
                0x08003a70                TimerStop
 .text.TimerSetValue
                0x08003acc       0x10 out/timer.o
                0x08003acc                TimerSetValue
 .text.TimerGetCurrentTime
                0x08003adc       0x18 out/timer.o
                0x08003adc                TimerGetCurrentTime
 .text.TimerGetElapsedTime
                0x08003af4       0x12 out/timer.o
                0x08003af4                TimerGetElapsedTime
 .text.RadioCheckRfFrequency
                0x08003b06        0x4 out/radio.o
                0x08003b06                RadioCheckRfFrequency
 *fill*         0x08003b0a        0x2 
 .text.RadioOnTxTimeoutIrq
                0x08003b0c       0x14 out/radio.o
                0x08003b0c                RadioOnTxTimeoutIrq
 .text.RadioOnRxTimeoutIrq
                0x08003b20       0x14 out/radio.o
                0x08003b20                RadioOnRxTimeoutIrq
 .text.RadioStandby
                0x08003b34        0x6 out/radio.o
                0x08003b34                RadioStandby
 *fill*         0x08003b3a        0x2 
 .text.RadioInit
                0x08003b3c       0x6c out/radio.o
                0x08003b3c                RadioInit
 .text.RadioGetStatus
                0x08003ba8       0x1c out/radio.o
                0x08003ba8                RadioGetStatus
 .text.RadioSetChannel
                0x08003bc4        0x4 out/radio.o
                0x08003bc4                RadioSetChannel
 .text.RadioRssi
                0x08003bc8        0x8 out/radio.o
                0x08003bc8                RadioRssi
 .text.RadioRead
                0x08003bd0        0x4 out/radio.o
                0x08003bd0                RadioRead
 .text.RadioWrite
                0x08003bd4        0x4 out/radio.o
                0x08003bd4                RadioWrite
 .text.RadioSend
                0x08003bd8       0x54 out/radio.o
                0x08003bd8                RadioSend
 .text.RadioSleep
                0x08003c2c       0x14 out/radio.o
                0x08003c2c                RadioSleep
 .text.RadioSetRxDutyCycle
                0x08003c40        0x4 out/radio.o
                0x08003c40                RadioSetRxDutyCycle
 .text.RadioStartCad
                0x08003c44       0x6c out/radio.o
                0x08003c44                RadioStartCad
 .text.RadioSetTxContinuousWave
                0x08003cb0       0x4c out/radio.o
                0x08003cb0                RadioSetTxContinuousWave
 .text.RadioWriteBuffer
                0x08003cfc        0x4 out/radio.o
                0x08003cfc                RadioWriteBuffer
 .text.RadioReadBuffer
                0x08003d00        0x4 out/radio.o
                0x08003d00                RadioReadBuffer
 .text.RadioGetWakeupTime
                0x08003d04        0xa out/radio.o
                0x08003d04                RadioGetWakeupTime
 *fill*         0x08003d0e        0x2 
 .text.RadioOnCadTimeoutIrq
                0x08003d10       0x20 out/radio.o
                0x08003d10                RadioOnCadTimeoutIrq
 .text.RadioGetFskBandwidthRegValue
                0x08003d30       0x34 out/radio.o
 .text.RadioSetMaxPayloadLength
                0x08003d64       0x28 out/radio.o
                0x08003d64                RadioSetMaxPayloadLength
 .text.RadioSetModem
                0x08003d8c       0x30 out/radio.o
                0x08003d8c                RadioSetModem
 .text.RadioSetPublicNetwork
                0x08003dbc       0x3c out/radio.o
                0x08003dbc                RadioSetPublicNetwork
 .text.RadioRandom
                0x08003df8       0x3a out/radio.o
                0x08003df8                RadioRandom
 *fill*         0x08003e32        0x2 
 .text.RadioRx  0x08003e34       0x44 out/radio.o
                0x08003e34                RadioRx
 .text.RadioIsChannelFree
                0x08003e78       0x54 out/radio.o
                0x08003e78                RadioIsChannelFree
 .text.RadioRxBoosted
                0x08003ecc       0x40 out/radio.o
                0x08003ecc                RadioRxBoosted
 .text.RadioIrqProcess
                0x08003f0c      0x160 out/radio.o
                0x08003f0c                RadioIrqProcess
 .text.RadioSymbTime
                0x0800406c       0x2c out/radio.o
                0x0800406c                RadioSymbTime
 .text.RadioSetRxConfig
                0x08004098      0x21c out/radio.o
                0x08004098                RadioSetRxConfig
 *fill*         0x080042b4        0x4 
 .text.RadioSetTxConfig
                0x080042b8      0x190 out/radio.o
                0x080042b8                RadioSetTxConfig
 .text.RadioTimeOnAir
                0x08004448      0x180 out/radio.o
                0x08004448                RadioTimeOnAir
 .text.RadioOnDioIrq
                0x080045c8       0x24 out/radio.o
                0x080045c8                RadioOnDioIrq
 .text.SX126xGetOperatingMode
                0x080045ec        0xc out/sx126x.o
                0x080045ec                SX126xGetOperatingMode
 .text.SX126xSetOperatingMode
                0x080045f8        0xc out/sx126x.o
                0x080045f8                SX126xSetOperatingMode
 .text.SX126xCheckDeviceReady
                0x08004604       0x24 out/sx126x.o
                0x08004604                SX126xCheckDeviceReady
 .text.SX126xSetPayload
                0x08004628        0xa out/sx126x.o
                0x08004628                SX126xSetPayload
 .text.SX126xSetSyncWord
                0x08004632       0x12 out/sx126x.o
                0x08004632                SX126xSetSyncWord
 .text.SX126xSetCrcSeed
                0x08004644       0x28 out/sx126x.o
                0x08004644                SX126xSetCrcSeed
 .text.SX126xSetCrcPolynomial
                0x0800466c       0x28 out/sx126x.o
                0x0800466c                SX126xSetCrcPolynomial
 .text.SX126xSetWhiteningSeed
                0x08004694       0x38 out/sx126x.o
                0x08004694                SX126xSetWhiteningSeed
 .text.SX126xSetSleep
                0x080046cc       0x24 out/sx126x.o
                0x080046cc                SX126xSetSleep
 .text.SX126xSetStandby
                0x080046f0       0x2c out/sx126x.o
                0x080046f0                SX126xSetStandby
 .text.SX126xSetTx
                0x0800471c       0x2c out/sx126x.o
                0x0800471c                SX126xSetTx
 .text.SX126xSendPayload
                0x08004748       0x12 out/sx126x.o
                0x08004748                SX126xSendPayload
 *fill*         0x0800475a        0x2 
 .text.SX126xSetRx
                0x0800475c       0x2c out/sx126x.o
                0x0800475c                SX126xSetRx
 .text.SX126xSetRxBoosted
                0x08004788       0x38 out/sx126x.o
                0x08004788                SX126xSetRxBoosted
 .text.SX126xSetRxDutyCycle
                0x080047c0       0x3c out/sx126x.o
                0x080047c0                SX126xSetRxDutyCycle
 .text.SX126xSetCad
                0x080047fc       0x18 out/sx126x.o
                0x080047fc                SX126xSetCad
 .text.SX126xSetTxContinuousWave
                0x08004814        0xa out/sx126x.o
                0x08004814                SX126xSetTxContinuousWave
 .text.SX126xSetStopRxTimerOnPreambleDetect
                0x0800481e       0x16 out/sx126x.o
                0x0800481e                SX126xSetStopRxTimerOnPreambleDetect
 .text.SX126xSetLoRaSymbNumTimeout
                0x08004834       0x16 out/sx126x.o
                0x08004834                SX126xSetLoRaSymbNumTimeout
 .text.SX126xSetRegulatorMode
                0x0800484a       0x16 out/sx126x.o
                0x0800484a                SX126xSetRegulatorMode
 .text.SX126xCalibrateImage
                0x08004860       0x78 out/sx126x.o
                0x08004860                SX126xCalibrateImage
 .text.SX126xSetPaConfig
                0x080048d8       0x24 out/sx126x.o
                0x080048d8                SX126xSetPaConfig
 .text.SX126xSetDioIrqParams
                0x080048fc       0x38 out/sx126x.o
                0x080048fc                SX126xSetDioIrqParams
 .text.SX126xGetIrqStatus
                0x08004934       0x1e out/sx126x.o
                0x08004934                SX126xGetIrqStatus
 .text.SX126xSetDio2AsRfSwitchCtrl
                0x08004952       0x16 out/sx126x.o
                0x08004952                SX126xSetDio2AsRfSwitchCtrl
 .text.SX126xInit
                0x08004968       0x28 out/sx126x.o
                0x08004968                SX126xInit
 .text.SX126xSetRfFrequency
                0x08004990       0x5c out/sx126x.o
                0x08004990                SX126xSetRfFrequency
 .text.SX126xSetPacketType
                0x080049ec       0x20 out/sx126x.o
                0x080049ec                SX126xSetPacketType
 .text.SX126xGetPacketType
                0x08004a0c        0xc out/sx126x.o
                0x08004a0c                SX126xGetPacketType
 .text.SX126xSetTxParams
                0x08004a18       0xc4 out/sx126x.o
                0x08004a18                SX126xSetTxParams
 *fill*         0x08004adc        0x4 
 .text.SX126xSetModulationParams
                0x08004ae0       0xc8 out/sx126x.o
                0x08004ae0                SX126xSetModulationParams
 .text.SX126xSetPacketParams
                0x08004ba8       0xc4 out/sx126x.o
                0x08004ba8                SX126xSetPacketParams
 .text.SX126xSetCadParams
                0x08004c6c       0x3c out/sx126x.o
                0x08004c6c                SX126xSetCadParams
 .text.SX126xSetBufferBaseAddress
                0x08004ca8       0x1a out/sx126x.o
                0x08004ca8                SX126xSetBufferBaseAddress
 .text.SX126xGetRssiInst
                0x08004cc2       0x1a out/sx126x.o
                0x08004cc2                SX126xGetRssiInst
 .text.SX126xGetRxBufferStatus
                0x08004cdc       0x48 out/sx126x.o
                0x08004cdc                SX126xGetRxBufferStatus
 .text.SX126xGetPayload
                0x08004d24       0x30 out/sx126x.o
                0x08004d24                SX126xGetPayload
 .text.SX126xGetPacketStatus
                0x08004d54       0x7c out/sx126x.o
                0x08004d54                SX126xGetPacketStatus
 .text.SX126xClearIrqStatus
                0x08004dd0       0x1c out/sx126x.o
                0x08004dd0                SX126xClearIrqStatus
 .text.RtcInit  0x08004dec       0x30 out/rtc-board.o
                0x08004dec                RtcInit
 .text.RtcSetTimeout
                0x08004e1c       0x70 out/rtc-board.o
                0x08004e1c                RtcSetTimeout
 .text.RtcStopTimeout
                0x08004e8c       0x14 out/rtc-board.o
                0x08004e8c                RtcStopTimeout
 .text.RtcGetTimerContext
                0x08004ea0        0xc out/rtc-board.o
                0x08004ea0                RtcGetTimerContext
 *fill*         0x08004eac        0x4 
 .text.RtcGetTimerValue
                0x08004eb0      0x10c out/rtc-board.o
                0x08004eb0                RtcGetTimerValue
 .text.RtcSetTimerContext
                0x08004fbc       0x14 out/rtc-board.o
                0x08004fbc                RtcSetTimerContext
 .text.RtcGetElapsedTime
                0x08004fd0       0x18 out/rtc-board.o
                0x08004fd0                RtcGetElapsedTime
 .text.BoardDisableIrq
                0x08004fe8        0x4 out/sx1262-board.o
                0x08004fe8                BoardDisableIrq
 .text.BoardEnableIrq
                0x08004fec        0x4 out/sx1262-board.o
                0x08004fec                BoardEnableIrq
 .text.SpiInOut
                0x08004ff0       0x18 out/sx1262-board.o
                0x08004ff0                SpiInOut
 .text.SX126xLoracInit
                0x08005008       0x7c out/sx1262-board.o
                0x08005008                SX126xLoracInit
 .text.SX126xGetBoardTcxoWakeupTime
                0x08005084        0x4 out/sx1262-board.o
                0x08005084                SX126xGetBoardTcxoWakeupTime
 .text.SX126xReset
                0x08005088       0x54 out/sx1262-board.o
                0x08005088                SX126xReset
 .text.SX126xWaitOnBusy
                0x080050dc       0x18 out/sx1262-board.o
                0x080050dc                SX126xWaitOnBusy
 .text.SX126xWakeup
                0x080050f4       0x30 out/sx1262-board.o
                0x080050f4                SX126xWakeup
 .text.SX126xWriteCommand
                0x08005124       0x4c out/sx1262-board.o
                0x08005124                SX126xWriteCommand
 .text.SX126xReadCommand
                0x08005170       0x48 out/sx1262-board.o
                0x08005170                SX126xReadCommand
 .text.SX126xWriteRegisters
                0x080051b8       0x4c out/sx1262-board.o
                0x080051b8                SX126xWriteRegisters
 .text.SX126xWriteRegister
                0x08005204       0x16 out/sx1262-board.o
                0x08005204                SX126xWriteRegister
 *fill*         0x0800521a        0x2 
 .text.SX126xReadRegisters
                0x0800521c       0x54 out/sx1262-board.o
                0x0800521c                SX126xReadRegisters
 .text.SX126xReadRegister
                0x08005270       0x16 out/sx1262-board.o
                0x08005270                SX126xReadRegister
 *fill*         0x08005286        0x2 
 .text.SX126xWriteBuffer
                0x08005288       0x4c out/sx1262-board.o
                0x08005288                SX126xWriteBuffer
 .text.SX126xReadBuffer
                0x080052d4       0x54 out/sx1262-board.o
                0x080052d4                SX126xReadBuffer
 .text.SX126xSetRfTxPower
                0x08005328        0x6 out/sx1262-board.o
                0x08005328                SX126xSetRfTxPower
 .text.SX126xGetPaSelect
                0x0800532e        0x4 out/sx1262-board.o
                0x0800532e                SX126xGetPaSelect
 *fill*         0x08005332        0x2 
 .text.SX126xAntSwOn
                0x08005334       0x10 out/sx1262-board.o
                0x08005334                SX126xAntSwOn
 .text.SX126xAntSwOff
                0x08005344       0x10 out/sx1262-board.o
                0x08005344                SX126xAntSwOff
 .text.rand1    0x08005354       0x28 out/utilities.o
                0x08005354                rand1
 .text.Reset_Handler
                0x0800537c       0x48 out/startup_cm4.o
                0x0800537c                Reset_Handler
 .text.Default_Handler
                0x080053c4        0x2 out/startup_cm4.o
                0x080053c4                SCC_IRQHandler
                0x080053c4                TIMER2_IRQHandler
                0x080053c4                EFC_IRQHandler
                0x080053c4                I2C0_IRQHandler
                0x080053c4                SAC_IRQHandler
                0x080053c4                I2C1_IRQHandler
                0x080053c4                UART1_IRQHandler
                0x080053c4                BSTIMER0_IRQHandler
                0x080053c4                TIMER3_IRQHandler
                0x080053c4                UART0_IRQHandler
                0x080053c4                SEC_IRQHandler
                0x080053c4                WDG_IRQHandler
                0x080053c4                LPTIMER1_IRQHandler
                0x080053c4                LPTIMER0_IRQHandler
                0x080053c4                SSP0_IRQHandler
                0x080053c4                I2S_IRQHandler
                0x080053c4                I2C2_IRQHandler
                0x080053c4                RTC_IRQHandler
                0x080053c4                TIMER0_IRQHandler
                0x080053c4                LCD_IRQHandler
                0x080053c4                LPUART_IRQHandler
                0x080053c4                TIMER1_IRQHandler
                0x080053c4                UART2_IRQHandler
                0x080053c4                Default_Handler
                0x080053c4                ADC_IRQHandler
                0x080053c4                SSP1_IRQHandler
                0x080053c4                DMA0_IRQHandler
                0x080053c4                IWDG_IRQHandler
                0x080053c4                SSP2_IRQHandler
                0x080053c4                BSTIMER1_IRQHandler
                0x080053c4                DAC_IRQHandler
                0x080053c4                AFEC_IRQHandler
                0x080053c4                UART3_IRQHandler
                0x080053c4                QSPI_IRQHandler
                0x080053c4                DMA1_IRQHandler
 *fill*         0x080053c6        0x2 
 .text.__errno  0x080053c8        0xc c:/program files (x86)/gnu tools arm embedded/6 2017-q2-update/bin/../lib/gcc/arm-none-eabi/6.3.1/../../../../arm-none-eabi/lib/thumb/v7e-m\libc.a(lib_a-errno.o)
                0x080053c8                __errno
 .text.__libc_init_array
                0x080053d4       0x50 c:/program files (x86)/gnu tools arm embedded/6 2017-q2-update/bin/../lib/gcc/arm-none-eabi/6.3.1/../../../../arm-none-eabi/lib/thumb/v7e-m\libc.a(lib_a-init.o)
                0x080053d4                __libc_init_array
 .text.memset   0x08005424       0x9c c:/program files (x86)/gnu tools arm embedded/6 2017-q2-update/bin/../lib/gcc/arm-none-eabi/6.3.1/../../../../arm-none-eabi/lib/thumb/v7e-m\libc.a(lib_a-memset.o)
                0x08005424                memset
 .text.sscanf   0x080054c0       0x58 c:/program files (x86)/gnu tools arm embedded/6 2017-q2-update/bin/../lib/gcc/arm-none-eabi/6.3.1/../../../../arm-none-eabi/lib/thumb/v7e-m\libc.a(lib_a-sscanf.o)
                0x080054c0                sscanf
 .text.__seofread
                0x08005518        0x4 c:/program files (x86)/gnu tools arm embedded/6 2017-q2-update/bin/../lib/gcc/arm-none-eabi/6.3.1/../../../../arm-none-eabi/lib/thumb/v7e-m\libc.a(lib_a-stdio.o)
                0x08005518                __seofread
 .text.strncmp  0x0800551c       0xa4 c:/program files (x86)/gnu tools arm embedded/6 2017-q2-update/bin/../lib/gcc/arm-none-eabi/6.3.1/../../../../arm-none-eabi/lib/thumb/v7e-m\libc.a(lib_a-strncmp.o)
                0x0800551c                strncmp
 .text._strtol_l.isra.0
                0x080055c0      0x128 c:/program files (x86)/gnu tools arm embedded/6 2017-q2-update/bin/../lib/gcc/arm-none-eabi/6.3.1/../../../../arm-none-eabi/lib/thumb/v7e-m\libc.a(lib_a-strtol.o)
 .text._strtol_r
                0x080056e8       0x24 c:/program files (x86)/gnu tools arm embedded/6 2017-q2-update/bin/../lib/gcc/arm-none-eabi/6.3.1/../../../../arm-none-eabi/lib/thumb/v7e-m\libc.a(lib_a-strtol.o)
                0x080056e8                _strtol_r
 .text.__ssvfscanf_r
                0x0800570c      0xe14 c:/program files (x86)/gnu tools arm embedded/6 2017-q2-update/bin/../lib/gcc/arm-none-eabi/6.3.1/../../../../arm-none-eabi/lib/thumb/v7e-m\libc.a(lib_a-svfscanf.o)
                0x0800570c                __ssvfscanf_r
 .text.startup.register_fini
                0x08006520       0x14 c:/program files (x86)/gnu tools arm embedded/6 2017-q2-update/bin/../lib/gcc/arm-none-eabi/6.3.1/../../../../arm-none-eabi/lib/thumb/v7e-m\libc.a(lib_a-__call_atexit.o)
 .text.atexit   0x08006534        0xc c:/program files (x86)/gnu tools arm embedded/6 2017-q2-update/bin/../lib/gcc/arm-none-eabi/6.3.1/../../../../arm-none-eabi/lib/thumb/v7e-m\libc.a(lib_a-atexit.o)
                0x08006534                atexit
 .text.__libc_fini_array
                0x08006540       0x34 c:/program files (x86)/gnu tools arm embedded/6 2017-q2-update/bin/../lib/gcc/arm-none-eabi/6.3.1/../../../../arm-none-eabi/lib/thumb/v7e-m\libc.a(lib_a-fini.o)
                0x08006540                __libc_fini_array
 .text.iswspace
                0x08006574       0x1c c:/program files (x86)/gnu tools arm embedded/6 2017-q2-update/bin/../lib/gcc/arm-none-eabi/6.3.1/../../../../arm-none-eabi/lib/thumb/v7e-m\libc.a(lib_a-iswspace.o)
                0x08006574                iswspace
 .text.__locale_mb_cur_max
                0x08006590       0x1c c:/program files (x86)/gnu tools arm embedded/6 2017-q2-update/bin/../lib/gcc/arm-none-eabi/6.3.1/../../../../arm-none-eabi/lib/thumb/v7e-m\libc.a(lib_a-locale.o)
                0x08006590                __locale_mb_cur_max
 .text.__locale_ctype_ptr_l
                0x080065ac        0x8 c:/program files (x86)/gnu tools arm embedded/6 2017-q2-update/bin/../lib/gcc/arm-none-eabi/6.3.1/../../../../arm-none-eabi/lib/thumb/v7e-m\libc.a(lib_a-locale.o)
                0x080065ac                __locale_ctype_ptr_l
 .text.__locale_ctype_ptr
                0x080065b4       0x1c c:/program files (x86)/gnu tools arm embedded/6 2017-q2-update/bin/../lib/gcc/arm-none-eabi/6.3.1/../../../../arm-none-eabi/lib/thumb/v7e-m\libc.a(lib_a-locale.o)
                0x080065b4                __locale_ctype_ptr
 .text.__localeconv_l
                0x080065d0        0x4 c:/program files (x86)/gnu tools arm embedded/6 2017-q2-update/bin/../lib/gcc/arm-none-eabi/6.3.1/../../../../arm-none-eabi/lib/thumb/v7e-m\libc.a(lib_a-localeconv.o)
                0x080065d0                __localeconv_l
 .text._localeconv_r
                0x080065d4       0x1c c:/program files (x86)/gnu tools arm embedded/6 2017-q2-update/bin/../lib/gcc/arm-none-eabi/6.3.1/../../../../arm-none-eabi/lib/thumb/v7e-m\libc.a(lib_a-localeconv.o)
                0x080065d4                _localeconv_r
 .text.__retarget_lock_acquire_recursive
                0x080065f0        0x4 c:/program files (x86)/gnu tools arm embedded/6 2017-q2-update/bin/../lib/gcc/arm-none-eabi/6.3.1/../../../../arm-none-eabi/lib/thumb/v7e-m\libc.a(lib_a-lock.o)
                0x080065f0                __retarget_lock_acquire_recursive
 .text.__retarget_lock_release_recursive
                0x080065f4        0x4 c:/program files (x86)/gnu tools arm embedded/6 2017-q2-update/bin/../lib/gcc/arm-none-eabi/6.3.1/../../../../arm-none-eabi/lib/thumb/v7e-m\libc.a(lib_a-lock.o)
                0x080065f4                __retarget_lock_release_recursive
 .text._mbrtowc_r
                0x080065f8       0x5c c:/program files (x86)/gnu tools arm embedded/6 2017-q2-update/bin/../lib/gcc/arm-none-eabi/6.3.1/../../../../arm-none-eabi/lib/thumb/v7e-m\libc.a(lib_a-mbrtowc.o)
                0x080065f8                _mbrtowc_r
 .text.__ascii_mbtowc
                0x08006654       0x2c c:/program files (x86)/gnu tools arm embedded/6 2017-q2-update/bin/../lib/gcc/arm-none-eabi/6.3.1/../../../../arm-none-eabi/lib/thumb/v7e-m\libc.a(lib_a-mbtowc_r.o)
                0x08006654                __ascii_mbtowc
 .text.__sccl   0x08006680       0x74 c:/program files (x86)/gnu tools arm embedded/6 2017-q2-update/bin/../lib/gcc/arm-none-eabi/6.3.1/../../../../arm-none-eabi/lib/thumb/v7e-m\libc.a(lib_a-sccl.o)
                0x08006680                __sccl
 .text.nanf     0x080066f4        0x8 c:/program files (x86)/gnu tools arm embedded/6 2017-q2-update/bin/../lib/gcc/arm-none-eabi/6.3.1/../../../../arm-none-eabi/lib/thumb/v7e-m\libc.a(lib_a-sf_nan.o)
                0x080066f4                nanf
 .text.unlikely.sulp
                0x080066fc       0x42 c:/program files (x86)/gnu tools arm embedded/6 2017-q2-update/bin/../lib/gcc/arm-none-eabi/6.3.1/../../../../arm-none-eabi/lib/thumb/v7e-m\libc.a(lib_a-strtod.o)
 *fill*         0x0800673e        0x2 
 .text._strtod_l
                0x08006740      0xeb8 c:/program files (x86)/gnu tools arm embedded/6 2017-q2-update/bin/../lib/gcc/arm-none-eabi/6.3.1/../../../../arm-none-eabi/lib/thumb/v7e-m\libc.a(lib_a-strtod.o)
                0x08006740                _strtod_l
 .text._strtod_r
                0x080075f8       0x20 c:/program files (x86)/gnu tools arm embedded/6 2017-q2-update/bin/../lib/gcc/arm-none-eabi/6.3.1/../../../../arm-none-eabi/lib/thumb/v7e-m\libc.a(lib_a-strtod.o)
                0x080075f8                _strtod_r
 .text._strtoll_l.isra.0
                0x08007618      0x19c c:/program files (x86)/gnu tools arm embedded/6 2017-q2-update/bin/../lib/gcc/arm-none-eabi/6.3.1/../../../../arm-none-eabi/lib/thumb/v7e-m\libc.a(lib_a-strtoll.o)
 .text._strtoll_r
                0x080077b4       0x24 c:/program files (x86)/gnu tools arm embedded/6 2017-q2-update/bin/../lib/gcc/arm-none-eabi/6.3.1/../../../../arm-none-eabi/lib/thumb/v7e-m\libc.a(lib_a-strtoll.o)
                0x080077b4                _strtoll_r
 .text._strtoul_l.isra.0
                0x080077d8      0x148 c:/program files (x86)/gnu tools arm embedded/6 2017-q2-update/bin/../lib/gcc/arm-none-eabi/6.3.1/../../../../arm-none-eabi/lib/thumb/v7e-m\libc.a(lib_a-strtoul.o)
 .text._strtoul_r
                0x08007920       0x24 c:/program files (x86)/gnu tools arm embedded/6 2017-q2-update/bin/../lib/gcc/arm-none-eabi/6.3.1/../../../../arm-none-eabi/lib/thumb/v7e-m\libc.a(lib_a-strtoul.o)
                0x08007920                _strtoul_r
 .text._strtoull_l.isra.0
                0x08007944      0x1bc c:/program files (x86)/gnu tools arm embedded/6 2017-q2-update/bin/../lib/gcc/arm-none-eabi/6.3.1/../../../../arm-none-eabi/lib/thumb/v7e-m\libc.a(lib_a-strtoull.o)
 .text._strtoull_r
                0x08007b00       0x24 c:/program files (x86)/gnu tools arm embedded/6 2017-q2-update/bin/../lib/gcc/arm-none-eabi/6.3.1/../../../../arm-none-eabi/lib/thumb/v7e-m\libc.a(lib_a-strtoull.o)
                0x08007b00                _strtoull_r
 .text._sungetc_r
                0x08007b24       0x80 c:/program files (x86)/gnu tools arm embedded/6 2017-q2-update/bin/../lib/gcc/arm-none-eabi/6.3.1/../../../../arm-none-eabi/lib/thumb/v7e-m\libc.a(lib_a-svfiscanf.o)
                0x08007b24                _sungetc_r
 .text.__ssrefill_r
                0x08007ba4       0x3c c:/program files (x86)/gnu tools arm embedded/6 2017-q2-update/bin/../lib/gcc/arm-none-eabi/6.3.1/../../../../arm-none-eabi/lib/thumb/v7e-m\libc.a(lib_a-svfiscanf.o)
                0x08007ba4                __ssrefill_r
 .text._sfread_r
                0x08007be0       0x80 c:/program files (x86)/gnu tools arm embedded/6 2017-q2-update/bin/../lib/gcc/arm-none-eabi/6.3.1/../../../../arm-none-eabi/lib/thumb/v7e-m\libc.a(lib_a-svfiscanf.o)
                0x08007be0                _sfread_r
 .text.__submore
                0x08007c60       0x78 c:/program files (x86)/gnu tools arm embedded/6 2017-q2-update/bin/../lib/gcc/arm-none-eabi/6.3.1/../../../../arm-none-eabi/lib/thumb/v7e-m\libc.a(lib_a-ungetc.o)
                0x08007c60                __submore
 .text.__ascii_wctomb
                0x08007cd8       0x1c c:/program files (x86)/gnu tools arm embedded/6 2017-q2-update/bin/../lib/gcc/arm-none-eabi/6.3.1/../../../../arm-none-eabi/lib/thumb/v7e-m\libc.a(lib_a-wctomb_r.o)
                0x08007cd8                __ascii_wctomb
 .text.__register_exitproc
                0x08007cf4       0xc4 c:/program files (x86)/gnu tools arm embedded/6 2017-q2-update/bin/../lib/gcc/arm-none-eabi/6.3.1/../../../../arm-none-eabi/lib/thumb/v7e-m\libc.a(lib_a-__atexit.o)
                0x08007cf4                __register_exitproc
 .text._malloc_trim_r
                0x08007db8       0xa0 c:/program files (x86)/gnu tools arm embedded/6 2017-q2-update/bin/../lib/gcc/arm-none-eabi/6.3.1/../../../../arm-none-eabi/lib/thumb/v7e-m\libc.a(lib_a-freer.o)
                0x08007db8                _malloc_trim_r
 .text._free_r  0x08007e58      0x1cc c:/program files (x86)/gnu tools arm embedded/6 2017-q2-update/bin/../lib/gcc/arm-none-eabi/6.3.1/../../../../arm-none-eabi/lib/thumb/v7e-m\libc.a(lib_a-freer.o)
                0x08007e58                _free_r
 .text.rshift   0x08008024       0x98 c:/program files (x86)/gnu tools arm embedded/6 2017-q2-update/bin/../lib/gcc/arm-none-eabi/6.3.1/../../../../arm-none-eabi/lib/thumb/v7e-m\libc.a(lib_a-gdtoa-gethex.o)
 .text.__gethex
                0x080080bc      0x518 c:/program files (x86)/gnu tools arm embedded/6 2017-q2-update/bin/../lib/gcc/arm-none-eabi/6.3.1/../../../../arm-none-eabi/lib/thumb/v7e-m\libc.a(lib_a-gdtoa-gethex.o)
                0x080080bc                __gethex
 .text.__match  0x080085d4       0x30 c:/program files (x86)/gnu tools arm embedded/6 2017-q2-update/bin/../lib/gcc/arm-none-eabi/6.3.1/../../../../arm-none-eabi/lib/thumb/v7e-m\libc.a(lib_a-gdtoa-hexnan.o)
                0x080085d4                __match
 .text.__hexnan
                0x08008604      0x184 c:/program files (x86)/gnu tools arm embedded/6 2017-q2-update/bin/../lib/gcc/arm-none-eabi/6.3.1/../../../../arm-none-eabi/lib/thumb/v7e-m\libc.a(lib_a-gdtoa-hexnan.o)
                0x08008604                __hexnan
 .text._malloc_r
                0x08008788      0x560 c:/program files (x86)/gnu tools arm embedded/6 2017-q2-update/bin/../lib/gcc/arm-none-eabi/6.3.1/../../../../arm-none-eabi/lib/thumb/v7e-m\libc.a(lib_a-mallocr.o)
                0x08008788                _malloc_r
 .text.__malloc_lock
                0x08008ce8        0xc c:/program files (x86)/gnu tools arm embedded/6 2017-q2-update/bin/../lib/gcc/arm-none-eabi/6.3.1/../../../../arm-none-eabi/lib/thumb/v7e-m\libc.a(lib_a-mlock.o)
                0x08008ce8                __malloc_lock
 .text.__malloc_unlock
                0x08008cf4        0xc c:/program files (x86)/gnu tools arm embedded/6 2017-q2-update/bin/../lib/gcc/arm-none-eabi/6.3.1/../../../../arm-none-eabi/lib/thumb/v7e-m\libc.a(lib_a-mlock.o)
                0x08008cf4                __malloc_unlock
 .text._Balloc  0x08008d00       0x4c c:/program files (x86)/gnu tools arm embedded/6 2017-q2-update/bin/../lib/gcc/arm-none-eabi/6.3.1/../../../../arm-none-eabi/lib/thumb/v7e-m\libc.a(lib_a-mprec.o)
                0x08008d00                _Balloc
 .text._Bfree   0x08008d4c       0x14 c:/program files (x86)/gnu tools arm embedded/6 2017-q2-update/bin/../lib/gcc/arm-none-eabi/6.3.1/../../../../arm-none-eabi/lib/thumb/v7e-m\libc.a(lib_a-mprec.o)
                0x08008d4c                _Bfree
 .text.__multadd
                0x08008d60       0x80 c:/program files (x86)/gnu tools arm embedded/6 2017-q2-update/bin/../lib/gcc/arm-none-eabi/6.3.1/../../../../arm-none-eabi/lib/thumb/v7e-m\libc.a(lib_a-mprec.o)
                0x08008d60                __multadd
 .text.__s2b    0x08008de0       0x9c c:/program files (x86)/gnu tools arm embedded/6 2017-q2-update/bin/../lib/gcc/arm-none-eabi/6.3.1/../../../../arm-none-eabi/lib/thumb/v7e-m\libc.a(lib_a-mprec.o)
                0x08008de0                __s2b
 .text.__hi0bits
                0x08008e7c       0x40 c:/program files (x86)/gnu tools arm embedded/6 2017-q2-update/bin/../lib/gcc/arm-none-eabi/6.3.1/../../../../arm-none-eabi/lib/thumb/v7e-m\libc.a(lib_a-mprec.o)
                0x08008e7c                __hi0bits
 .text.__lo0bits
                0x08008ebc       0x60 c:/program files (x86)/gnu tools arm embedded/6 2017-q2-update/bin/../lib/gcc/arm-none-eabi/6.3.1/../../../../arm-none-eabi/lib/thumb/v7e-m\libc.a(lib_a-mprec.o)
                0x08008ebc                __lo0bits
 .text.__i2b    0x08008f1c       0x14 c:/program files (x86)/gnu tools arm embedded/6 2017-q2-update/bin/../lib/gcc/arm-none-eabi/6.3.1/../../../../arm-none-eabi/lib/thumb/v7e-m\libc.a(lib_a-mprec.o)
                0x08008f1c                __i2b
 .text.__multiply
                0x08008f30      0x124 c:/program files (x86)/gnu tools arm embedded/6 2017-q2-update/bin/../lib/gcc/arm-none-eabi/6.3.1/../../../../arm-none-eabi/lib/thumb/v7e-m\libc.a(lib_a-mprec.o)
                0x08008f30                __multiply
 .text.__pow5mult
                0x08009054       0xa0 c:/program files (x86)/gnu tools arm embedded/6 2017-q2-update/bin/../lib/gcc/arm-none-eabi/6.3.1/../../../../arm-none-eabi/lib/thumb/v7e-m\libc.a(lib_a-mprec.o)
                0x08009054                __pow5mult
 .text.__lshift
                0x080090f4       0xa4 c:/program files (x86)/gnu tools arm embedded/6 2017-q2-update/bin/../lib/gcc/arm-none-eabi/6.3.1/../../../../arm-none-eabi/lib/thumb/v7e-m\libc.a(lib_a-mprec.o)
                0x080090f4                __lshift
 .text.__mcmp   0x08009198       0x38 c:/program files (x86)/gnu tools arm embedded/6 2017-q2-update/bin/../lib/gcc/arm-none-eabi/6.3.1/../../../../arm-none-eabi/lib/thumb/v7e-m\libc.a(lib_a-mprec.o)
                0x08009198                __mcmp
 .text.__mdiff  0x080091d0      0x108 c:/program files (x86)/gnu tools arm embedded/6 2017-q2-update/bin/../lib/gcc/arm-none-eabi/6.3.1/../../../../arm-none-eabi/lib/thumb/v7e-m\libc.a(lib_a-mprec.o)
                0x080091d0                __mdiff
 .text.__ulp    0x080092d8       0x44 c:/program files (x86)/gnu tools arm embedded/6 2017-q2-update/bin/../lib/gcc/arm-none-eabi/6.3.1/../../../../arm-none-eabi/lib/thumb/v7e-m\libc.a(lib_a-mprec.o)
                0x080092d8                __ulp
 .text.__b2d    0x0800931c       0xd0 c:/program files (x86)/gnu tools arm embedded/6 2017-q2-update/bin/../lib/gcc/arm-none-eabi/6.3.1/../../../../arm-none-eabi/lib/thumb/v7e-m\libc.a(lib_a-mprec.o)
                0x0800931c                __b2d
 .text.__d2b    0x080093ec       0xb8 c:/program files (x86)/gnu tools arm embedded/6 2017-q2-update/bin/../lib/gcc/arm-none-eabi/6.3.1/../../../../arm-none-eabi/lib/thumb/v7e-m\libc.a(lib_a-mprec.o)
                0x080093ec                __d2b
 .text.__ratio  0x080094a4       0x58 c:/program files (x86)/gnu tools arm embedded/6 2017-q2-update/bin/../lib/gcc/arm-none-eabi/6.3.1/../../../../arm-none-eabi/lib/thumb/v7e-m\libc.a(lib_a-mprec.o)
                0x080094a4                __ratio
 .text.__copybits
                0x080094fc       0x48 c:/program files (x86)/gnu tools arm embedded/6 2017-q2-update/bin/../lib/gcc/arm-none-eabi/6.3.1/../../../../arm-none-eabi/lib/thumb/v7e-m\libc.a(lib_a-mprec.o)
                0x080094fc                __copybits
 .text.__any_on
                0x08009544       0x5c c:/program files (x86)/gnu tools arm embedded/6 2017-q2-update/bin/../lib/gcc/arm-none-eabi/6.3.1/../../../../arm-none-eabi/lib/thumb/v7e-m\libc.a(lib_a-mprec.o)
                0x08009544                __any_on
 .text._realloc_r
                0x080095a0      0x34c c:/program files (x86)/gnu tools arm embedded/6 2017-q2-update/bin/../lib/gcc/arm-none-eabi/6.3.1/../../../../arm-none-eabi/lib/thumb/v7e-m\libc.a(lib_a-reallocr.o)
                0x080095a0                _realloc_r
 .text._sbrk_r  0x080098ec       0x24 c:/program files (x86)/gnu tools arm embedded/6 2017-q2-update/bin/../lib/gcc/arm-none-eabi/6.3.1/../../../../arm-none-eabi/lib/thumb/v7e-m\libc.a(lib_a-sbrkr.o)
                0x080098ec                _sbrk_r
 .text._calloc_r
                0x08009910       0x60 c:/program files (x86)/gnu tools arm embedded/6 2017-q2-update/bin/../lib/gcc/arm-none-eabi/6.3.1/../../../../arm-none-eabi/lib/thumb/v7e-m\libc.a(lib_a-callocr.o)
                0x08009910                _calloc_r
 .text.memmove  0x08009970       0xc8 c:/program files (x86)/gnu tools arm embedded/6 2017-q2-update/bin/../lib/gcc/arm-none-eabi/6.3.1/../../../../arm-none-eabi/lib/thumb/v7e-m\libc.a(lib_a-memmove.o)
                0x08009970                memmove
 .text.ceil     0x08009a38      0x120 c:/program files (x86)/gnu tools arm embedded/6 2017-q2-update/bin/../lib/gcc/arm-none-eabi/6.3.1/../../../../arm-none-eabi/lib/thumb/v7e-m\libm.a(lib_a-s_ceil.o)
                0x08009a38                ceil
 .text.floor    0x08009b58      0x118 c:/program files (x86)/gnu tools arm embedded/6 2017-q2-update/bin/../lib/gcc/arm-none-eabi/6.3.1/../../../../arm-none-eabi/lib/thumb/v7e-m\libm.a(lib_a-s_floor.o)
                0x08009b58                floor
 .text.rint     0x08009c70      0x114 c:/program files (x86)/gnu tools arm embedded/6 2017-q2-update/bin/../lib/gcc/arm-none-eabi/6.3.1/../../../../arm-none-eabi/lib/thumb/v7e-m\libm.a(lib_a-s_rint.o)
                0x08009c70                rint
 .text.round    0x08009d84       0xa0 c:/program files (x86)/gnu tools arm embedded/6 2017-q2-update/bin/../lib/gcc/arm-none-eabi/6.3.1/../../../../arm-none-eabi/lib/thumb/v7e-m\libm.a(lib_a-s_round.o)
                0x08009d84                round
 *(.glue_7)
 .glue_7        0x08009e24        0x0 linker stubs
 *(.glue_7t)
 .glue_7t       0x08009e24        0x0 linker stubs
 *(.eh_frame)
 .eh_frame      0x08009e24        0x0 c:/program files (x86)/gnu tools arm embedded/6 2017-q2-update/bin/../lib/gcc/arm-none-eabi/6.3.1/thumb/v7e-m/crtbegin.o
 *(.init)
 .init          0x08009e24        0x4 c:/program files (x86)/gnu tools arm embedded/6 2017-q2-update/bin/../lib/gcc/arm-none-eabi/6.3.1/thumb/v7e-m/crti.o
                0x08009e24                _init
 .init          0x08009e28        0x8 c:/program files (x86)/gnu tools arm embedded/6 2017-q2-update/bin/../lib/gcc/arm-none-eabi/6.3.1/thumb/v7e-m/crtn.o
 *(.fini)
 .fini          0x08009e30        0x4 c:/program files (x86)/gnu tools arm embedded/6 2017-q2-update/bin/../lib/gcc/arm-none-eabi/6.3.1/thumb/v7e-m/crti.o
                0x08009e30                _fini
 .fini          0x08009e34        0x8 c:/program files (x86)/gnu tools arm embedded/6 2017-q2-update/bin/../lib/gcc/arm-none-eabi/6.3.1/thumb/v7e-m/crtn.o
                0x08009e3c                . = ALIGN (0x4)
                0x08009e3c                _etext = .

.vfp11_veneer   0x08009e3c        0x0
 .vfp11_veneer  0x08009e3c        0x0 linker stubs

.v4_bx          0x08009e3c        0x0
 .v4_bx         0x08009e3c        0x0 linker stubs

.iplt           0x08009e3c        0x0
 .iplt          0x08009e3c        0x0 c:/program files (x86)/gnu tools arm embedded/6 2017-q2-update/bin/../lib/gcc/arm-none-eabi/6.3.1/thumb/v7e-m/crtbegin.o

.rodata         0x08009e40      0xcb0
                0x08009e40                . = ALIGN (0x4)
 *(.rodata)
 .rodata        0x08009e40        0x7 out/custom_tasks.o
 *fill*         0x08009e47        0x1 
 .rodata        0x08009e48       0x1c out/lora_at.o
 .rodata        0x08009e64       0xc4 out/lora_command.o
 .rodata        0x08009f28       0x50 out/printf-stdarg.o
 .rodata        0x08009f78      0x190 out/radio.o
                0x08009f7c                FskBandwidths
                0x0800a090                Bandwidths
                0x0800a09c                Radio
 .rodata        0x0800a108       0x18 out/rtc-board.o
 *(.rodata*)
 .rodata.str1.1
                0x0800a120       0x44 out/custom.o
 .rodata.str1.1
                0x0800a164      0x15c out/custom_tasks.o
 .rodata.str1.1
                0x0800a2c0       0xbb out/lora_at.o
 .rodata.str1.1
                0x0800a37b      0x383 out/lora_command.o
                                0x384 (size before relaxing)
 .rodata.str1.1
                0x0800a6fe       0x1f out/tremo_it.o
 .rodata.str1.1
                0x0800a71d       0x19 out/printf-stdarg.o
 *fill*         0x0800a736        0x2 
 .rodata._global_impure_ptr
                0x0800a738        0x4 c:/program files (x86)/gnu tools arm embedded/6 2017-q2-update/bin/../lib/gcc/arm-none-eabi/6.3.1/../../../../arm-none-eabi/lib/thumb/v7e-m\libc.a(lib_a-impure.o)
                0x0800a738                _global_impure_ptr
 .rodata.__ssvfscanf_r.str1.4
                0x0800a73c        0x5 c:/program files (x86)/gnu tools arm embedded/6 2017-q2-update/bin/../lib/gcc/arm-none-eabi/6.3.1/../../../../arm-none-eabi/lib/thumb/v7e-m\libc.a(lib_a-svfscanf.o)
 *fill*         0x0800a741        0x3 
 .rodata.basefix.7294
                0x0800a744       0x22 c:/program files (x86)/gnu tools arm embedded/6 2017-q2-update/bin/../lib/gcc/arm-none-eabi/6.3.1/../../../../arm-none-eabi/lib/thumb/v7e-m\libc.a(lib_a-svfscanf.o)
 *fill*         0x0800a766        0x2 
 .rodata._setlocale_r.str1.4
                0x0800a768        0xa c:/program files (x86)/gnu tools arm embedded/6 2017-q2-update/bin/../lib/gcc/arm-none-eabi/6.3.1/../../../../arm-none-eabi/lib/thumb/v7e-m\libc.a(lib_a-locale.o)
                                  0xd (size before relaxing)
 *fill*         0x0800a772        0x2 
 .rodata.str1.4
                0x0800a774        0x2 c:/program files (x86)/gnu tools arm embedded/6 2017-q2-update/bin/../lib/gcc/arm-none-eabi/6.3.1/../../../../arm-none-eabi/lib/thumb/v7e-m\libc.a(lib_a-locale.o)
 .rodata._mbrtowc_r.str1.4
                0x0800a776        0x1 c:/program files (x86)/gnu tools arm embedded/6 2017-q2-update/bin/../lib/gcc/arm-none-eabi/6.3.1/../../../../arm-none-eabi/lib/thumb/v7e-m\libc.a(lib_a-mbrtowc.o)
 *fill*         0x0800a776        0x2 
 .rodata._strtod_l.str1.4
                0x0800a778       0x10 c:/program files (x86)/gnu tools arm embedded/6 2017-q2-update/bin/../lib/gcc/arm-none-eabi/6.3.1/../../../../arm-none-eabi/lib/thumb/v7e-m\libc.a(lib_a-strtod.o)
                                  0xf (size before relaxing)
 .rodata.fpi.6141
                0x0800a788       0x14 c:/program files (x86)/gnu tools arm embedded/6 2017-q2-update/bin/../lib/gcc/arm-none-eabi/6.3.1/../../../../arm-none-eabi/lib/thumb/v7e-m\libc.a(lib_a-strtod.o)
 .rodata.fpinan.6177
                0x0800a79c       0x14 c:/program files (x86)/gnu tools arm embedded/6 2017-q2-update/bin/../lib/gcc/arm-none-eabi/6.3.1/../../../../arm-none-eabi/lib/thumb/v7e-m\libc.a(lib_a-strtod.o)
 .rodata.tinytens
                0x0800a7b0       0x28 c:/program files (x86)/gnu tools arm embedded/6 2017-q2-update/bin/../lib/gcc/arm-none-eabi/6.3.1/../../../../arm-none-eabi/lib/thumb/v7e-m\libc.a(lib_a-strtod.o)
 .rodata._ctype_
                0x0800a7d8      0x101 c:/program files (x86)/gnu tools arm embedded/6 2017-q2-update/bin/../lib/gcc/arm-none-eabi/6.3.1/../../../../arm-none-eabi/lib/thumb/v7e-m\libc.a(lib_a-ctype_.o)
                0x0800a7d8                _ctype_
 *fill*         0x0800a8d9        0x3 
 .rodata.__hexdig
                0x0800a8dc      0x100 c:/program files (x86)/gnu tools arm embedded/6 2017-q2-update/bin/../lib/gcc/arm-none-eabi/6.3.1/../../../../arm-none-eabi/lib/thumb/v7e-m\libc.a(lib_a-gdtoa-gethex.o)
                0x0800a8dc                __hexdig
 *fill*         0x0800a9dc        0x4 
 .rodata.__mprec_bigtens
                0x0800a9e0       0x28 c:/program files (x86)/gnu tools arm embedded/6 2017-q2-update/bin/../lib/gcc/arm-none-eabi/6.3.1/../../../../arm-none-eabi/lib/thumb/v7e-m\libc.a(lib_a-mprec.o)
                0x0800a9e0                __mprec_bigtens
 .rodata.__mprec_tens
                0x0800aa08       0xc8 c:/program files (x86)/gnu tools arm embedded/6 2017-q2-update/bin/../lib/gcc/arm-none-eabi/6.3.1/../../../../arm-none-eabi/lib/thumb/v7e-m\libc.a(lib_a-mprec.o)
                0x0800aa08                __mprec_tens
 .rodata.p05.6055
                0x0800aad0        0xc c:/program files (x86)/gnu tools arm embedded/6 2017-q2-update/bin/../lib/gcc/arm-none-eabi/6.3.1/../../../../arm-none-eabi/lib/thumb/v7e-m\libc.a(lib_a-mprec.o)
 *fill*         0x0800aadc        0x4 
 .rodata.TWO52  0x0800aae0       0x10 c:/program files (x86)/gnu tools arm embedded/6 2017-q2-update/bin/../lib/gcc/arm-none-eabi/6.3.1/../../../../arm-none-eabi/lib/thumb/v7e-m\libm.a(lib_a-s_rint.o)
                0x0800aaf0                . = ALIGN (0x4)

.ARM.extab
 *(.ARM.extab* .gnu.linkonce.armextab.*)

.ARM            0x0800aaf0        0x8
                0x0800aaf0                __exidx_start = .
 *(.ARM.exidx*)
 .ARM.exidx     0x0800aaf0        0x8 c:/program files (x86)/gnu tools arm embedded/6 2017-q2-update/bin/../lib/gcc/arm-none-eabi/6.3.1/thumb/v7e-m\libgcc.a(_udivmoddi4.o)
                0x0800aaf8                __exidx_end = .

.rel.dyn        0x0800aaf8        0x0
 .rel.iplt      0x0800aaf8        0x0 c:/program files (x86)/gnu tools arm embedded/6 2017-q2-update/bin/../lib/gcc/arm-none-eabi/6.3.1/thumb/v7e-m/crtbegin.o

.preinit_array  0x0800aaf8        0x0
                0x0800aaf8                PROVIDE (__preinit_array_start, .)
 *(.preinit_array*)
                0x0800aaf8                PROVIDE (__preinit_array_end, .)

.init_array     0x0800aaf8        0x8
                0x0800aaf8                PROVIDE (__init_array_start, .)
 *(SORT(.init_array.*))
 .init_array.00000
                0x0800aaf8        0x4 c:/program files (x86)/gnu tools arm embedded/6 2017-q2-update/bin/../lib/gcc/arm-none-eabi/6.3.1/../../../../arm-none-eabi/lib/thumb/v7e-m\libc.a(lib_a-__call_atexit.o)
 *(.init_array*)
 .init_array    0x0800aafc        0x4 c:/program files (x86)/gnu tools arm embedded/6 2017-q2-update/bin/../lib/gcc/arm-none-eabi/6.3.1/thumb/v7e-m/crtbegin.o
                0x0800ab00                PROVIDE (__init_array_end, .)

.fini_array     0x0800ab00        0x4
                0x0800ab00                PROVIDE (__fini_array_start, .)
 *(SORT(.fini_array.*))
 *(.fini_array*)
 .fini_array    0x0800ab00        0x4 c:/program files (x86)/gnu tools arm embedded/6 2017-q2-update/bin/../lib/gcc/arm-none-eabi/6.3.1/thumb/v7e-m/crtbegin.o
                0x0800ab04                PROVIDE (__fini_array_end, .)
                0x0800ab04                _sidata = LOADADDR (.data)

.data           0x20000000      0x9d8 load address 0x0800ab04
                0x20000000                . = ALIGN (0x4)
                0x20000000                _sdata = .
 *(.data)
 .data          0x20000000       0x24 out/custom_tasks.o
                0x2000001c                g_test_pin
                0x20000020                g_test_gpiox
 .data          0x20000024        0x1 out/radio.o
                0x20000024                MaxPayloadLength
 *fill*         0x20000025        0x3 
 .data          0x20000028        0x4 out/utilities.o
 *(.data*)
 .data._impure_ptr
                0x2000002c        0x4 c:/program files (x86)/gnu tools arm embedded/6 2017-q2-update/bin/../lib/gcc/arm-none-eabi/6.3.1/../../../../arm-none-eabi/lib/thumb/v7e-m\libc.a(lib_a-impure.o)
                0x2000002c                _impure_ptr
 .data.impure_data
                0x20000030      0x428 c:/program files (x86)/gnu tools arm embedded/6 2017-q2-update/bin/../lib/gcc/arm-none-eabi/6.3.1/../../../../arm-none-eabi/lib/thumb/v7e-m\libc.a(lib_a-impure.o)
 .data.__atexit_recursive_mutex
                0x20000458        0x4 c:/program files (x86)/gnu tools arm embedded/6 2017-q2-update/bin/../lib/gcc/arm-none-eabi/6.3.1/../../../../arm-none-eabi/lib/thumb/v7e-m\libc.a(lib_a-__call_atexit.o)
                0x20000458                __atexit_recursive_mutex
 .data.__global_locale
                0x2000045c      0x16c c:/program files (x86)/gnu tools arm embedded/6 2017-q2-update/bin/../lib/gcc/arm-none-eabi/6.3.1/../../../../arm-none-eabi/lib/thumb/v7e-m\libc.a(lib_a-locale.o)
                0x2000045c                __global_locale
 .data.__malloc_av_
                0x200005c8      0x408 c:/program files (x86)/gnu tools arm embedded/6 2017-q2-update/bin/../lib/gcc/arm-none-eabi/6.3.1/../../../../arm-none-eabi/lib/thumb/v7e-m\libc.a(lib_a-mallocr.o)
                0x200005c8                __malloc_av_
 .data.__malloc_sbrk_base
                0x200009d0        0x4 c:/program files (x86)/gnu tools arm embedded/6 2017-q2-update/bin/../lib/gcc/arm-none-eabi/6.3.1/../../../../arm-none-eabi/lib/thumb/v7e-m\libc.a(lib_a-mallocr.o)
                0x200009d0                __malloc_sbrk_base
 .data.__malloc_trim_threshold
                0x200009d4        0x4 c:/program files (x86)/gnu tools arm embedded/6 2017-q2-update/bin/../lib/gcc/arm-none-eabi/6.3.1/../../../../arm-none-eabi/lib/thumb/v7e-m\libc.a(lib_a-mallocr.o)
                0x200009d4                __malloc_trim_threshold
                0x200009d8                . = ALIGN (0x4)
                0x200009d8                _edata = .

.jcr            0x200009d8        0x0 load address 0x0800b4dc
 .jcr           0x200009d8        0x0 c:/program files (x86)/gnu tools arm embedded/6 2017-q2-update/bin/../lib/gcc/arm-none-eabi/6.3.1/thumb/v7e-m/crtbegin.o

.igot.plt       0x200009d8        0x0 load address 0x0800b4dc
 .igot.plt      0x200009d8        0x0 c:/program files (x86)/gnu tools arm embedded/6 2017-q2-update/bin/../lib/gcc/arm-none-eabi/6.3.1/thumb/v7e-m/crtbegin.o
                0x200009d8                . = ALIGN (0x4)

.bss            0x200009d8      0x7d0 load address 0x0800b4dc
                0x200009d8                _sbss = .
                0x200009d8                __bss_start__ = _sbss
 *(.bss)
 .bss           0x200009d8       0x1c c:/program files (x86)/gnu tools arm embedded/6 2017-q2-update/bin/../lib/gcc/arm-none-eabi/6.3.1/thumb/v7e-m/crtbegin.o
 .bss           0x200009f4       0x24 out/custom_tasks.o
 .bss           0x20000a18       0xff out/lora_at.o
 *fill*         0x20000b17        0x1 
 .bss           0x20000b18      0x438 out/lora_command.o
 .bss           0x20000f50        0x4 out/syscalls.o
                0x20000f50                heap_end
 .bss           0x20000f54        0x1 out/tremo_delay.o
 *fill*         0x20000f55        0x3 
 .bss           0x20000f58       0x11 out/timer.o
                0x20000f68                HasLoopedThroughMain
 *fill*         0x20000f69        0x3 
 .bss           0x20000f6c       0x14 out/radio.o
                0x20000f70                IrqFired
                0x20000f74                TxTimeout
                0x20000f7a                RxContinuous
                0x20000f7c                RxTimeout
 .bss           0x20000f80        0x8 out/sx126x.o
                0x20000f84                FrequencyError
 .bss           0x20000f88        0x9 out/rtc-board.o
                0x20000f8c                McuWakeUpTime
                0x20000f90                NonScheduledWakeUp
 .bss           0x20000f91        0x1 out/sx1262-board.o
                0x20000f91                gPaOptSetting
 *(.bss*)
 *fill*         0x20000f92        0x2 
 .bss.__malloc_current_mallinfo
                0x20000f94       0x28 c:/program files (x86)/gnu tools arm embedded/6 2017-q2-update/bin/../lib/gcc/arm-none-eabi/6.3.1/../../../../arm-none-eabi/lib/thumb/v7e-m\libc.a(lib_a-mallocr.o)
                0x20000f94                __malloc_current_mallinfo
 .bss.__malloc_max_sbrked_mem
                0x20000fbc        0x4 c:/program files (x86)/gnu tools arm embedded/6 2017-q2-update/bin/../lib/gcc/arm-none-eabi/6.3.1/../../../../arm-none-eabi/lib/thumb/v7e-m\libc.a(lib_a-mallocr.o)
                0x20000fbc                __malloc_max_sbrked_mem
 .bss.__malloc_max_total_mem
                0x20000fc0        0x4 c:/program files (x86)/gnu tools arm embedded/6 2017-q2-update/bin/../lib/gcc/arm-none-eabi/6.3.1/../../../../arm-none-eabi/lib/thumb/v7e-m\libc.a(lib_a-mallocr.o)
                0x20000fc0                __malloc_max_total_mem
 .bss.__malloc_top_pad
                0x20000fc4        0x4 c:/program files (x86)/gnu tools arm embedded/6 2017-q2-update/bin/../lib/gcc/arm-none-eabi/6.3.1/../../../../arm-none-eabi/lib/thumb/v7e-m\libc.a(lib_a-mallocr.o)
                0x20000fc4                __malloc_top_pad
 *(COMMON)
 COMMON         0x20000fc8      0x19c out/radio.o
                0x20000fc8                irqRegs
                0x20000fcc                SX126x
                0x20001008                TxTimeoutTimer
                0x20001020                RadioRxPayload
                0x20001120                CadTimeoutTimer
                0x20001138                RadioPktStatus
                0x2000114c                RxTimeoutTimer
 *fill*         0x20001164        0x4 
 COMMON         0x20001168       0x18 out/rtc-board.o
                0x20001168                RtcCalendarContext
                0x20001178                RtcTimerContext
 COMMON         0x20001180       0x21 c:/program files (x86)/gnu tools arm embedded/6 2017-q2-update/bin/../lib/gcc/arm-none-eabi/6.3.1/../../../../arm-none-eabi/lib/thumb/v7e-m\libc.a(lib_a-lock.o)
                0x20001180                __lock___atexit_recursive_mutex
                0x20001184                __lock___arc4random_mutex
                0x20001188                __lock___env_recursive_mutex
                0x2000118c                __lock___sinit_recursive_mutex
                0x20001190                __lock___malloc_recursive_mutex
                0x20001194                __lock___at_quick_exit_mutex
                0x20001198                __lock___dd_hash_mutex
                0x2000119c                __lock___tz_mutex
                0x200011a0                __lock___sfp_recursive_mutex
 *fill*         0x200011a1        0x3 
 COMMON         0x200011a4        0x4 c:/program files (x86)/gnu tools arm embedded/6 2017-q2-update/bin/../lib/gcc/arm-none-eabi/6.3.1/../../../../arm-none-eabi/lib/thumb/v7e-m\libc.a(lib_a-reent.o)
                0x200011a4                errno
                0x200011a8                . = ALIGN (0x4)
                0x200011a8                _ebss = .
                0x200011a8                __bss_end__ = _ebss

.heap           0x200011a8        0x0 load address 0x0800b4dc
                0x200011a8                . = ALIGN (0x4)
                0x200011a8                _heap_bottom = .
                0x200011a8                end = _heap_bottom
                0x200011a8                _end = end
                0x200011a8                __end = end
                0x200011a8                . = (. + _HEAP_SIZE)
                0x200011a8                _heap_top = .

.stack          0x200011a8     0x1000 load address 0x0800b4dc
                0x200011a8                . = ALIGN (0x4)
                0x200011a8                _stack_bottom = .
                0x200021a8                . = (. + _STACK_SIZE)
 *fill*         0x200011a8     0x1000 
                0x200021a8                _stack_top = .

/DISCARD/
 libc.a(*)
 libm.a(*)
 libgcc.a(*)

.ARM.attributes
                0x00000000       0x2e
 *(.ARM.attributes)
 .ARM.attributes
                0x00000000       0x1e c:/program files (x86)/gnu tools arm embedded/6 2017-q2-update/bin/../lib/gcc/arm-none-eabi/6.3.1/thumb/v7e-m/crti.o
 .ARM.attributes
                0x0000001e       0x2e c:/program files (x86)/gnu tools arm embedded/6 2017-q2-update/bin/../lib/gcc/arm-none-eabi/6.3.1/thumb/v7e-m/crtbegin.o
 .ARM.attributes
                0x0000004c       0x37 out/custom.o
 .ARM.attributes
                0x00000083       0x37 out/custom_tasks.o
 .ARM.attributes
                0x000000ba       0x37 out/lora_at.o
 .ARM.attributes
                0x000000f1       0x37 out/lora_command.o
 .ARM.attributes
                0x00000128       0x37 out/main.o
 .ARM.attributes
                0x0000015f       0x37 out/syscalls.o
 .ARM.attributes
                0x00000196       0x37 out/tremo_it.o
 .ARM.attributes
                0x000001cd       0x37 out/printf-stdarg.o
 .ARM.attributes
                0x00000204       0x37 out/system_cm4.o
 .ARM.attributes
                0x0000023b       0x37 out/tremo_delay.o
 .ARM.attributes
                0x00000272       0x37 out/tremo_gpio.o
 .ARM.attributes
                0x000002a9       0x37 out/tremo_lpuart.o
 .ARM.attributes
                0x000002e0       0x37 out/tremo_pwr.o
 .ARM.attributes
                0x00000317       0x37 out/tremo_rcc.o
 .ARM.attributes
                0x0000034e       0x37 out/tremo_rtc.o
 .ARM.attributes
                0x00000385       0x37 out/tremo_system.o
 .ARM.attributes
                0x000003bc       0x37 out/tremo_uart.o
 .ARM.attributes
                0x000003f3       0x37 out/delay.o
 .ARM.attributes
                0x0000042a       0x37 out/timer.o
 .ARM.attributes
                0x00000461       0x37 out/radio.o
 .ARM.attributes
                0x00000498       0x37 out/sx126x.o
 .ARM.attributes
                0x000004cf       0x37 out/rtc-board.o
 .ARM.attributes
                0x00000506       0x37 out/sx1262-board.o
 .ARM.attributes
                0x0000053d       0x37 out/utilities.o
 .ARM.attributes
                0x00000574       0x21 out/startup_cm4.o
 .ARM.attributes
                0x00000595       0x1e c:/program files (x86)/gnu tools arm embedded/6 2017-q2-update/bin/../lib/gcc/arm-none-eabi/6.3.1/thumb/v7e-m\libgcc.a(_arm_addsubdf3.o)
 .ARM.attributes
                0x000005b3       0x1e c:/program files (x86)/gnu tools arm embedded/6 2017-q2-update/bin/../lib/gcc/arm-none-eabi/6.3.1/thumb/v7e-m\libgcc.a(_arm_muldivdf3.o)
 .ARM.attributes
                0x000005d1       0x1e c:/program files (x86)/gnu tools arm embedded/6 2017-q2-update/bin/../lib/gcc/arm-none-eabi/6.3.1/thumb/v7e-m\libgcc.a(_arm_cmpdf2.o)
 .ARM.attributes
                0x000005ef       0x1e c:/program files (x86)/gnu tools arm embedded/6 2017-q2-update/bin/../lib/gcc/arm-none-eabi/6.3.1/thumb/v7e-m\libgcc.a(_arm_fixdfsi.o)
 .ARM.attributes
                0x0000060d       0x1e c:/program files (x86)/gnu tools arm embedded/6 2017-q2-update/bin/../lib/gcc/arm-none-eabi/6.3.1/thumb/v7e-m\libgcc.a(_arm_fixunsdfsi.o)
 .ARM.attributes
                0x0000062b       0x1e c:/program files (x86)/gnu tools arm embedded/6 2017-q2-update/bin/../lib/gcc/arm-none-eabi/6.3.1/thumb/v7e-m\libgcc.a(_aeabi_uldivmod.o)
 .ARM.attributes
                0x00000649       0x2e c:/program files (x86)/gnu tools arm embedded/6 2017-q2-update/bin/../lib/gcc/arm-none-eabi/6.3.1/thumb/v7e-m\libgcc.a(_fixunsdfdi.o)
 .ARM.attributes
                0x00000677       0x2e c:/program files (x86)/gnu tools arm embedded/6 2017-q2-update/bin/../lib/gcc/arm-none-eabi/6.3.1/thumb/v7e-m\libgcc.a(_udivmoddi4.o)
 .ARM.attributes
                0x000006a5       0x1e c:/program files (x86)/gnu tools arm embedded/6 2017-q2-update/bin/../lib/gcc/arm-none-eabi/6.3.1/thumb/v7e-m\libgcc.a(_dvmd_tls.o)
 .ARM.attributes
                0x000006c3       0x2e c:/program files (x86)/gnu tools arm embedded/6 2017-q2-update/bin/../lib/gcc/arm-none-eabi/6.3.1/../../../../arm-none-eabi/lib/thumb/v7e-m\libc.a(lib_a-errno.o)
 .ARM.attributes
                0x000006f1       0x2e c:/program files (x86)/gnu tools arm embedded/6 2017-q2-update/bin/../lib/gcc/arm-none-eabi/6.3.1/../../../../arm-none-eabi/lib/thumb/v7e-m\libc.a(lib_a-impure.o)
 .ARM.attributes
                0x0000071f       0x2e c:/program files (x86)/gnu tools arm embedded/6 2017-q2-update/bin/../lib/gcc/arm-none-eabi/6.3.1/../../../../arm-none-eabi/lib/thumb/v7e-m\libc.a(lib_a-init.o)
 .ARM.attributes
                0x0000074d       0x1c c:/program files (x86)/gnu tools arm embedded/6 2017-q2-update/bin/../lib/gcc/arm-none-eabi/6.3.1/../../../../arm-none-eabi/lib/thumb/v7e-m\libc.a(lib_a-memcpy.o)
 .ARM.attributes
                0x00000769       0x2e c:/program files (x86)/gnu tools arm embedded/6 2017-q2-update/bin/../lib/gcc/arm-none-eabi/6.3.1/../../../../arm-none-eabi/lib/thumb/v7e-m\libc.a(lib_a-memset.o)
 .ARM.attributes
                0x00000797       0x2e c:/program files (x86)/gnu tools arm embedded/6 2017-q2-update/bin/../lib/gcc/arm-none-eabi/6.3.1/../../../../arm-none-eabi/lib/thumb/v7e-m\libc.a(lib_a-sscanf.o)
 .ARM.attributes
                0x000007c5       0x2e c:/program files (x86)/gnu tools arm embedded/6 2017-q2-update/bin/../lib/gcc/arm-none-eabi/6.3.1/../../../../arm-none-eabi/lib/thumb/v7e-m\libc.a(lib_a-stdio.o)
 .ARM.attributes
                0x000007f3       0x1c c:/program files (x86)/gnu tools arm embedded/6 2017-q2-update/bin/../lib/gcc/arm-none-eabi/6.3.1/../../../../arm-none-eabi/lib/thumb/v7e-m\libc.a(lib_a-strlen.o)
 .ARM.attributes
                0x0000080f       0x2e c:/program files (x86)/gnu tools arm embedded/6 2017-q2-update/bin/../lib/gcc/arm-none-eabi/6.3.1/../../../../arm-none-eabi/lib/thumb/v7e-m\libc.a(lib_a-strncmp.o)
 .ARM.attributes
                0x0000083d       0x2e c:/program files (x86)/gnu tools arm embedded/6 2017-q2-update/bin/../lib/gcc/arm-none-eabi/6.3.1/../../../../arm-none-eabi/lib/thumb/v7e-m\libc.a(lib_a-strtol.o)
 .ARM.attributes
                0x0000086b       0x2e c:/program files (x86)/gnu tools arm embedded/6 2017-q2-update/bin/../lib/gcc/arm-none-eabi/6.3.1/../../../../arm-none-eabi/lib/thumb/v7e-m\libc.a(lib_a-svfscanf.o)
 .ARM.attributes
                0x00000899       0x2e c:/program files (x86)/gnu tools arm embedded/6 2017-q2-update/bin/../lib/gcc/arm-none-eabi/6.3.1/../../../../arm-none-eabi/lib/thumb/v7e-m\libc.a(lib_a-__call_atexit.o)
 .ARM.attributes
                0x000008c7       0x2e c:/program files (x86)/gnu tools arm embedded/6 2017-q2-update/bin/../lib/gcc/arm-none-eabi/6.3.1/../../../../arm-none-eabi/lib/thumb/v7e-m\libc.a(lib_a-atexit.o)
 .ARM.attributes
                0x000008f5       0x2e c:/program files (x86)/gnu tools arm embedded/6 2017-q2-update/bin/../lib/gcc/arm-none-eabi/6.3.1/../../../../arm-none-eabi/lib/thumb/v7e-m\libc.a(lib_a-fini.o)
 .ARM.attributes
                0x00000923       0x2e c:/program files (x86)/gnu tools arm embedded/6 2017-q2-update/bin/../lib/gcc/arm-none-eabi/6.3.1/../../../../arm-none-eabi/lib/thumb/v7e-m\libc.a(lib_a-iswspace.o)
 .ARM.attributes
                0x00000951       0x2e c:/program files (x86)/gnu tools arm embedded/6 2017-q2-update/bin/../lib/gcc/arm-none-eabi/6.3.1/../../../../arm-none-eabi/lib/thumb/v7e-m\libc.a(lib_a-locale.o)
 .ARM.attributes
                0x0000097f       0x2e c:/program files (x86)/gnu tools arm embedded/6 2017-q2-update/bin/../lib/gcc/arm-none-eabi/6.3.1/../../../../arm-none-eabi/lib/thumb/v7e-m\libc.a(lib_a-localeconv.o)
 .ARM.attributes
                0x000009ad       0x2e c:/program files (x86)/gnu tools arm embedded/6 2017-q2-update/bin/../lib/gcc/arm-none-eabi/6.3.1/../../../../arm-none-eabi/lib/thumb/v7e-m\libc.a(lib_a-lock.o)
 .ARM.attributes
                0x000009db       0x2e c:/program files (x86)/gnu tools arm embedded/6 2017-q2-update/bin/../lib/gcc/arm-none-eabi/6.3.1/../../../../arm-none-eabi/lib/thumb/v7e-m\libc.a(lib_a-mbrtowc.o)
 .ARM.attributes
                0x00000a09       0x2e c:/program files (x86)/gnu tools arm embedded/6 2017-q2-update/bin/../lib/gcc/arm-none-eabi/6.3.1/../../../../arm-none-eabi/lib/thumb/v7e-m\libc.a(lib_a-mbtowc_r.o)
 .ARM.attributes
                0x00000a37       0x2e c:/program files (x86)/gnu tools arm embedded/6 2017-q2-update/bin/../lib/gcc/arm-none-eabi/6.3.1/../../../../arm-none-eabi/lib/thumb/v7e-m\libc.a(lib_a-reent.o)
 .ARM.attributes
                0x00000a65       0x2e c:/program files (x86)/gnu tools arm embedded/6 2017-q2-update/bin/../lib/gcc/arm-none-eabi/6.3.1/../../../../arm-none-eabi/lib/thumb/v7e-m\libc.a(lib_a-sccl.o)
 .ARM.attributes
                0x00000a93       0x2e c:/program files (x86)/gnu tools arm embedded/6 2017-q2-update/bin/../lib/gcc/arm-none-eabi/6.3.1/../../../../arm-none-eabi/lib/thumb/v7e-m\libc.a(lib_a-sf_nan.o)
 .ARM.attributes
                0x00000ac1       0x2e c:/program files (x86)/gnu tools arm embedded/6 2017-q2-update/bin/../lib/gcc/arm-none-eabi/6.3.1/../../../../arm-none-eabi/lib/thumb/v7e-m\libc.a(lib_a-strtod.o)
 .ARM.attributes
                0x00000aef       0x2e c:/program files (x86)/gnu tools arm embedded/6 2017-q2-update/bin/../lib/gcc/arm-none-eabi/6.3.1/../../../../arm-none-eabi/lib/thumb/v7e-m\libc.a(lib_a-strtoll.o)
 .ARM.attributes
                0x00000b1d       0x2e c:/program files (x86)/gnu tools arm embedded/6 2017-q2-update/bin/../lib/gcc/arm-none-eabi/6.3.1/../../../../arm-none-eabi/lib/thumb/v7e-m\libc.a(lib_a-strtoul.o)
 .ARM.attributes
                0x00000b4b       0x2e c:/program files (x86)/gnu tools arm embedded/6 2017-q2-update/bin/../lib/gcc/arm-none-eabi/6.3.1/../../../../arm-none-eabi/lib/thumb/v7e-m\libc.a(lib_a-strtoull.o)
 .ARM.attributes
                0x00000b79       0x2e c:/program files (x86)/gnu tools arm embedded/6 2017-q2-update/bin/../lib/gcc/arm-none-eabi/6.3.1/../../../../arm-none-eabi/lib/thumb/v7e-m\libc.a(lib_a-svfiscanf.o)
 .ARM.attributes
                0x00000ba7       0x2e c:/program files (x86)/gnu tools arm embedded/6 2017-q2-update/bin/../lib/gcc/arm-none-eabi/6.3.1/../../../../arm-none-eabi/lib/thumb/v7e-m\libc.a(lib_a-ungetc.o)
 .ARM.attributes
                0x00000bd5       0x2e c:/program files (x86)/gnu tools arm embedded/6 2017-q2-update/bin/../lib/gcc/arm-none-eabi/6.3.1/../../../../arm-none-eabi/lib/thumb/v7e-m\libc.a(lib_a-wctomb_r.o)
 .ARM.attributes
                0x00000c03       0x2e c:/program files (x86)/gnu tools arm embedded/6 2017-q2-update/bin/../lib/gcc/arm-none-eabi/6.3.1/../../../../arm-none-eabi/lib/thumb/v7e-m\libc.a(lib_a-__atexit.o)
 .ARM.attributes
                0x00000c31       0x2e c:/program files (x86)/gnu tools arm embedded/6 2017-q2-update/bin/../lib/gcc/arm-none-eabi/6.3.1/../../../../arm-none-eabi/lib/thumb/v7e-m\libc.a(lib_a-ctype_.o)
 .ARM.attributes
                0x00000c5f       0x2e c:/program files (x86)/gnu tools arm embedded/6 2017-q2-update/bin/../lib/gcc/arm-none-eabi/6.3.1/../../../../arm-none-eabi/lib/thumb/v7e-m\libc.a(lib_a-freer.o)
 .ARM.attributes
                0x00000c8d       0x2e c:/program files (x86)/gnu tools arm embedded/6 2017-q2-update/bin/../lib/gcc/arm-none-eabi/6.3.1/../../../../arm-none-eabi/lib/thumb/v7e-m\libc.a(lib_a-gdtoa-gethex.o)
 .ARM.attributes
                0x00000cbb       0x2e c:/program files (x86)/gnu tools arm embedded/6 2017-q2-update/bin/../lib/gcc/arm-none-eabi/6.3.1/../../../../arm-none-eabi/lib/thumb/v7e-m\libc.a(lib_a-gdtoa-hexnan.o)
 .ARM.attributes
                0x00000ce9       0x2e c:/program files (x86)/gnu tools arm embedded/6 2017-q2-update/bin/../lib/gcc/arm-none-eabi/6.3.1/../../../../arm-none-eabi/lib/thumb/v7e-m\libc.a(lib_a-mallocr.o)
 .ARM.attributes
                0x00000d17       0x2e c:/program files (x86)/gnu tools arm embedded/6 2017-q2-update/bin/../lib/gcc/arm-none-eabi/6.3.1/../../../../arm-none-eabi/lib/thumb/v7e-m\libc.a(lib_a-mlock.o)
 .ARM.attributes
                0x00000d45       0x2e c:/program files (x86)/gnu tools arm embedded/6 2017-q2-update/bin/../lib/gcc/arm-none-eabi/6.3.1/../../../../arm-none-eabi/lib/thumb/v7e-m\libc.a(lib_a-mprec.o)
 .ARM.attributes
                0x00000d73       0x2e c:/program files (x86)/gnu tools arm embedded/6 2017-q2-update/bin/../lib/gcc/arm-none-eabi/6.3.1/../../../../arm-none-eabi/lib/thumb/v7e-m\libc.a(lib_a-reallocr.o)
 .ARM.attributes
                0x00000da1       0x2e c:/program files (x86)/gnu tools arm embedded/6 2017-q2-update/bin/../lib/gcc/arm-none-eabi/6.3.1/../../../../arm-none-eabi/lib/thumb/v7e-m\libc.a(lib_a-sbrkr.o)
 .ARM.attributes
                0x00000dcf       0x2e c:/program files (x86)/gnu tools arm embedded/6 2017-q2-update/bin/../lib/gcc/arm-none-eabi/6.3.1/../../../../arm-none-eabi/lib/thumb/v7e-m\libc.a(lib_a-callocr.o)
 .ARM.attributes
                0x00000dfd       0x2e c:/program files (x86)/gnu tools arm embedded/6 2017-q2-update/bin/../lib/gcc/arm-none-eabi/6.3.1/../../../../arm-none-eabi/lib/thumb/v7e-m\libc.a(lib_a-memmove.o)
 .ARM.attributes
                0x00000e2b       0x1e c:/program files (x86)/gnu tools arm embedded/6 2017-q2-update/bin/../lib/gcc/arm-none-eabi/6.3.1/thumb/v7e-m\libgcc.a(_arm_unorddf2.o)
 .ARM.attributes
                0x00000e49       0x1e c:/program files (x86)/gnu tools arm embedded/6 2017-q2-update/bin/../lib/gcc/arm-none-eabi/6.3.1/thumb/v7e-m\libgcc.a(_arm_truncdfsf2.o)
 .ARM.attributes
                0x00000e67       0x1e c:/program files (x86)/gnu tools arm embedded/6 2017-q2-update/bin/../lib/gcc/arm-none-eabi/6.3.1/thumb/v7e-m/crtn.o
OUTPUT(out/custom_RA08H_firmware.elf elf32-littlearm)

.comment        0x00000000       0x7f
 .comment       0x00000000       0x7f out/custom.o
                                 0x80 (size before relaxing)
 .comment       0x0000007f       0x80 out/custom_tasks.o
 .comment       0x0000007f       0x80 out/lora_at.o
 .comment       0x0000007f       0x80 out/lora_command.o
 .comment       0x0000007f       0x80 out/main.o
 .comment       0x0000007f       0x80 out/syscalls.o
 .comment       0x0000007f       0x80 out/tremo_it.o
 .comment       0x0000007f       0x80 out/printf-stdarg.o
 .comment       0x0000007f       0x80 out/system_cm4.o
 .comment       0x0000007f       0x80 out/tremo_delay.o
 .comment       0x0000007f       0x80 out/tremo_gpio.o
 .comment       0x0000007f       0x80 out/tremo_lpuart.o
 .comment       0x0000007f       0x80 out/tremo_pwr.o
 .comment       0x0000007f       0x80 out/tremo_rcc.o
 .comment       0x0000007f       0x80 out/tremo_rtc.o
 .comment       0x0000007f       0x80 out/tremo_system.o
 .comment       0x0000007f       0x80 out/tremo_uart.o
 .comment       0x0000007f       0x80 out/delay.o
 .comment       0x0000007f       0x80 out/timer.o
 .comment       0x0000007f       0x80 out/radio.o
 .comment       0x0000007f       0x80 out/sx126x.o
 .comment       0x0000007f       0x80 out/rtc-board.o
 .comment       0x0000007f       0x80 out/sx1262-board.o
 .comment       0x0000007f       0x80 out/utilities.o

.debug_frame    0x00000000     0x12bc
 .debug_frame   0x00000000       0xac c:/program files (x86)/gnu tools arm embedded/6 2017-q2-update/bin/../lib/gcc/arm-none-eabi/6.3.1/thumb/v7e-m\libgcc.a(_arm_addsubdf3.o)
 .debug_frame   0x000000ac       0x50 c:/program files (x86)/gnu tools arm embedded/6 2017-q2-update/bin/../lib/gcc/arm-none-eabi/6.3.1/thumb/v7e-m\libgcc.a(_arm_muldivdf3.o)
 .debug_frame   0x000000fc       0xc4 c:/program files (x86)/gnu tools arm embedded/6 2017-q2-update/bin/../lib/gcc/arm-none-eabi/6.3.1/thumb/v7e-m\libgcc.a(_arm_cmpdf2.o)
 .debug_frame   0x000001c0       0x24 c:/program files (x86)/gnu tools arm embedded/6 2017-q2-update/bin/../lib/gcc/arm-none-eabi/6.3.1/thumb/v7e-m\libgcc.a(_arm_fixdfsi.o)
 .debug_frame   0x000001e4       0x24 c:/program files (x86)/gnu tools arm embedded/6 2017-q2-update/bin/../lib/gcc/arm-none-eabi/6.3.1/thumb/v7e-m\libgcc.a(_arm_fixunsdfsi.o)
 .debug_frame   0x00000208       0x2c c:/program files (x86)/gnu tools arm embedded/6 2017-q2-update/bin/../lib/gcc/arm-none-eabi/6.3.1/thumb/v7e-m\libgcc.a(_aeabi_uldivmod.o)
 .debug_frame   0x00000234       0x2c c:/program files (x86)/gnu tools arm embedded/6 2017-q2-update/bin/../lib/gcc/arm-none-eabi/6.3.1/thumb/v7e-m\libgcc.a(_fixunsdfdi.o)
 .debug_frame   0x00000260       0x34 c:/program files (x86)/gnu tools arm embedded/6 2017-q2-update/bin/../lib/gcc/arm-none-eabi/6.3.1/thumb/v7e-m\libgcc.a(_udivmoddi4.o)
 .debug_frame   0x00000294       0x20 c:/program files (x86)/gnu tools arm embedded/6 2017-q2-update/bin/../lib/gcc/arm-none-eabi/6.3.1/../../../../arm-none-eabi/lib/thumb/v7e-m\libc.a(lib_a-errno.o)
 .debug_frame   0x000002b4       0x2c c:/program files (x86)/gnu tools arm embedded/6 2017-q2-update/bin/../lib/gcc/arm-none-eabi/6.3.1/../../../../arm-none-eabi/lib/thumb/v7e-m\libc.a(lib_a-init.o)
 .debug_frame   0x000002e0       0x34 c:/program files (x86)/gnu tools arm embedded/6 2017-q2-update/bin/../lib/gcc/arm-none-eabi/6.3.1/../../../../arm-none-eabi/lib/thumb/v7e-m\libc.a(lib_a-memset.o)
 .debug_frame   0x00000314       0x84 c:/program files (x86)/gnu tools arm embedded/6 2017-q2-update/bin/../lib/gcc/arm-none-eabi/6.3.1/../../../../arm-none-eabi/lib/thumb/v7e-m\libc.a(lib_a-sscanf.o)
 .debug_frame   0x00000398       0x88 c:/program files (x86)/gnu tools arm embedded/6 2017-q2-update/bin/../lib/gcc/arm-none-eabi/6.3.1/../../../../arm-none-eabi/lib/thumb/v7e-m\libc.a(lib_a-stdio.o)
 .debug_frame   0x00000420       0x54 c:/program files (x86)/gnu tools arm embedded/6 2017-q2-update/bin/../lib/gcc/arm-none-eabi/6.3.1/../../../../arm-none-eabi/lib/thumb/v7e-m\libc.a(lib_a-strncmp.o)
 .debug_frame   0x00000474       0x98 c:/program files (x86)/gnu tools arm embedded/6 2017-q2-update/bin/../lib/gcc/arm-none-eabi/6.3.1/../../../../arm-none-eabi/lib/thumb/v7e-m\libc.a(lib_a-strtol.o)
 .debug_frame   0x0000050c       0x50 c:/program files (x86)/gnu tools arm embedded/6 2017-q2-update/bin/../lib/gcc/arm-none-eabi/6.3.1/../../../../arm-none-eabi/lib/thumb/v7e-m\libc.a(lib_a-svfscanf.o)
 .debug_frame   0x0000055c       0x5c c:/program files (x86)/gnu tools arm embedded/6 2017-q2-update/bin/../lib/gcc/arm-none-eabi/6.3.1/../../../../arm-none-eabi/lib/thumb/v7e-m\libc.a(lib_a-__call_atexit.o)
 .debug_frame   0x000005b8       0x20 c:/program files (x86)/gnu tools arm embedded/6 2017-q2-update/bin/../lib/gcc/arm-none-eabi/6.3.1/../../../../arm-none-eabi/lib/thumb/v7e-m\libc.a(lib_a-atexit.o)
 .debug_frame   0x000005d8       0x34 c:/program files (x86)/gnu tools arm embedded/6 2017-q2-update/bin/../lib/gcc/arm-none-eabi/6.3.1/../../../../arm-none-eabi/lib/thumb/v7e-m\libc.a(lib_a-fini.o)
 .debug_frame   0x0000060c       0x28 c:/program files (x86)/gnu tools arm embedded/6 2017-q2-update/bin/../lib/gcc/arm-none-eabi/6.3.1/../../../../arm-none-eabi/lib/thumb/v7e-m\libc.a(lib_a-iswspace.o)
 .debug_frame   0x00000634       0x6c c:/program files (x86)/gnu tools arm embedded/6 2017-q2-update/bin/../lib/gcc/arm-none-eabi/6.3.1/../../../../arm-none-eabi/lib/thumb/v7e-m\libc.a(lib_a-locale.o)
 .debug_frame   0x000006a0       0x40 c:/program files (x86)/gnu tools arm embedded/6 2017-q2-update/bin/../lib/gcc/arm-none-eabi/6.3.1/../../../../arm-none-eabi/lib/thumb/v7e-m\libc.a(lib_a-localeconv.o)
 .debug_frame   0x000006e0       0xb0 c:/program files (x86)/gnu tools arm embedded/6 2017-q2-update/bin/../lib/gcc/arm-none-eabi/6.3.1/../../../../arm-none-eabi/lib/thumb/v7e-m\libc.a(lib_a-lock.o)