Archive member included to satisfy reference by file (symbol)

C:\Users\User\OneDrive\Documents\buoy-stm32\lib\FirmwareUpdater\libFirmwareUpdater.a(FirmwareUpdater.o)
                              (--whole-archive)
C:\Users\User\OneDrive\Documents\buoy-stm32\lib\FirmwareUpdater\libFirmwareUpdater.a(PAL_STM32_COMMON.o)
                              (--whole-archive)
C:\Users\User\OneDrive\Documents\buoy-stm32\lib\FirmwareUpdater\libFirmwareUpdater.a(SD.o)
                              (--whole-archive)
C:\Users\User\OneDrive\Documents\buoy-stm32\lib\FirmwareUpdater\libFirmwareUpdater.a(SD_File.o)
                              (--whole-archive)
C:\Users\User\OneDrive\Documents\buoy-stm32\lib\FirmwareUpdater\libFirmwareUpdater.a(diskio.o)
                              (--whole-archive)
C:\Users\User\OneDrive\Documents\buoy-stm32\lib\FirmwareUpdater\libFirmwareUpdater.a(fatfs.o)
                              (--whole-archive)
C:\Users\User\OneDrive\Documents\buoy-stm32\lib\FirmwareUpdater\libFirmwareUpdater.a(ff.o)
                              (--whole-archive)
C:\Users\User\OneDrive\Documents\buoy-stm32\lib\FirmwareUpdater\libFirmwareUpdater.a(ff_gen_drv.o)
                              (--whole-archive)
C:\Users\User\OneDrive\Documents\buoy-stm32\lib\FirmwareUpdater\libFirmwareUpdater.a(firmware_objects.o)
                              (--whole-archive)
C:\Users\User\OneDrive\Documents\buoy-stm32\lib\FirmwareUpdater\libFirmwareUpdater.a(firmware_update_linker.o)
                              (--whole-archive)
C:\Users\User\OneDrive\Documents\buoy-stm32\lib\FirmwareUpdater\libFirmwareUpdater.a(syscall.o)
                              (--whole-archive)
C:\Users\User\OneDrive\Documents\buoy-stm32\lib\FirmwareUpdater\libFirmwareUpdater.a(user_diskio.o)
                              (--whole-archive)
C:\Users\User\OneDrive\Documents\buoy-stm32\lib\FirmwareUpdater\libFirmwareUpdater.a(user_diskio_spi.o)
                              (--whole-archive)
.pio\build\nucleo_f303k8\lib6dd\libPAL_STM32_STREAM.a(PAL_STM32_STREAM.o)
                              .pio\build\nucleo_f303k8\src\ota_update_test.o (PAL_STM32_STREAM_BUFFER::~PAL_STM32_STREAM_BUFFER())
.pio\build\nucleo_f303k8\liba4d\libPAL_STM32_UART.a(PAL_STM32_UART.o)
                              .pio\build\nucleo_f303k8\src\ota_update_test.o (PAL_STM32_UART_STREAM::PAL_STM32_UART_STREAM(USART_TypeDef*))
.pio\build\nucleo_f303k8\lib192\libPAL_STM32.a(PAL_STM32.o)
                              .pio\build\nucleo_f303k8\src\ota_update_test.o (Serial)
.pio\build\nucleo_f303k8\lib4f5\libPAL.a(PAL.o)
                              .pio\build\nucleo_f303k8\lib192\libPAL_STM32.a(PAL_STM32.o) (PAL_GENERAL_RANDOMSEED(unsigned long))
.pio\build\nucleo_f303k8\lib03e\libEncryption.a(Encryption.o)
                              .pio\build\nucleo_f303k8\src\ota_update_test.o (Encryption::Encryption(unsigned char const*))
.pio\build\nucleo_f303k8\lib9c3\libLoRa.a(LoRa.o)
                              .pio\build\nucleo_f303k8\src\ota_update_test.o (LoRa::LoRa(LoRaSerial*, unsigned short, unsigned char, unsigned short, unsigned short, unsigned long, DataRate, Bandwidth, CodeRate, unsigned char, IQConverted))
.pio\build\nucleo_f303k8\lib372\libBCP.a(BCP.o)
                              .pio\build\nucleo_f303k8\src\ota_update_test.o (BCP::BCP(unsigned short, unsigned char, LoRa*, void (*)(char const*, unsigned int), Encryption*))
c:/users/user/.platformio/packages/toolchain-gccarmnoneeabi/bin/../lib/gcc/arm-none-eabi/7.2.1/thumb/v7e-m\libgcc.a(_arm_addsubdf3.o)
                              .pio\build\nucleo_f303k8\liba4d\libPAL_STM32_UART.a(PAL_STM32_UART.o) (__aeabi_dsub)
c:/users/user/.platformio/packages/toolchain-gccarmnoneeabi/bin/../lib/gcc/arm-none-eabi/7.2.1/thumb/v7e-m\libgcc.a(_arm_muldivdf3.o)
                              .pio\build\nucleo_f303k8\liba4d\libPAL_STM32_UART.a(PAL_STM32_UART.o) (__aeabi_dmul)
c:/users/user/.platformio/packages/toolchain-gccarmnoneeabi/bin/../lib/gcc/arm-none-eabi/7.2.1/thumb/v7e-m\libgcc.a(_arm_cmpdf2.o)
                              .pio\build\nucleo_f303k8\liba4d\libPAL_STM32_UART.a(PAL_STM32_UART.o) (__aeabi_dcmplt)
c:/users/user/.platformio/packages/toolchain-gccarmnoneeabi/bin/../lib/gcc/arm-none-eabi/7.2.1/thumb/v7e-m\libgcc.a(_arm_unorddf2.o)
                              .pio\build\nucleo_f303k8\liba4d\libPAL_STM32_UART.a(PAL_STM32_UART.o) (__aeabi_dcmpun)
c:/users/user/.platformio/packages/toolchain-gccarmnoneeabi/bin/../lib/gcc/arm-none-eabi/7.2.1/thumb/v7e-m\libgcc.a(_arm_fixunsdfsi.o)
                              .pio\build\nucleo_f303k8\liba4d\libPAL_STM32_UART.a(PAL_STM32_UART.o) (__aeabi_d2uiz)
c:/users/user/.platformio/packages/toolchain-gccarmnoneeabi/bin/../lib/gcc/arm-none-eabi/7.2.1/../../../../arm-none-eabi/lib/thumb/v7e-m\libstdc++_nano.a(pure.o)
                              .pio\build\nucleo_f303k8\lib6dd\libPAL_STM32_STREAM.a(PAL_STM32_STREAM.o) (__cxa_pure_virtual)
[...]
Memory Configuration

Name             Origin             Length             Attributes
CCMRAM           0x10000000         0x00001000         xrw
RAM              0x20000000         0x00003000         xrw
FLASH            0x08000000         0x00010000         xr
FLASH_UPDATE     0x08009800         0x00006800         xr
*default*        0x00000000         0xffffffff

Linker script and memory map

LOAD c:/users/user/.platformio/packages/toolchain-gccarmnoneeabi/bin/../lib/gcc/arm-none-eabi/7.2.1/thumb/v7e-m/crti.o
LOAD c:/users/user/.platformio/packages/toolchain-gccarmnoneeabi/bin/../lib/gcc/arm-none-eabi/7.2.1/thumb/v7e-m/crtbegin.o
LOAD c:/users/user/.platformio/packages/toolchain-gccarmnoneeabi/bin/../lib/gcc/arm-none-eabi/7.2.1/../../../../arm-none-eabi/lib/thumb/v7e-m/crt0.o
LOAD C:\Users\User\OneDrive\Documents\buoy-stm32\lib\FirmwareUpdater\libFirmwareUpdater.a
LOAD .pio\build\nucleo_f303k8\FrameworkHALDriver\Src\stm32f3xx_hal.o
LOAD .pio\build\nucleo_f303k8\FrameworkHALDriver\Src\stm32f3xx_hal_adc.o
LOAD .pio\build\nucleo_f303k8\FrameworkHALDriver\Src\stm32f3xx_hal_adc_ex.o
LOAD .pio\build\nucleo_f303k8\FrameworkHALDriver\Src\stm32f3xx_hal_can.o
LOAD .pio\build\nucleo_f303k8\FrameworkHALDriver\Src\stm32f3xx_hal_cec.o
LOAD .pio\build\nucleo_f303k8\FrameworkHALDriver\Src\stm32f3xx_hal_comp.o
LOAD .pio\build\nucleo_f303k8\FrameworkHALDriver\Src\stm32f3xx_hal_cortex.o
LOAD .pio\build\nucleo_f303k8\FrameworkHALDriver\Src\stm32f3xx_hal_crc.o
LOAD .pio\build\nucleo_f303k8\FrameworkHALDriver\Src\stm32f3xx_hal_crc_ex.o
LOAD .pio\build\nucleo_f303k8\FrameworkHALDriver\Src\stm32f3xx_hal_dac.o
LOAD .pio\build\nucleo_f303k8\FrameworkHALDriver\Src\stm32f3xx_hal_dac_ex.o
LOAD .pio\build\nucleo_f303k8\FrameworkHALDriver\Src\stm32f3xx_hal_dma.o
LOAD .pio\build\nucleo_f303k8\FrameworkHALDriver\Src\stm32f3xx_hal_exti.o
LOAD .pio\build\nucleo_f303k8\FrameworkHALDriver\Src\stm32f3xx_hal_flash.o
LOAD .pio\build\nucleo_f303k8\FrameworkHALDriver\Src\stm32f3xx_hal_flash_ex.o
LOAD .pio\build\nucleo_f303k8\FrameworkHALDriver\Src\stm32f3xx_hal_gpio.o
LOAD .pio\build\nucleo_f303k8\FrameworkHALDriver\Src\stm32f3xx_hal_hrtim.o
LOAD .pio\build\nucleo_f303k8\FrameworkHALDriver\Src\stm32f3xx_hal_i2c.o
LOAD .pio\build\nucleo_f303k8\FrameworkHALDriver\Src\stm32f3xx_hal_i2c_ex.o
LOAD .pio\build\nucleo_f303k8\FrameworkHALDriver\Src\stm32f3xx_hal_i2s.o
LOAD .pio\build\nucleo_f303k8\FrameworkHALDriver\Src\stm32f3xx_hal_i2s_ex.o
LOAD .pio\build\nucleo_f303k8\FrameworkHALDriver\Src\stm32f3xx_hal_irda.o
LOAD .pio\build\nucleo_f303k8\FrameworkHALDriver\Src\stm32f3xx_hal_iwdg.o
LOAD .pio\build\nucleo_f303k8\FrameworkHALDriver\Src\stm32f3xx_hal_nand.o
LOAD .pio\build\nucleo_f303k8\FrameworkHALDriver\Src\stm32f3xx_hal_nor.o
LOAD .pio\build\nucleo_f303k8\FrameworkHALDriver\Src\stm32f3xx_hal_opamp.o
LOAD .pio\build\nucleo_f303k8\FrameworkHALDriver\Src\stm32f3xx_hal_opamp_ex.o
LOAD .pio\build\nucleo_f303k8\FrameworkHALDriver\Src\stm32f3xx_hal_pccard.o
LOAD .pio\build\nucleo_f303k8\FrameworkHALDriver\Src\stm32f3xx_hal_pcd.o
LOAD .pio\build\nucleo_f303k8\FrameworkHALDriver\Src\stm32f3xx_hal_pcd_ex.o
LOAD .pio\build\nucleo_f303k8\FrameworkHALDriver\Src\stm32f3xx_hal_pwr.o
LOAD .pio\build\nucleo_f303k8\FrameworkHALDriver\Src\stm32f3xx_hal_pwr_ex.o
LOAD .pio\build\nucleo_f303k8\FrameworkHALDriver\Src\stm32f3xx_hal_rcc.o
LOAD .pio\build\nucleo_f303k8\FrameworkHALDriver\Src\stm32f3xx_hal_rcc_ex.o
LOAD .pio\build\nucleo_f303k8\FrameworkHALDriver\Src\stm32f3xx_hal_rtc.o
LOAD .pio\build\nucleo_f303k8\FrameworkHALDriver\Src\stm32f3xx_hal_rtc_ex.o
LOAD .pio\build\nucleo_f303k8\FrameworkHALDriver\Src\stm32f3xx_hal_sdadc.o
LOAD .pio\build\nucleo_f303k8\FrameworkHALDriver\Src\stm32f3xx_hal_smartcard.o
LOAD .pio\build\nucleo_f303k8\FrameworkHALDriver\Src\stm32f3xx_hal_smartcard_ex.o
LOAD .pio\build\nucleo_f303k8\FrameworkHALDriver\Src\stm32f3xx_hal_smbus.o
LOAD .pio\build\nucleo_f303k8\FrameworkHALDriver\Src\stm32f3xx_hal_spi.o
LOAD .pio\build\nucleo_f303k8\FrameworkHALDriver\Src\stm32f3xx_hal_spi_ex.o
LOAD .pio\build\nucleo_f303k8\FrameworkHALDriver\Src\stm32f3xx_hal_sram.o
LOAD .pio\build\nucleo_f303k8\FrameworkHALDriver\Src\stm32f3xx_hal_tim.o
LOAD .pio\build\nucleo_f303k8\FrameworkHALDriver\Src\stm32f3xx_hal_tim_ex.o
LOAD .pio\build\nucleo_f303k8\FrameworkHALDriver\Src\stm32f3xx_hal_tsc.o
LOAD .pio\build\nucleo_f303k8\FrameworkHALDriver\Src\stm32f3xx_hal_uart.o
LOAD .pio\build\nucleo_f303k8\FrameworkHALDriver\Src\stm32f3xx_hal_uart_ex.o
LOAD .pio\build\nucleo_f303k8\FrameworkHALDriver\Src\stm32f3xx_hal_usart.o
LOAD .pio\build\nucleo_f303k8\FrameworkHALDriver\Src\stm32f3xx_hal_usart_ex.o
LOAD .pio\build\nucleo_f303k8\FrameworkHALDriver\Src\stm32f3xx_hal_wwdg.o
LOAD .pio\build\nucleo_f303k8\FrameworkHALDriver\Src\stm32f3xx_ll_adc.o
LOAD .pio\build\nucleo_f303k8\FrameworkHALDriver\Src\stm32f3xx_ll_comp.o
LOAD .pio\build\nucleo_f303k8\FrameworkHALDriver\Src\stm32f3xx_ll_crc.o
LOAD .pio\build\nucleo_f303k8\FrameworkHALDriver\Src\stm32f3xx_ll_dac.o
LOAD .pio\build\nucleo_f303k8\FrameworkHALDriver\Src\stm32f3xx_ll_dma.o
LOAD .pio\build\nucleo_f303k8\FrameworkHALDriver\Src\stm32f3xx_ll_exti.o
LOAD .pio\build\nucleo_f303k8\FrameworkHALDriver\Src\stm32f3xx_ll_fmc.o
LOAD .pio\build\nucleo_f303k8\FrameworkHALDriver\Src\stm32f3xx_ll_gpio.o
LOAD .pio\build\nucleo_f303k8\FrameworkHALDriver\Src\stm32f3xx_ll_hrtim.o
LOAD .pio\build\nucleo_f303k8\FrameworkHALDriver\Src\stm32f3xx_ll_i2c.o
LOAD .pio\build\nucleo_f303k8\FrameworkHALDriver\Src\stm32f3xx_ll_opamp.o
LOAD .pio\build\nucleo_f303k8\FrameworkHALDriver\Src\stm32f3xx_ll_pwr.o
LOAD .pio\build\nucleo_f303k8\FrameworkHALDriver\Src\stm32f3xx_ll_rcc.o
LOAD .pio\build\nucleo_f303k8\FrameworkHALDriver\Src\stm32f3xx_ll_rtc.o
LOAD .pio\build\nucleo_f303k8\FrameworkHALDriver\Src\stm32f3xx_ll_spi.o
LOAD .pio\build\nucleo_f303k8\FrameworkHALDriver\Src\stm32f3xx_ll_tim.o
LOAD .pio\build\nucleo_f303k8\FrameworkHALDriver\Src\stm32f3xx_ll_usart.o
LOAD .pio\build\nucleo_f303k8\FrameworkHALDriver\Src\stm32f3xx_ll_usb.o
LOAD .pio\build\nucleo_f303k8\FrameworkHALDriver\Src\stm32f3xx_ll_utils.o
LOAD .pio\build\nucleo_f303k8\src\main_stm32.o
LOAD .pio\build\nucleo_f303k8\src\ota_update_test.o
LOAD .pio\build\nucleo_f303k8\src\startup_stm32f303x8_modified.o
START GROUP
LOAD .pio\build\nucleo_f303k8\lib447\libPAL_STM32_ONEWIRE.a
LOAD .pio\build\nucleo_f303k8\lib6dd\libPAL_STM32_STREAM.a
LOAD .pio\build\nucleo_f303k8\liba4d\libPAL_STM32_UART.a
LOAD .pio\build\nucleo_f303k8\libe87\libPAL_STM32_WIRE.a
LOAD .pio\build\nucleo_f303k8\lib192\libPAL_STM32.a
LOAD .pio\build\nucleo_f303k8\lib4f5\libPAL.a
LOAD .pio\build\nucleo_f303k8\liba28\libAES.a
LOAD .pio\build\nucleo_f303k8\lib03e\libEncryption.a
LOAD .pio\build\nucleo_f303k8\libf6c\libLoRaSerial.a
LOAD .pio\build\nucleo_f303k8\lib9c3\libLoRa.a
LOAD .pio\build\nucleo_f303k8\libdbd\libPacket.a
LOAD .pio\build\nucleo_f303k8\lib372\libBCP.a
LOAD .pio\build\nucleo_f303k8\libed0\libfatfs.a
LOAD c:/users/user/.platformio/packages/toolchain-gccarmnoneeabi/bin/../lib/gcc/arm-none-eabi/7.2.1/thumb/v7e-m\libgcc.a
LOAD c:/users/user/.platformio/packages/toolchain-gccarmnoneeabi/bin/../lib/gcc/arm-none-eabi/7.2.1/../../../../arm-none-eabi/lib/thumb/v7e-m\libstdc++_nano.a
LOAD c:/users/user/.platformio/packages/toolchain-gccarmnoneeabi/bin/../lib/gcc/arm-none-eabi/7.2.1/../../../../arm-none-eabi/lib/thumb/v7e-m\libnosys.a
LOAD .pio\build\nucleo_f303k8\libFrameworkCMSISDevice.a
END GROUP
LOAD c:/users/user/.platformio/packages/toolchain-gccarmnoneeabi/bin/../lib/gcc/arm-none-eabi/7.2.1/../../../../arm-none-eabi/lib/thumb/v7e-m\libstdc++_nano.a
LOAD c:/users/user/.platformio/packages/toolchain-gccarmnoneeabi/bin/../lib/gcc/arm-none-eabi/7.2.1/../../../../arm-none-eabi/lib/thumb/v7e-m\libm.a
LOAD c:/users/user/.platformio/packages/toolchain-gccarmnoneeabi/bin/../lib/gcc/arm-none-eabi/7.2.1/../../../../arm-none-eabi/lib/thumb/v7e-m\libc_nano.a
START GROUP
LOAD c:/users/user/.platformio/packages/toolchain-gccarmnoneeabi/bin/../lib/gcc/arm-none-eabi/7.2.1/thumb/v7e-m\libgcc.a
LOAD c:/users/user/.platformio/packages/toolchain-gccarmnoneeabi/bin/../lib/gcc/arm-none-eabi/7.2.1/../../../../arm-none-eabi/lib/thumb/v7e-m\libc_nano.a
END GROUP
START GROUP
LOAD c:/users/user/.platformio/packages/toolchain-gccarmnoneeabi/bin/../lib/gcc/arm-none-eabi/7.2.1/thumb/v7e-m\libgcc.a
LOAD c:/users/user/.platformio/packages/toolchain-gccarmnoneeabi/bin/../lib/gcc/arm-none-eabi/7.2.1/../../../../arm-none-eabi/lib/thumb/v7e-m\libc_nano.a
LOAD c:/users/user/.platformio/packages/toolchain-gccarmnoneeabi/bin/../lib/gcc/arm-none-eabi/7.2.1/../../../../arm-none-eabi/lib/thumb/v7e-m\libnosys.a
END GROUP
START GROUP
LOAD c:/users/user/.platformio/packages/toolchain-gccarmnoneeabi/bin/../lib/gcc/arm-none-eabi/7.2.1/thumb/v7e-m\libgcc.a
LOAD c:/users/user/.platformio/packages/toolchain-gccarmnoneeabi/bin/../lib/gcc/arm-none-eabi/7.2.1/../../../../arm-none-eabi/lib/thumb/v7e-m\libc_nano.a
LOAD c:/users/user/.platformio/packages/toolchain-gccarmnoneeabi/bin/../lib/gcc/arm-none-eabi/7.2.1/../../../../arm-none-eabi/lib/thumb/v7e-m\libnosys.a
END GROUP
LOAD c:/users/user/.platformio/packages/toolchain-gccarmnoneeabi/bin/../lib/gcc/arm-none-eabi/7.2.1/thumb/v7e-m/crtend.o
LOAD c:/users/user/.platformio/packages/toolchain-gccarmnoneeabi/bin/../lib/gcc/arm-none-eabi/7.2.1/thumb/v7e-m/crtn.o
                0x20003000                _estack = (ORIGIN (RAM) + LENGTH (RAM))
                0x00000200                _Min_Heap_Size = 0x200
                0x00000400                _Min_Stack_Size = 0x400

.isr_vector     0x08000000      0x188
                0x08000000                . = ALIGN (0x4)
 *(.isr_vector)
 .isr_vector    0x08000000      0x188 .pio\build\nucleo_f303k8\src\startup_stm32f303x8_modified.o
                0x08000000                g_pfnVectors
                0x08000188                . = ALIGN (0x4)

.text           0x08000188     0x557c
                0x08000188                . = ALIGN (0x4)
 *(.text)
 .text          0x08000188       0x40 c:/users/user/.platformio/packages/toolchain-gccarmnoneeabi/bin/../lib/gcc/arm-none-eabi/7.2.1/thumb/v7e-m/crtbegin.o
 .text          0x080001c8      0x12c C:\Users\User\OneDrive\Documents\buoy-stm32\lib\FirmwareUpdater\libFirmwareUpdater.a(FirmwareUpdater.o)
                0x080001c8                FirmwareUpdater::FirmwareUpdater()
                0x080001c8                FirmwareUpdater::FirmwareUpdater()
                0x080001ca                FirmwareUpdater::finish_firmware(bool)
                0x08000254                FirmwareUpdater::initialise_firmware_()
                0x08000284                FirmwareUpdater::firmware_stream(char const*, unsigned int)
 .text          0x080002f4       0x10 C:\Users\User\OneDrive\Documents\buoy-stm32\lib\FirmwareUpdater\libFirmwareUpdater.a(ff.o)
 *(.text*)
 .text.startup  0x08000304       0x28 C:\Users\User\OneDrive\Documents\buoy-stm32\lib\FirmwareUpdater\libFirmwareUpdater.a(SD.o)
 .text.HAL_MspInit
                0x0800032c        0x2 .pio\build\nucleo_f303k8\FrameworkHALDriver\Src\stm32f3xx_hal.o
                0x0800032c                HAL_MspInit
 *fill*         0x0800032e        0x2 
 .text.HAL_InitTick
                0x08000330       0x48 .pio\build\nucleo_f303k8\FrameworkHALDriver\Src\stm32f3xx_hal.o
                0x08000330                HAL_InitTick
 .text.HAL_Init
                0x08000378       0x24 .pio\build\nucleo_f303k8\FrameworkHALDriver\Src\stm32f3xx_hal.o
                0x08000378                HAL_Init
 .text.HAL_IncTick
                0x0800039c       0x18 .pio\build\nucleo_f303k8\FrameworkHALDriver\Src\stm32f3xx_hal.o
                0x0800039c                HAL_IncTick
 .text.HAL_ADC_MspInit
                0x080003b4        0x2 .pio\build\nucleo_f303k8\FrameworkHALDriver\Src\stm32f3xx_hal_adc.o
                0x080003b4                HAL_ADC_MspInit
 .text.ADC_Disable
                0x080003b6       0x76 .pio\build\nucleo_f303k8\FrameworkHALDriver\Src\stm32f3xx_hal_adc_ex.o
 .text.ADC_ConversionStop
                0x0800042c       0xb4 .pio\build\nucleo_f303k8\FrameworkHALDriver\Src\stm32f3xx_hal_adc_ex.o
 .text.ADC_Enable
                0x080004e0       0x64 .pio\build\nucleo_f303k8\FrameworkHALDriver\Src\stm32f3xx_hal_adc_ex.o
 .text.HAL_ADC_Init
                0x08000544      0x1f4 .pio\build\nucleo_f303k8\FrameworkHALDriver\Src\stm32f3xx_hal_adc_ex.o
                0x08000544                HAL_ADC_Init
 .text.HAL_ADC_Start
                0x08000738       0xcc .pio\build\nucleo_f303k8\FrameworkHALDriver\Src\stm32f3xx_hal_adc_ex.o
                0x08000738                HAL_ADC_Start
 .text.HAL_ADC_Stop
                0x08000804       0x3e .pio\build\nucleo_f303k8\FrameworkHALDriver\Src\stm32f3xx_hal_adc_ex.o
                0x08000804                HAL_ADC_Stop
 *fill*         0x08000842        0x2 
 .text.HAL_ADC_PollForConversion
                0x08000844       0xf0 .pio\build\nucleo_f303k8\FrameworkHALDriver\Src\stm32f3xx_hal_adc_ex.o
                0x08000844                HAL_ADC_PollForConversion
 .text.HAL_ADC_GetValue
                0x08000934        0x6 .pio\build\nucleo_f303k8\FrameworkHALDriver\Src\stm32f3xx_hal_adc_ex.o
                0x08000934                HAL_ADC_GetValue
 *fill*         0x0800093a        0x2 
 .text.HAL_ADC_ConfigChannel
                0x0800093c      0x2f4 .pio\build\nucleo_f303k8\FrameworkHALDriver\Src\stm32f3xx_hal_adc_ex.o
                0x0800093c                HAL_ADC_ConfigChannel
 .text.HAL_NVIC_SetPriorityGrouping
                0x08000c30       0x24 .pio\build\nucleo_f303k8\FrameworkHALDriver\Src\stm32f3xx_hal_cortex.o
                0x08000c30                HAL_NVIC_SetPriorityGrouping
 .text.HAL_NVIC_SetPriority
                0x08000c54       0x68 .pio\build\nucleo_f303k8\FrameworkHALDriver\Src\stm32f3xx_hal_cortex.o
                0x08000c54                HAL_NVIC_SetPriority
 .text.HAL_NVIC_EnableIRQ
                0x08000cbc       0x1c .pio\build\nucleo_f303k8\FrameworkHALDriver\Src\stm32f3xx_hal_cortex.o
                0x08000cbc                HAL_NVIC_EnableIRQ
 .text.HAL_SYSTICK_Config
                0x08000cd8       0x2c .pio\build\nucleo_f303k8\FrameworkHALDriver\Src\stm32f3xx_hal_cortex.o
                0x08000cd8                HAL_SYSTICK_Config
 .text.HAL_DMA_Abort
                0x08000d04       0x42 .pio\build\nucleo_f303k8\FrameworkHALDriver\Src\stm32f3xx_hal_dma.o
                0x08000d04                HAL_DMA_Abort
 .text.HAL_DMA_Abort_IT
                0x08000d46       0x48 .pio\build\nucleo_f303k8\FrameworkHALDriver\Src\stm32f3xx_hal_dma.o
                0x08000d46                HAL_DMA_Abort_IT
 .text.I2C_Flush_TXDR
                0x08000d8e       0x1c .pio\build\nucleo_f303k8\FrameworkHALDriver\Src\stm32f3xx_hal_i2c.o
 .text.I2C_IsAcknowledgeFailed
                0x08000daa       0x88 .pio\build\nucleo_f303k8\FrameworkHALDriver\Src\stm32f3xx_hal_i2c.o
 .text.I2C_WaitOnTXISFlagUntilTimeout
                0x08000e32       0x4e .pio\build\nucleo_f303k8\FrameworkHALDriver\Src\stm32f3xx_hal_i2c.o
 .text.I2C_WaitOnSTOPFlagUntilTimeout
                0x08000e80       0x4a .pio\build\nucleo_f303k8\FrameworkHALDriver\Src\stm32f3xx_hal_i2c.o
 .text.I2C_WaitOnFlagUntilTimeout
                0x08000eca       0x54 .pio\build\nucleo_f303k8\FrameworkHALDriver\Src\stm32f3xx_hal_i2c.o
 .text.HAL_I2C_Slave_Transmit
                0x08000f1e      0x13a .pio\build\nucleo_f303k8\FrameworkHALDriver\Src\stm32f3xx_hal_i2c.o
                0x08000f1e                HAL_I2C_Slave_Transmit
 .text.HAL_RCC_OscConfig
                0x08001058      0x510 .pio\build\nucleo_f303k8\FrameworkHALDriver\Src\stm32f3xx_hal_rcc.o
                0x08001058                HAL_RCC_OscConfig
 .text.HAL_RCC_GetSysClockFreq
                0x08001568       0x64 .pio\build\nucleo_f303k8\FrameworkHALDriver\Src\stm32f3xx_hal_rcc.o
                0x08001568                HAL_RCC_GetSysClockFreq
 .text.HAL_RCC_ClockConfig
                0x080015cc      0x158 .pio\build\nucleo_f303k8\FrameworkHALDriver\Src\stm32f3xx_hal_rcc.o
                0x080015cc                HAL_RCC_ClockConfig
 .text.HAL_RCC_GetPCLK1Freq
                0x08001724       0x30 .pio\build\nucleo_f303k8\FrameworkHALDriver\Src\stm32f3xx_hal_rcc.o
                0x08001724                HAL_RCC_GetPCLK1Freq
 .text.HAL_RCC_GetPCLK2Freq
                0x08001754       0x30 .pio\build\nucleo_f303k8\FrameworkHALDriver\Src\stm32f3xx_hal_rcc.o
                0x08001754                HAL_RCC_GetPCLK2Freq
 .text.HAL_RCCEx_PeriphCLKConfig
                0x08001784      0x15c .pio\build\nucleo_f303k8\FrameworkHALDriver\Src\stm32f3xx_hal_rcc_ex.o
                0x08001784                HAL_RCCEx_PeriphCLKConfig
 .text.UART_EndRxTransfer
                0x080018e0       0x4e .pio\build\nucleo_f303k8\FrameworkHALDriver\Src\stm32f3xx_hal_uart.o
 .text.HAL_UART_MspInit
                0x0800192e        0x2 .pio\build\nucleo_f303k8\FrameworkHALDriver\Src\stm32f3xx_hal_uart.o
                0x0800192e                HAL_UART_MspInit
 .text.HAL_UART_TxCpltCallback
                0x08001930        0x2 .pio\build\nucleo_f303k8\FrameworkHALDriver\Src\stm32f3xx_hal_uart.o
                0x08001930                HAL_UART_TxCpltCallback
 .text.UART_DMAAbortOnError
                0x08001932       0x14 .pio\build\nucleo_f303k8\FrameworkHALDriver\Src\stm32f3xx_hal_uart.o
 .text.HAL_UARTEx_RxEventCallback
                0x08001946        0x2 .pio\build\nucleo_f303k8\FrameworkHALDriver\Src\stm32f3xx_hal_uart.o
                0x08001946                HAL_UARTEx_RxEventCallback
 .text.HAL_UART_IRQHandler
                0x08001948      0x288 .pio\build\nucleo_f303k8\FrameworkHALDriver\Src\stm32f3xx_hal_uart.o
                0x08001948                HAL_UART_IRQHandler
 .text.UART_RxISR_8BIT.part.2
                0x08001bd0       0x66 .pio\build\nucleo_f303k8\FrameworkHALDriver\Src\stm32f3xx_hal_uart.o
 .text.UART_RxISR_16BIT
                0x08001c36       0x3a .pio\build\nucleo_f303k8\FrameworkHALDriver\Src\stm32f3xx_hal_uart.o
 .text.UART_RxISR_8BIT
                0x08001c70       0x42 .pio\build\nucleo_f303k8\FrameworkHALDriver\Src\stm32f3xx_hal_uart.o
 *fill*         0x08001cb2        0x2 
 .text.UART_SetConfig
                0x08001cb4      0x150 .pio\build\nucleo_f303k8\FrameworkHALDriver\Src\stm32f3xx_hal_uart.o
                0x08001cb4                UART_SetConfig
 .text.UART_AdvFeatureConfig
                0x08001e04       0xa8 .pio\build\nucleo_f303k8\FrameworkHALDriver\Src\stm32f3xx_hal_uart.o
                0x08001e04                UART_AdvFeatureConfig
 .text.UART_WaitOnFlagUntilTimeout
                0x08001eac       0xb6 .pio\build\nucleo_f303k8\FrameworkHALDriver\Src\stm32f3xx_hal_uart.o
                0x08001eac                UART_WaitOnFlagUntilTimeout
 .text.HAL_UART_Transmit
                0x08001f62       0xb2 .pio\build\nucleo_f303k8\FrameworkHALDriver\Src\stm32f3xx_hal_uart.o
                0x08001f62                HAL_UART_Transmit
 .text.UART_CheckIdleState
                0x08002014       0x64 .pio\build\nucleo_f303k8\FrameworkHALDriver\Src\stm32f3xx_hal_uart.o
                0x08002014                UART_CheckIdleState
 .text.HAL_UART_Init
                0x08002078       0x5c .pio\build\nucleo_f303k8\FrameworkHALDriver\Src\stm32f3xx_hal_uart.o
                0x08002078                HAL_UART_Init
 .text.UART_Start_Receive_IT
                0x080020d4       0xa4 .pio\build\nucleo_f303k8\FrameworkHALDriver\Src\stm32f3xx_hal_uart.o
                0x080020d4                UART_Start_Receive_IT
 .text.HAL_UART_Receive_IT
                0x08002178       0x46 .pio\build\nucleo_f303k8\FrameworkHALDriver\Src\stm32f3xx_hal_uart.o
                0x08002178                HAL_UART_Receive_IT
 .text.HAL_UARTEx_WakeupCallback
                0x080021be        0x2 .pio\build\nucleo_f303k8\FrameworkHALDriver\Src\stm32f3xx_hal_uart_ex.o
                0x080021be                HAL_UARTEx_WakeupCallback
 .text.startup.main
                0x080021c0       0xd0 .pio\build\nucleo_f303k8\src\main_stm32.o
                0x080021c0                main
 .text.SysTick_Handler
                0x08002290        0x4 .pio\build\nucleo_f303k8\src\main_stm32.o
                0x08002290                SysTick_Handler
 .text._ZN21PAL_STM32_UART_STREAMD2Ev
                0x08002294       0x18 .pio\build\nucleo_f303k8\src\ota_update_test.o
                0x08002294                PAL_STM32_UART_STREAM::~PAL_STM32_UART_STREAM()
                0x08002294                PAL_STM32_UART_STREAM::~PAL_STM32_UART_STREAM()
 .text._Z5setupv
                0x080022ac       0x64 .pio\build\nucleo_f303k8\src\ota_update_test.o
                0x080022ac                setup()
 .text._Z4loopv
                0x08002310       0xc4 .pio\build\nucleo_f303k8\src\ota_update_test.o
                0x08002310                loop()
 .text._ZN21PAL_STM32_UART_STREAMD0Ev
                0x080023d4       0x14 .pio\build\nucleo_f303k8\src\ota_update_test.o
                0x080023d4                PAL_STM32_UART_STREAM::~PAL_STM32_UART_STREAM()
 .text.startup._GLOBAL__sub_I_LoRaSerial_UART_STM32
                0x080023e8       0x80 .pio\build\nucleo_f303k8\src\ota_update_test.o
 .text.Reset_Handler
                0x08002468       0x9c .pio\build\nucleo_f303k8\src\startup_stm32f303x8_modified.o
                0x08002468                Reset_Handler
 .text.Default_Handler
                0x08002504        0x2 .pio\build\nucleo_f303k8\src\startup_stm32f303x8_modified.o
                0x08002504                RTC_Alarm_IRQHandler
                0x08002504                DebugMon_Handler
                0x08002504                TIM1_CC_IRQHandler
                0x08002504                HardFault_Handler
                0x08002504                PVD_IRQHandler
                0x08002504                TAMP_STAMP_IRQHandler
                0x08002504                PendSV_Handler
                0x08002504                NMI_Handler
                0x08002504                EXTI3_IRQHandler
                0x08002504                EXTI0_IRQHandler
                0x08002504                FPU_IRQHandler
                0x08002504                CAN_TX_IRQHandler
                0x08002504                TIM1_UP_TIM16_IRQHandler
                0x08002504                UsageFault_Handler
                0x08002504                ADC1_2_IRQHandler
                0x08002504                SPI1_IRQHandler
                0x08002504                CAN_SCE_IRQHandler
                0x08002504                DMA1_Channel4_IRQHandler
                0x08002504                USART3_IRQHandler
                0x08002504                DMA1_Channel7_IRQHandler
                0x08002504                TIM7_DAC2_IRQHandler
                0x08002504                CAN_RX1_IRQHandler
                0x08002504                I2C1_EV_IRQHandler
                0x08002504                DMA1_Channel6_IRQHandler
                0x08002504                TIM3_IRQHandler
                0x08002504                RCC_IRQHandler
                0x08002504                DMA1_Channel1_IRQHandler
                0x08002504                Default_Handler
                0x08002504                EXTI15_10_IRQHandler
                0x08002504                COMP2_IRQHandler
                0x08002504                TIM6_DAC1_IRQHandler
                0x08002504                EXTI9_5_IRQHandler
                0x08002504                RTC_WKUP_IRQHandler
                0x08002504                MemManage_Handler
                0x08002504                SVC_Handler
                0x08002504                DMA1_Channel5_IRQHandler
                0x08002504                EXTI4_IRQHandler
                0x08002504                TIM1_TRG_COM_TIM17_IRQHandler
                0x08002504                DMA1_Channel3_IRQHandler
                0x08002504                WWDG_IRQHandler
                0x08002504                TIM2_IRQHandler
                0x08002504                EXTI1_IRQHandler
                0x08002504                COMP4_6_IRQHandler
                0x08002504                DMA1_Channel2_IRQHandler
                0x08002504                FLASH_IRQHandler
                0x08002504                BusFault_Handler
                0x08002504                CAN_RX0_IRQHandler
                0x08002504                I2C1_ER_IRQHandler
                0x08002504                EXTI2_TSC_IRQHandler
                0x08002504                TIM1_BRK_TIM15_IRQHandler
 .text._ZN16PAL_STM32_STREAM5writeEPKhj
                0x08002506       0x22 .pio\build\nucleo_f303k8\lib6dd\libPAL_STM32_STREAM.a(PAL_STM32_STREAM.o)
                0x08002506                PAL_STM32_STREAM::write(unsigned char const*, unsigned int)
 .text._ZN16PAL_STM32_STREAM5writeEPKcj
                0x08002528        0x6 .pio\build\nucleo_f303k8\lib6dd\libPAL_STM32_STREAM.a(PAL_STM32_STREAM.o)
                0x08002528                PAL_STM32_STREAM::write(char const*, unsigned int)
 .text._ZN16PAL_STM32_STREAM5writeEPKc
                0x0800252e       0x1e .pio\build\nucleo_f303k8\lib6dd\libPAL_STM32_STREAM.a(PAL_STM32_STREAM.o)
                0x0800252e                PAL_STM32_STREAM::write(char const*)
 .text._ZN23PAL_STM32_STREAM_BUFFERC2Et
                0x0800254c       0x18 .pio\build\nucleo_f303k8\lib6dd\libPAL_STM32_STREAM.a(PAL_STM32_STREAM.o)
                0x0800254c                PAL_STM32_STREAM_BUFFER::PAL_STM32_STREAM_BUFFER(unsigned short)
                0x0800254c                PAL_STM32_STREAM_BUFFER::PAL_STM32_STREAM_BUFFER(unsigned short)
 .text._ZN23PAL_STM32_STREAM_BUFFERD2Ev
                0x08002564       0x10 .pio\build\nucleo_f303k8\lib6dd\libPAL_STM32_STREAM.a(PAL_STM32_STREAM.o)
                0x08002564                PAL_STM32_STREAM_BUFFER::~PAL_STM32_STREAM_BUFFER()
                0x08002564                PAL_STM32_STREAM_BUFFER::~PAL_STM32_STREAM_BUFFER()
 .text._ZN23PAL_STM32_STREAM_BUFFER3putEh
                0x08002574       0x1e .pio\build\nucleo_f303k8\lib6dd\libPAL_STM32_STREAM.a(PAL_STM32_STREAM.o)
                0x08002574                PAL_STM32_STREAM_BUFFER::put(unsigned char)
 .text._ZN23PAL_STM32_STREAM_BUFFER3getERh
                0x08002592       0x2e .pio\build\nucleo_f303k8\lib6dd\libPAL_STM32_STREAM.a(PAL_STM32_STREAM.o)
                0x08002592                PAL_STM32_STREAM_BUFFER::get(unsigned char&)
 .text._ZNK23PAL_STM32_STREAM_BUFFER9get_countEv
                0x080025c0       0x1e .pio\build\nucleo_f303k8\lib6dd\libPAL_STM32_STREAM.a(PAL_STM32_STREAM.o)
                0x080025c0                PAL_STM32_STREAM_BUFFER::get_count() const
 .text._ZN16PAL_STM32_STREAM9availableEv
                0x080025de        0xa .pio\build\nucleo_f303k8\lib6dd\libPAL_STM32_STREAM.a(PAL_STM32_STREAM.o)
                0x080025de                PAL_STM32_STREAM::available()
 .text._ZN16PAL_STM32_STREAM4readEv
                0x080025e8       0x1e .pio\build\nucleo_f303k8\lib6dd\libPAL_STM32_STREAM.a(PAL_STM32_STREAM.o)
                0x080025e8                PAL_STM32_STREAM::read()
 .text._ZN16PAL_STM32_STREAM10put_bufferEh
                0x08002606       0x20 .pio\build\nucleo_f303k8\lib6dd\libPAL_STM32_STREAM.a(PAL_STM32_STREAM.o)
                0x08002606                PAL_STM32_STREAM::put_buffer(unsigned char)
 .text._ZNK16PAL_STM32_STREAM15get_rx_byte_ptrEv
                0x08002626        0x4 .pio\build\nucleo_f303k8\lib6dd\libPAL_STM32_STREAM.a(PAL_STM32_STREAM.o)
                0x08002626                PAL_STM32_STREAM::get_rx_byte_ptr() const
 .text._ZNK16PAL_STM32_STREAM11get_rx_byteEv
                0x0800262a        0x4 .pio\build\nucleo_f303k8\lib6dd\libPAL_STM32_STREAM.a(PAL_STM32_STREAM.o)
                0x0800262a                PAL_STM32_STREAM::get_rx_byte() const
 .text._ZN21PAL_STM32_UART_STREAM5writeEh
                0x0800262e       0x32 .pio\build\nucleo_f303k8\liba4d\libPAL_STM32_UART.a(PAL_STM32_UART.o)
                0x0800262e                PAL_STM32_UART_STREAM::write(unsigned char)
 .text._ZN21PAL_STM32_UART_STREAM5writeEPKhj
                0x08002660       0x30 .pio\build\nucleo_f303k8\liba4d\libPAL_STM32_UART.a(PAL_STM32_UART.o)
                0x08002660                PAL_STM32_UART_STREAM::write(unsigned char const*, unsigned int)
 .text._ZN21PAL_STM32_UART_STREAMC2EP13USART_TypeDef
                0x08002690       0x5c .pio\build\nucleo_f303k8\liba4d\libPAL_STM32_UART.a(PAL_STM32_UART.o)
                0x08002690                PAL_STM32_UART_STREAM::PAL_STM32_UART_STREAM(USART_TypeDef*)
                0x08002690                PAL_STM32_UART_STREAM::PAL_STM32_UART_STREAM(USART_TypeDef*)
 .text._ZN21PAL_STM32_UART_STREAM5beginEm
                0x080026ec      0x104 .pio\build\nucleo_f303k8\liba4d\libPAL_STM32_UART.a(PAL_STM32_UART.o)
                0x080026ec                PAL_STM32_UART_STREAM::begin(unsigned long)
 .text._ZN21PAL_STM32_UART_STREAM5printEPKc
                0x080027f0        0x6 .pio\build\nucleo_f303k8\liba4d\libPAL_STM32_UART.a(PAL_STM32_UART.o)
                0x080027f0                PAL_STM32_UART_STREAM::print(char const*)
 .text._ZN21PAL_STM32_UART_STREAM5printEc
                0x080027f6        0x6 .pio\build\nucleo_f303k8\liba4d\libPAL_STM32_UART.a(PAL_STM32_UART.o)
                0x080027f6                PAL_STM32_UART_STREAM::print(char)
 .text._ZN21PAL_STM32_UART_STREAM11printNumberEmh
                0x080027fc       0x3c .pio\build\nucleo_f303k8\liba4d\libPAL_STM32_UART.a(PAL_STM32_UART.o)
                0x080027fc                PAL_STM32_UART_STREAM::printNumber(unsigned long, unsigned char)
 .text._ZN21PAL_STM32_UART_STREAM5printElh
                0x08002838       0x40 .pio\build\nucleo_f303k8\liba4d\libPAL_STM32_UART.a(PAL_STM32_UART.o)
                0x08002838                PAL_STM32_UART_STREAM::print(long, unsigned char)
 .text._ZN21PAL_STM32_UART_STREAM5printEih
                0x08002878        0x4 .pio\build\nucleo_f303k8\liba4d\libPAL_STM32_UART.a(PAL_STM32_UART.o)
                0x08002878                PAL_STM32_UART_STREAM::print(int, unsigned char)
 .text._ZN21PAL_STM32_UART_STREAM5printEmh
                0x0800287c       0x14 .pio\build\nucleo_f303k8\liba4d\libPAL_STM32_UART.a(PAL_STM32_UART.o)
                0x0800287c                PAL_STM32_UART_STREAM::print(unsigned long, unsigned char)
 .text._ZN21PAL_STM32_UART_STREAM5printEhh
                0x08002890        0x4 .pio\build\nucleo_f303k8\liba4d\libPAL_STM32_UART.a(PAL_STM32_UART.o)
                0x08002890                PAL_STM32_UART_STREAM::print(unsigned char, unsigned char)
 .text._ZN21PAL_STM32_UART_STREAM7printlnEv
                0x08002894        0xc .pio\build\nucleo_f303k8\liba4d\libPAL_STM32_UART.a(PAL_STM32_UART.o)
                0x08002894                PAL_STM32_UART_STREAM::println()
 .text._ZN21PAL_STM32_UART_STREAM7printlnEPKc
                0x080028a0       0x14 .pio\build\nucleo_f303k8\liba4d\libPAL_STM32_UART.a(PAL_STM32_UART.o)
                0x080028a0                PAL_STM32_UART_STREAM::println(char const*)
 .text._ZN21PAL_STM32_UART_STREAM7printlnEhh
                0x080028b4       0x14 .pio\build\nucleo_f303k8\liba4d\libPAL_STM32_UART.a(PAL_STM32_UART.o)
                0x080028b4                PAL_STM32_UART_STREAM::println(unsigned char, unsigned char)
 .text._ZN21PAL_STM32_UART_STREAM7printlnEih
                0x080028c8       0x14 .pio\build\nucleo_f303k8\liba4d\libPAL_STM32_UART.a(PAL_STM32_UART.o)
                0x080028c8                PAL_STM32_UART_STREAM::println(int, unsigned char)
 .text._ZN21PAL_STM32_UART_STREAM7printlnEmh
                0x080028dc       0x14 .pio\build\nucleo_f303k8\liba4d\libPAL_STM32_UART.a(PAL_STM32_UART.o)
                0x080028dc                PAL_STM32_UART_STREAM::println(unsigned long, unsigned char)
 .text.USART1_IRQHandler
                0x080028f0       0x24 .pio\build\nucleo_f303k8\liba4d\libPAL_STM32_UART.a(PAL_STM32_UART.o)
                0x080028f0                USART1_IRQHandler
 .text.USART2_IRQHandler
                0x08002914       0x24 .pio\build\nucleo_f303k8\liba4d\libPAL_STM32_UART.a(PAL_STM32_UART.o)
                0x08002914                USART2_IRQHandler
 .text.HAL_UART_RxCpltCallback
                0x08002938       0x50 .pio\build\nucleo_f303k8\liba4d\libPAL_STM32_UART.a(PAL_STM32_UART.o)
                0x08002938                HAL_UART_RxCpltCallback
 .text.HAL_UART_ErrorCallback
                0x08002988       0x44 .pio\build\nucleo_f303k8\liba4d\libPAL_STM32_UART.a(PAL_STM32_UART.o)
                0x08002988                HAL_UART_ErrorCallback
 .text._ZN14PAL_STM32_WIRED2Ev
                0x080029cc       0x18 .pio\build\nucleo_f303k8\lib192\libPAL_STM32.a(PAL_STM32.o)
                0x080029cc                PAL_STM32_WIRE::~PAL_STM32_WIRE()
                0x080029cc                PAL_STM32_WIRE::~PAL_STM32_WIRE()
 .text._Z33PAL_STM32_RANDOMSEED_INIT_ENTROPYv
                0x080029e4       0xe8 .pio\build\nucleo_f303k8\lib192\libPAL_STM32.a(PAL_STM32.o)
                0x080029e4                PAL_STM32_RANDOMSEED_INIT_ENTROPY()
 .text._ZN14PAL_STM32_WIRED0Ev
                0x08002acc       0x14 .pio\build\nucleo_f303k8\lib192\libPAL_STM32.a(PAL_STM32.o)
                0x08002acc                PAL_STM32_WIRE::~PAL_STM32_WIRE()
 .text.startup._GLOBAL__sub_I_Serial
                0x08002ae0       0x60 .pio\build\nucleo_f303k8\lib192\libPAL_STM32.a(PAL_STM32.o)
 .text._Z22PAL_GENERAL_RANDOMSEEDm
                0x08002b40        0x8 .pio\build\nucleo_f303k8\lib4f5\libPAL.a(PAL.o)
                0x08002b40                PAL_GENERAL_RANDOMSEED(unsigned long)
 .text._Z18PAL_GENERAL_RANDOMm
                0x08002b48       0x14 .pio\build\nucleo_f303k8\lib4f5\libPAL.a(PAL.o)
                0x08002b48                PAL_GENERAL_RANDOM(unsigned long)
 .text._Z18PAL_GENERAL_RANDOMmm
                0x08002b5c       0x14 .pio\build\nucleo_f303k8\lib4f5\libPAL.a(PAL.o)
                0x08002b5c                PAL_GENERAL_RANDOM(unsigned long, unsigned long)
 .text._ZN10Encryption18set_encryption_keyEPKh
                0x08002b70        0xa .pio\build\nucleo_f303k8\lib03e\libEncryption.a(Encryption.o)
                0x08002b70                Encryption::set_encryption_key(unsigned char const*)
 .text._ZN10EncryptionC2EPKh
                0x08002b7a       0x22 .pio\build\nucleo_f303k8\lib03e\libEncryption.a(Encryption.o)
                0x08002b7a                Encryption::Encryption(unsigned char const*)
                0x08002b7a                Encryption::Encryption(unsigned char const*)
 .text._ZN10Encryption18generate_random_ivEv
                0x08002b9c       0x10 .pio\build\nucleo_f303k8\lib03e\libEncryption.a(Encryption.o)
                0x08002b9c                Encryption::generate_random_iv()
 .text._ZN10Encryption12set_iv_blockEtPh
                0x08002bac       0x18 .pio\build\nucleo_f303k8\lib03e\libEncryption.a(Encryption.o)
                0x08002bac                Encryption::set_iv_block(unsigned short, unsigned char*)
 .text._ZN10Encryption7encryptEPKcjPcjt
                0x08002bc4       0x7c .pio\build\nucleo_f303k8\lib03e\libEncryption.a(Encryption.o)
                0x08002bc4                Encryption::encrypt(char const*, unsigned int, char*, unsigned int, unsigned short)
 .text._ZN10Encryption7decryptEPKcjPcjt
                0x08002c40       0x94 .pio\build\nucleo_f303k8\lib03e\libEncryption.a(Encryption.o)
                0x08002c40                Encryption::decrypt(char const*, unsigned int, char*, unsigned int, unsigned short)
 .text._ZN4LoRaC2EP10LoRaSerialthttm8DataRate9Bandwidth8CodeRateh11IQConverted
                0x08002cd4       0x4a .pio\build\nucleo_f303k8\lib9c3\libLoRa.a(LoRa.o)
                0x08002cd4                LoRa::LoRa(LoRaSerial*, unsigned short, unsigned char, unsigned short, unsigned short, unsigned long, DataRate, Bandwidth, CodeRate, unsigned char, IQConverted)
                0x08002cd4                LoRa::LoRa(LoRaSerial*, unsigned short, unsigned char, unsigned short, unsigned short, unsigned long, DataRate, Bandwidth, CodeRate, unsigned char, IQConverted)
 .text._ZN4LoRa12send_commandEPKcjS1_j
                0x08002d1e       0x58 .pio\build\nucleo_f303k8\lib9c3\libLoRa.a(LoRa.o)
                0x08002d1e                LoRa::send_command(char const*, unsigned int, char const*, unsigned int)
 *fill*         0x08002d76        0x2 
 .text._ZN4LoRa14set_local_addrEt
                0x08002d78       0x50 .pio\build\nucleo_f303k8\lib9c3\libLoRa.a(LoRa.o)
                0x08002d78                LoRa::set_local_addr(unsigned short)
 .text._ZN4LoRa15set_target_addrEt
                0x08002dc8       0x50 .pio\build\nucleo_f303k8\lib9c3\libLoRa.a(LoRa.o)
                0x08002dc8                LoRa::set_target_addr(unsigned short)
 .text._ZN4LoRa5beginEv
                0x08002e18       0x48 .pio\build\nucleo_f303k8\lib9c3\libLoRa.a(LoRa.o)
                0x08002e18                LoRa::begin()
 .text._ZN4LoRa9set_stateE9LoRaState
                0x08002e60      0x260 .pio\build\nucleo_f303k8\lib9c3\libLoRa.a(LoRa.o)
                0x08002e60                LoRa::set_state(LoRaState)
 .text._ZN4LoRa4sendEPKcj
                0x080030c0       0xb4 .pio\build\nucleo_f303k8\lib9c3\libLoRa.a(LoRa.o)
                0x080030c0                LoRa::send(char const*, unsigned int)
 .text._ZN4LoRa9get_stateEv
                0x08003174        0x6 .pio\build\nucleo_f303k8\lib9c3\libLoRa.a(LoRa.o)
                0x08003174                LoRa::get_state()
 .text._Z16hex_char_to_bytec
                0x0800317a       0x28 .pio\build\nucleo_f303k8\lib9c3\libLoRa.a(LoRa.o)
                0x0800317a                hex_char_to_byte(char)
 *fill*         0x080031a2        0x2 
 .text._ZN4LoRa4recvEv
                0x080031a4      0x12c .pio\build\nucleo_f303k8\lib9c3\libLoRa.a(LoRa.o)
                0x080031a4                LoRa::recv()
 .text._ZN4LoRa10get_bufferEv
                0x080032d0        0x6 .pio\build\nucleo_f303k8\lib9c3\libLoRa.a(LoRa.o)
                0x080032d0                LoRa::get_buffer()
 .text._ZN3BCPD2Ev
                0x080032d6        0x2 .pio\build\nucleo_f303k8\lib372\libBCP.a(BCP.o)
                0x080032d6                BCP::~BCP()
                0x080032d6                BCP::~BCP()
 .text._ZL9print_hexPKcj
                0x080032d8       0x6c .pio\build\nucleo_f303k8\lib372\libBCP.a(BCP.o)
 .text._ZN3BCPD0Ev
                0x08003344       0x10 .pio\build\nucleo_f303k8\lib372\libBCP.a(BCP.o)
                0x08003344                BCP::~BCP()
 .text._ZN3BCP11send_packetEh.part.0
                0x08003354       0xc8 .pio\build\nucleo_f303k8\lib372\libBCP.a(BCP.o)
 .text._ZN3BCPC2EthP4LoRaPFvPKcjEP10Encryption
                0x0800341c       0x58 .pio\build\nucleo_f303k8\lib372\libBCP.a(BCP.o)
                0x0800341c                BCP::BCP(unsigned short, unsigned char, LoRa*, void (*)(char const*, unsigned int), Encryption*)
                0x0800341c                BCP::BCP(unsigned short, unsigned char, LoRa*, void (*)(char const*, unsigned int), Encryption*)
 .text._ZN3BCP11send_packetEh
                0x08003474        0xc .pio\build\nucleo_f303k8\lib372\libBCP.a(BCP.o)
                0x08003474                BCP::send_packet(unsigned char)
 .text._ZN3BCP15new_send_packetEv
                0x08003480       0x3e .pio\build\nucleo_f303k8\lib372\libBCP.a(BCP.o)
                0x08003480                BCP::new_send_packet()
 .text._ZN3BCP15new_recv_packetEv
                0x080034be       0x38 .pio\build\nucleo_f303k8\lib372\libBCP.a(BCP.o)
                0x080034be                BCP::new_recv_packet()
 *fill*         0x080034f6        0x2 
 .text._ZN3BCP19reject_recvd_packetEv
                0x080034f8       0x54 .pio\build\nucleo_f303k8\lib372\libBCP.a(BCP.o)
                0x080034f8                BCP::reject_recvd_packet()
 .text._ZN3BCP21validate_recvd_packetEv
                0x0800354c      0x344 .pio\build\nucleo_f303k8\lib372\libBCP.a(BCP.o)
                0x0800354c                BCP::validate_recvd_packet()
 .text._ZN3BCP11recv_packetEv
                0x08003890       0xec .pio\build\nucleo_f303k8\lib372\libBCP.a(BCP.o)
                0x08003890                BCP::recv_packet()
 .text._ZN3BCP9send_recvEh10PacketType.part.1
                0x0800397c       0x70 .pio\build\nucleo_f303k8\lib372\libBCP.a(BCP.o)
 .text._ZN3BCP11synchroniseEv
                0x080039ec       0x4c .pio\build\nucleo_f303k8\lib372\libBCP.a(BCP.o)
                0x080039ec                BCP::synchronise()
 .text._ZN3BCP14send_data_descEj
                0x08003a38       0x7c .pio\build\nucleo_f303k8\lib372\libBCP.a(BCP.o)
                0x08003a38                BCP::send_data_desc(unsigned int)
 .text._ZN3BCP9send_dataEPKcj
                0x08003ab4       0x60 .pio\build\nucleo_f303k8\lib372\libBCP.a(BCP.o)
                0x08003ab4                BCP::send_data(char const*, unsigned int)
 .text._ZN3BCP14recv_data_descEv
                0x08003b14       0xa8 .pio\build\nucleo_f303k8\lib372\libBCP.a(BCP.o)
                0x08003b14                BCP::recv_data_desc()
 .text._ZN3BCP9recv_dataEv
                0x08003bbc      0x114 .pio\build\nucleo_f303k8\lib372\libBCP.a(BCP.o)
                0x08003bbc                BCP::recv_data()
 .text._ZN3BCP6finishEv
                0x08003cd0       0x8c .pio\build\nucleo_f303k8\lib372\libBCP.a(BCP.o)
                0x08003cd0                BCP::finish()
 .text._ZN3BCP4sendEPKcj
                0x08003d5c      0x134 .pio\build\nucleo_f303k8\lib372\libBCP.a(BCP.o)
                0x08003d5c                BCP::send(char const*, unsigned int)
 .text.__cxa_pure_virtual
                0x08003e90        0x6 c:/users/user/.platformio/packages/toolchain-gccarmnoneeabi/bin/../lib/gcc/arm-none-eabi/7.2.1/../../../../arm-none-eabi/lib/thumb/v7e-m\libstdc++_nano.a(pure.o)
                0x08003e90                __cxa_pure_virtual
 .text._ZdaPv   0x08003e96        0x4 c:/users/user/.platformio/packages/toolchain-gccarmnoneeabi/bin/../lib/gcc/arm-none-eabi/7.2.1/../../../../arm-none-eabi/lib/thumb/v7e-m\libstdc++_nano.a(del_opv.o)
                0x08003e96                operator delete[](void*)
 .text._ZN10__cxxabiv111__terminateEPFvvE
                0x08003e9a        0x8 c:/users/user/.platformio/packages/toolchain-gccarmnoneeabi/bin/../lib/gcc/arm-none-eabi/7.2.1/../../../../arm-none-eabi/lib/thumb/v7e-m\libstdc++_nano.a(eh_terminate.o)
                0x08003e9a                __cxxabiv1::__terminate(void (*)())
 *fill*         0x08003ea2        0x2 
 .text._ZSt13get_terminatev
                0x08003ea4       0x10 c:/users/user/.platformio/packages/toolchain-gccarmnoneeabi/bin/../lib/gcc/arm-none-eabi/7.2.1/../../../../arm-none-eabi/lib/thumb/v7e-m\libstdc++_nano.a(eh_terminate.o)
                0x08003ea4                std::get_terminate()
 .text._ZSt9terminatev
                0x08003eb4        0xa c:/users/user/.platformio/packages/toolchain-gccarmnoneeabi/bin/../lib/gcc/arm-none-eabi/7.2.1/../../../../arm-none-eabi/lib/thumb/v7e-m\libstdc++_nano.a(eh_terminate.o)
                0x08003eb4                std::terminate()
 .text.__aeabi_atexit
                0x08003ebe        0xa c:/users/user/.platformio/packages/toolchain-gccarmnoneeabi/bin/../lib/gcc/arm-none-eabi/7.2.1/../../../../arm-none-eabi/lib/thumb/v7e-m\libstdc++_nano.a(atexit_arm.o)
                0x08003ebe                __aeabi_atexit
 .text._ZdlPvj  0x08003ec8        0x4 c:/users/user/.platformio/packages/toolchain-gccarmnoneeabi/bin/../lib/gcc/arm-none-eabi/7.2.1/../../../../arm-none-eabi/lib/thumb/v7e-m\libstdc++_nano.a(del_ops.o)
                0x08003ec8                operator delete(void*, unsigned int)
 .text._Znaj    0x08003ecc        0x4 c:/users/user/.platformio/packages/toolchain-gccarmnoneeabi/bin/../lib/gcc/arm-none-eabi/7.2.1/../../../../arm-none-eabi/lib/thumb/v7e-m\libstdc++_nano.a(new_opv.o)
                0x08003ecc                operator new[](unsigned int)
 .text._Znwj    0x08003ed0       0x22 c:/users/user/.platformio/packages/toolchain-gccarmnoneeabi/bin/../lib/gcc/arm-none-eabi/7.2.1/../../../../arm-none-eabi/lib/thumb/v7e-m\libstdc++_nano.a(new_op.o)
                0x08003ed0                operator new(unsigned int)
 .text._ZdlPv   0x08003ef2        0x4 c:/users/user/.platformio/packages/toolchain-gccarmnoneeabi/bin/../lib/gcc/arm-none-eabi/7.2.1/../../../../arm-none-eabi/lib/thumb/v7e-m\libstdc++_nano.a(del_op.o)
                0x08003ef2                operator delete(void*)
 *fill*         0x08003ef6        0x2 
 .text._ZSt15get_new_handlerv
                0x08003ef8       0x10 c:/users/user/.platformio/packages/toolchain-gccarmnoneeabi/bin/../lib/gcc/arm-none-eabi/7.2.1/../../../../arm-none-eabi/lib/thumb/v7e-m\libstdc++_nano.a(new_handler.o)
                0x08003ef8                std::get_new_handler()
 .text.SystemInit
                0x08003f08        0x2 .pio\build\nucleo_f303k8\libFrameworkCMSISDevice.a(system_stm32f3xx.o)
                0x08003f08                SystemInit
 *fill*         0x08003f0a        0x2 
 .text._ZN14PAL_STM32_WIRE5writeEh
                0x08003f0c       0x4c .pio\build\nucleo_f303k8\libe87\libPAL_STM32_WIRE.a(PAL_STM32_WIRE.o)
                0x08003f0c                PAL_STM32_WIRE::write(unsigned char)
 .text.startup._GLOBAL__sub_I__ZN14PAL_STM32_WIRE11tx_address_E
                0x08003f58       0x28 .pio\build\nucleo_f303k8\libe87\libPAL_STM32_WIRE.a(PAL_STM32_WIRE.o)
 .text._ZL9xor_blockPhPKh
                0x08003f80       0x4c .pio\build\nucleo_f303k8\liba28\libAES.a(AES.o)
 .text._ZL12copy_and_keyPhPKhS1_
                0x08003fcc       0x52 .pio\build\nucleo_f303k8\liba28\libAES.a(AES.o)
 *fill*         0x0800401e        0x2 
 .text._ZN3AESC2Ev
                0x08004020       0x34 .pio\build\nucleo_f303k8\liba28\libAES.a(AES.o)
                0x08004020                AES::AES()
                0x08004020                AES::AES()
 .text._ZN3AES12copy_n_bytesEPhPKhh
                0x08004054       0x5a .pio\build\nucleo_f303k8\liba28\libAES.a(AES.o)
                0x08004054                AES::copy_n_bytes(unsigned char*, unsigned char const*, unsigned char)
 *fill*         0x080040ae        0x2 
 .text._ZN3AES7set_keyEPKht
                0x080040b0      0x134 .pio\build\nucleo_f303k8\liba28\libAES.a(AES.o)
                0x080040b0                AES::set_key(unsigned char const*, unsigned short)
 .text._ZN3AES7encryptEPKhPh
                0x080041e4      0x200 .pio\build\nucleo_f303k8\liba28\libAES.a(AES.o)
                0x080041e4                AES::encrypt(unsigned char const*, unsigned char*)
 .text._ZN3AES11cbc_encryptEPKhPhiS2_
                0x080043e4       0x3c .pio\build\nucleo_f303k8\liba28\libAES.a(AES.o)
                0x080043e4                AES::cbc_encrypt(unsigned char const*, unsigned char*, int, unsigned char*)
 .text._ZN3AES7decryptEPKhPh
                0x08004420      0x2c8 .pio\build\nucleo_f303k8\liba28\libAES.a(AES.o)
                0x08004420                AES::decrypt(unsigned char const*, unsigned char*)
 .text._ZN3AES11cbc_decryptEPKhPhiS2_
                0x080046e8       0x4c .pio\build\nucleo_f303k8\liba28\libAES.a(AES.o)
                0x080046e8                AES::cbc_decrypt(unsigned char const*, unsigned char*, int, unsigned char*)
 .text._ZN3AES8get_sizeEv
                0x08004734        0x6 .pio\build\nucleo_f303k8\liba28\libAES.a(AES.o)
                0x08004734                AES::get_size()
 .text._ZN3AES8set_sizeEi
                0x0800473a        0x6 .pio\build\nucleo_f303k8\liba28\libAES.a(AES.o)
                0x0800473a                AES::set_size(int)
 .text._ZN3AES15calc_size_n_padEi
                0x08004740       0x5a .pio\build\nucleo_f303k8\liba28\libAES.a(AES.o)
                0x08004740                AES::calc_size_n_pad(int)
 .text._ZN3AES12padPlaintextEPKvPh
                0x0800479a       0x92 .pio\build\nucleo_f303k8\liba28\libAES.a(AES.o)
                0x0800479a                AES::padPlaintext(void const*, unsigned char*)
 .text._ZN3AES16get_unpadded_lenEPKhi
                0x0800482c       0x6e .pio\build\nucleo_f303k8\liba28\libAES.a(AES.o)
                0x0800482c                AES::get_unpadded_len(unsigned char const*, int)
 .text._ZN3AES10setPadModeE11paddingMode
                0x0800489a        0x4 .pio\build\nucleo_f303k8\liba28\libAES.a(AES.o)
                0x0800489a                AES::setPadMode(paddingMode)
 .text._ZN10LoRaSerial13read_blockingEt
                0x0800489e       0x2e .pio\build\nucleo_f303k8\libf6c\libLoRaSerial.a(LoraSerial.o)
                0x0800489e                LoRaSerial::read_blocking(unsigned short)
 .text._ZN10LoRaSerial8expectedEPKcjPcjt
                0x080048cc       0x98 .pio\build\nucleo_f303k8\libf6c\libLoRaSerial.a(LoraSerial.o)
                0x080048cc                LoRaSerial::expected(char const*, unsigned int, char*, unsigned int, unsigned short)
 .text._ZN10LoRaSerial12flush_bufferEv
                0x08004964       0x18 .pio\build\nucleo_f303k8\libf6c\libLoRaSerial.a(LoraSerial.o)
                0x08004964                LoRaSerial::flush_buffer()
 .text._ZN6PacketC2EP10Encryption
                0x0800497c        0x4 .pio\build\nucleo_f303k8\libdbd\libPacket.a(Packet.o)
                0x0800497c                Packet::Packet(Encryption*)
                0x0800497c                Packet::Packet(Encryption*)
 .text._ZNK6Packet8get_typeEv
                0x08004980        0x4 .pio\build\nucleo_f303k8\libdbd\libPacket.a(Packet.o)
                0x08004980                Packet::get_type() const
 .text._ZN6Packet9set_indexEm
                0x08004984        0x8 .pio\build\nucleo_f303k8\libdbd\libPacket.a(Packet.o)
                0x08004984                Packet::set_index(unsigned long)
 .text._ZNK6Packet9get_indexEv
                0x0800498c        0x4 .pio\build\nucleo_f303k8\libdbd\libPacket.a(Packet.o)
                0x0800498c                Packet::get_index() const
 .text._ZN6Packet25generate_message_checksumEv
                0x08004990       0x3a .pio\build\nucleo_f303k8\libdbd\libPacket.a(Packet.o)
                0x08004990                Packet::generate_message_checksum()
 .text._ZN6Packet25validate_message_checksumEv
                0x080049ca       0x12 .pio\build\nucleo_f303k8\libdbd\libPacket.a(Packet.o)
                0x080049ca                Packet::validate_message_checksum()
 .text._ZNK6Packet13get_data_sizeEv
                0x080049dc        0x4 .pio\build\nucleo_f303k8\libdbd\libPacket.a(Packet.o)
                0x080049dc                Packet::get_data_size() const
 .text._ZN6Packet8set_dataEPKc
                0x080049e0        0xe .pio\build\nucleo_f303k8\libdbd\libPacket.a(Packet.o)
                0x080049e0                Packet::set_data(char const*)
 .text._ZN6Packet3setE10PacketTypemhPKc
                0x080049ee       0x16 .pio\build\nucleo_f303k8\libdbd\libPacket.a(Packet.o)
                0x080049ee                Packet::set(PacketType, unsigned long, unsigned char, char const*)
 .text._ZNK6Packet8get_dataEv
                0x08004a04        0x4 .pio\build\nucleo_f303k8\libdbd\libPacket.a(Packet.o)
                0x08004a04                Packet::get_data() const
 .text._ZN6Packet24generate_packet_checksumEv
                0x08004a08       0x30 .pio\build\nucleo_f303k8\libdbd\libPacket.a(Packet.o)
                0x08004a08                Packet::generate_packet_checksum()
 .text._ZN6Packet24validate_packet_checksumEv
                0x08004a38       0x14 .pio\build\nucleo_f303k8\libdbd\libPacket.a(Packet.o)
                0x08004a38                Packet::validate_packet_checksum()
 .text._ZN6Packet15set_packet_sizeEh
                0x08004a4c        0x6 .pio\build\nucleo_f303k8\libdbd\libPacket.a(Packet.o)
                0x08004a4c                Packet::set_packet_size(unsigned char)
 .text._ZNK6Packet15get_packet_sizeEv
                0x08004a52        0x6 .pio\build\nucleo_f303k8\libdbd\libPacket.a(Packet.o)
                0x08004a52                Packet::get_packet_size() const
 .text._ZN6Packet10set_packetEPKc
                0x08004a58       0x10 .pio\build\nucleo_f303k8\libdbd\libPacket.a(Packet.o)
                0x08004a58                Packet::set_packet(char const*)
 .text._ZNK6Packet10get_packetEv
                0x08004a68        0x4 .pio\build\nucleo_f303k8\libdbd\libPacket.a(Packet.o)
                0x08004a68                Packet::get_packet() const
 .text._ZNK6Packet6get_ivEv
                0x08004a6c        0x4 .pio\build\nucleo_f303k8\libdbd\libPacket.a(Packet.o)
                0x08004a6c                Packet::get_iv() const
 .text._Z7set_bitP8BitArrayh
                0x08004a70       0x3c .pio\build\nucleo_f303k8\libdbd\libPacket.a(Packet.o)
                0x08004a70                set_bit(BitArray*, unsigned char)
 .text._Z7get_bitP8BitArrayh
                0x08004aac       0x2e .pio\build\nucleo_f303k8\libdbd\libPacket.a(Packet.o)
                0x08004aac                get_bit(BitArray*, unsigned char)
 *fill*         0x08004ada        0x2 
 .text._ZN6Packet17find_missing_charEv
                0x08004adc       0x6c .pio\build\nucleo_f303k8\libdbd\libPacket.a(Packet.o)
                0x08004adc                Packet::find_missing_char()
 .text._ZN6Packet20replace_illegal_charEv
                0x08004b48       0x2a .pio\build\nucleo_f303k8\libdbd\libPacket.a(Packet.o)
                0x08004b48                Packet::replace_illegal_char()
 .text._ZN6Packet12generate_rawEv
                0x08004b72       0xa0 .pio\build\nucleo_f303k8\libdbd\libPacket.a(Packet.o)
                0x08004b72                Packet::generate_raw()
 .text._ZN6Packet19revert_illegal_charEv
                0x08004c12       0x30 .pio\build\nucleo_f303k8\libdbd\libPacket.a(Packet.o)
                0x08004c12                Packet::revert_illegal_char()
 .text._ZN6Packet8from_rawEv
                0x08004c42       0x8a .pio\build\nucleo_f303k8\libdbd\libPacket.a(Packet.o)
                0x08004c42                Packet::from_raw()
 .text._ZNK6PacketeqERKS_
                0x08004ccc       0x2e .pio\build\nucleo_f303k8\libdbd\libPacket.a(Packet.o)
                0x08004ccc                Packet::operator==(Packet const&) const
 .text.abort    0x08004cfa        0xe c:/users/user/.platformio/packages/toolchain-gccarmnoneeabi/bin/../lib/gcc/arm-none-eabi/7.2.1/../../../../arm-none-eabi/lib/thumb/v7e-m\libc_nano.a(lib_a-abort.o)
                0x08004cfa                abort
 .text.__cxa_atexit
                0x08004d08       0x1c c:/users/user/.platformio/packages/toolchain-gccarmnoneeabi/bin/../lib/gcc/arm-none-eabi/7.2.1/../../../../arm-none-eabi/lib/thumb/v7e-m\libc_nano.a(lib_a-cxa_atexit.o)
                0x08004d08                __cxa_atexit
 .text.__libc_init_array
                0x08004d24       0x48 c:/users/user/.platformio/packages/toolchain-gccarmnoneeabi/bin/../lib/gcc/arm-none-eabi/7.2.1/../../../../arm-none-eabi/lib/thumb/v7e-m\libc_nano.a(lib_a-init.o)
                0x08004d24                __libc_init_array
 .text.malloc   0x08004d6c       0x10 c:/users/user/.platformio/packages/toolchain-gccarmnoneeabi/bin/../lib/gcc/arm-none-eabi/7.2.1/../../../../arm-none-eabi/lib/thumb/v7e-m\libc_nano.a(lib_a-malloc.o)
                0x08004d6c                malloc
 .text.free     0x08004d7c       0x10 c:/users/user/.platformio/packages/toolchain-gccarmnoneeabi/bin/../lib/gcc/arm-none-eabi/7.2.1/../../../../arm-none-eabi/lib/thumb/v7e-m\libc_nano.a(lib_a-malloc.o)
                0x08004d7c                free
 .text._free_r  0x08004d8c       0x9c c:/users/user/.platformio/packages/toolchain-gccarmnoneeabi/bin/../lib/gcc/arm-none-eabi/7.2.1/../../../../arm-none-eabi/lib/thumb/v7e-m\libc_nano.a(lib_a-nano-freer.o)
                0x08004d8c                _free_r
 .text._malloc_r
                0x08004e28       0xb4 c:/users/user/.platformio/packages/toolchain-gccarmnoneeabi/bin/../lib/gcc/arm-none-eabi/7.2.1/../../../../arm-none-eabi/lib/thumb/v7e-m\libc_nano.a(lib_a-nano-mallocr.o)
                0x08004e28                _malloc_r
 .text.srand    0x08004edc       0x48 c:/users/user/.platformio/packages/toolchain-gccarmnoneeabi/bin/../lib/gcc/arm-none-eabi/7.2.1/../../../../arm-none-eabi/lib/thumb/v7e-m\libc_nano.a(lib_a-rand.o)
                0x08004edc                srand
 .text.rand     0x08004f24       0x68 c:/users/user/.platformio/packages/toolchain-gccarmnoneeabi/bin/../lib/gcc/arm-none-eabi/7.2.1/../../../../arm-none-eabi/lib/thumb/v7e-m\libc_nano.a(lib_a-rand.o)
                0x08004f24                rand
 .text._sbrk_r  0x08004f8c       0x20 c:/users/user/.platformio/packages/toolchain-gccarmnoneeabi/bin/../lib/gcc/arm-none-eabi/7.2.1/../../../../arm-none-eabi/lib/thumb/v7e-m\libc_nano.a(lib_a-sbrkr.o)
                0x08004f8c                _sbrk_r
 .text._raise_r
                0x08004fac       0x50 c:/users/user/.platformio/packages/toolchain-gccarmnoneeabi/bin/../lib/gcc/arm-none-eabi/7.2.1/../../../../arm-none-eabi/lib/thumb/v7e-m\libc_nano.a(lib_a-signal.o)
                0x08004fac                _raise_r
 .text.raise    0x08004ffc       0x10 c:/users/user/.platformio/packages/toolchain-gccarmnoneeabi/bin/../lib/gcc/arm-none-eabi/7.2.1/../../../../arm-none-eabi/lib/thumb/v7e-m\libc_nano.a(lib_a-signal.o)
                0x08004ffc                raise
 .text._kill_r  0x0800500c       0x24 c:/users/user/.platformio/packages/toolchain-gccarmnoneeabi/bin/../lib/gcc/arm-none-eabi/7.2.1/../../../../arm-none-eabi/lib/thumb/v7e-m\libc_nano.a(lib_a-signalr.o)
                0x0800500c                _kill_r
 .text._getpid_r
                0x08005030        0x4 c:/users/user/.platformio/packages/toolchain-gccarmnoneeabi/bin/../lib/gcc/arm-none-eabi/7.2.1/../../../../arm-none-eabi/lib/thumb/v7e-m\libc_nano.a(lib_a-signalr.o)
                0x08005030                _getpid_r
 .text.snprintf
                0x08005034       0x68 c:/users/user/.platformio/packages/toolchain-gccarmnoneeabi/bin/../lib/gcc/arm-none-eabi/7.2.1/../../../../arm-none-eabi/lib/thumb/v7e-m\libc_nano.a(lib_a-snprintf.o)
                0x08005034                sniprintf
                0x08005034                snprintf
 .text.__malloc_lock
                0x0800509c        0x2 c:/users/user/.platformio/packages/toolchain-gccarmnoneeabi/bin/../lib/gcc/arm-none-eabi/7.2.1/../../../../arm-none-eabi/lib/thumb/v7e-m\libc_nano.a(lib_a-mlock.o)
                0x0800509c                __malloc_lock
 .text.__malloc_unlock
                0x0800509e        0x2 c:/users/user/.platformio/packages/toolchain-gccarmnoneeabi/bin/../lib/gcc/arm-none-eabi/7.2.1/../../../../arm-none-eabi/lib/thumb/v7e-m\libc_nano.a(lib_a-mlock.o)
                0x0800509e                __malloc_unlock
 .text.__ssputs_r
                0x080050a0       0xb4 c:/users/user/.platformio/packages/toolchain-gccarmnoneeabi/bin/../lib/gcc/arm-none-eabi/7.2.1/../../../../arm-none-eabi/lib/thumb/v7e-m\libc_nano.a(lib_a-nano-svfprintf.o)
                0x080050a0                __ssputs_r
 .text._svfprintf_r
                0x08005154      0x1ec c:/users/user/.platformio/packages/toolchain-gccarmnoneeabi/bin/../lib/gcc/arm-none-eabi/7.2.1/../../../../arm-none-eabi/lib/thumb/v7e-m\libc_nano.a(lib_a-nano-svfprintf.o)
                0x08005154                _svfiprintf_r
                0x08005154                _svfprintf_r
 .text._printf_common
                0x08005340       0xea c:/users/user/.platformio/packages/toolchain-gccarmnoneeabi/bin/../lib/gcc/arm-none-eabi/7.2.1/../../../../arm-none-eabi/lib/thumb/v7e-m\libc_nano.a(lib_a-nano-vfprintf_i.o)
                0x08005340                _printf_common
 *fill*         0x0800542a        0x2 
 .text._printf_i
                0x0800542c      0x224 c:/users/user/.platformio/packages/toolchain-gccarmnoneeabi/bin/../lib/gcc/arm-none-eabi/7.2.1/../../../../arm-none-eabi/lib/thumb/v7e-m\libc_nano.a(lib_a-nano-vfprintf_i.o)
                0x0800542c                _printf_i
 .text._realloc_r
                0x08005650       0x4c c:/users/user/.platformio/packages/toolchain-gccarmnoneeabi/bin/../lib/gcc/arm-none-eabi/7.2.1/../../../../arm-none-eabi/lib/thumb/v7e-m\libc_nano.a(lib_a-nano-reallocr.o)
                0x08005650                _realloc_r
 .text._malloc_usable_size_r
                0x0800569c       0x10 c:/users/user/.platformio/packages/toolchain-gccarmnoneeabi/bin/../lib/gcc/arm-none-eabi/7.2.1/../../../../arm-none-eabi/lib/thumb/v7e-m\libc_nano.a(lib_a-nano-msizer.o)
                0x0800569c                _malloc_usable_size_r
 .text._getpid  0x080056ac       0x10 c:/users/user/.platformio/packages/toolchain-gccarmnoneeabi/bin/../lib/gcc/arm-none-eabi/7.2.1/../../../../arm-none-eabi/lib/thumb/v7e-m\libnosys.a(getpid.o)
                0x080056ac                _getpid
 .text._kill    0x080056bc       0x10 c:/users/user/.platformio/packages/toolchain-gccarmnoneeabi/bin/../lib/gcc/arm-none-eabi/7.2.1/../../../../arm-none-eabi/lib/thumb/v7e-m\libnosys.a(kill.o)
                0x080056bc                _kill
 .text._sbrk    0x080056cc       0x1c c:/users/user/.platformio/packages/toolchain-gccarmnoneeabi/bin/../lib/gcc/arm-none-eabi/7.2.1/../../../../arm-none-eabi/lib/thumb/v7e-m\libnosys.a(sbrk.o)
                0x080056cc                _sbrk
 .text._exit    0x080056e8        0x4 c:/users/user/.platformio/packages/toolchain-gccarmnoneeabi/bin/../lib/gcc/arm-none-eabi/7.2.1/../../../../arm-none-eabi/lib/thumb/v7e-m\libnosys.a(_exit.o)
                0x080056e8                _exit
 *(.glue_7)
 .glue_7        0x080056ec        0x0 linker stubs
 *(.glue_7t)
 .glue_7t       0x080056ec        0x0 linker stubs
 *(.eh_frame)
 .eh_frame      0x080056ec        0x0 c:/users/user/.platformio/packages/toolchain-gccarmnoneeabi/bin/../lib/gcc/arm-none-eabi/7.2.1/thumb/v7e-m/crtbegin.o
 *(.init)
 .init          0x080056ec        0x4 c:/users/user/.platformio/packages/toolchain-gccarmnoneeabi/bin/../lib/gcc/arm-none-eabi/7.2.1/thumb/v7e-m/crti.o
                0x080056ec                _init
 .init          0x080056f0        0x8 c:/users/user/.platformio/packages/toolchain-gccarmnoneeabi/bin/../lib/gcc/arm-none-eabi/7.2.1/thumb/v7e-m/crtn.o
 *(.fini)
 .fini          0x080056f8        0x4 c:/users/user/.platformio/packages/toolchain-gccarmnoneeabi/bin/../lib/gcc/arm-none-eabi/7.2.1/thumb/v7e-m/crti.o
                0x080056f8                _fini
 .fini          0x080056fc        0x8 c:/users/user/.platformio/packages/toolchain-gccarmnoneeabi/bin/../lib/gcc/arm-none-eabi/7.2.1/thumb/v7e-m/crtn.o
                0x08005704                . = ALIGN (0x4)
                0x08005704                _etext = .

.vfp11_veneer   0x08005704        0x0
 .vfp11_veneer  0x08005704        0x0 linker stubs

.v4_bx          0x08005704        0x0
 .v4_bx         0x08005704        0x0 linker stubs

.iplt           0x08005704        0x0
 .iplt          0x08005704        0x0 c:/users/user/.platformio/packages/toolchain-gccarmnoneeabi/bin/../lib/gcc/arm-none-eabi/7.2.1/thumb/v7e-m/crtbegin.o

.rodata         0x08005704      0x890
                0x08005704                . = ALIGN (0x4)
 *(.rodata)
 *(.rodata*)
 .rodata.aPLLMULFactorTable
                0x08005704       0x10 .pio\build\nucleo_f303k8\FrameworkHALDriver\Src\stm32f3xx_hal_rcc.o
                0x08005704                aPLLMULFactorTable
 .rodata.aPredivFactorTable
                0x08005714       0x10 .pio\build\nucleo_f303k8\FrameworkHALDriver\Src\stm32f3xx_hal_rcc.o
                0x08005714                aPredivFactorTable
 .rodata.CSWTCH.53
                0x08005724        0x4 .pio\build\nucleo_f303k8\FrameworkHALDriver\Src\stm32f3xx_hal_uart.o
 .rodata._Z4loopv.str1.1
                0x08005728       0x7f .pio\build\nucleo_f303k8\src\ota_update_test.o
 .rodata._Z5setupv.str1.1
                0x080057a7       0x32 .pio\build\nucleo_f303k8\src\ota_update_test.o
 .rodata._ZL14encryption_key
                0x080057d9       0x10 .pio\build\nucleo_f303k8\src\ota_update_test.o
 *fill*         0x080057e9        0x3 
 .rodata._ZTV16PAL_STM32_STREAM
                0x080057ec       0x20 .pio\build\nucleo_f303k8\lib6dd\libPAL_STM32_STREAM.a(PAL_STM32_STREAM.o)
                0x080057ec                vtable for PAL_STM32_STREAM
 .rodata._ZN21PAL_STM32_UART_STREAM7printlnEv.str1.1
                0x0800580c       0x32 .pio\build\nucleo_f303k8\liba4d\libPAL_STM32_UART.a(PAL_STM32_UART.o)
                                  0x3 (size before relaxing)
 .rodata._ZTV21PAL_STM32_UART_STREAM
                0x0800580c       0x20 .pio\build\nucleo_f303k8\liba4d\libPAL_STM32_UART.a(PAL_STM32_UART.o)
                0x0800580c                vtable for PAL_STM32_UART_STREAM
 .rodata._ZN10Encryption7decryptEPKcjPcjt.str1.1
                0x0800582c       0x6b .pio\build\nucleo_f303k8\lib03e\libEncryption.a(Encryption.o)
 .rodata._ZN4LoRa14set_local_addrEt.str1.1
                0x08005897       0x2a .pio\build\nucleo_f303k8\lib9c3\libLoRa.a(LoRa.o)
 .rodata._ZN4LoRa15set_target_addrEt.str1.1
                0x080058c1       0x2d .pio\build\nucleo_f303k8\lib9c3\libLoRa.a(LoRa.o)
 .rodata._ZN4LoRa4recvEv.str1.1
                0x080058ee        0x8 .pio\build\nucleo_f303k8\lib9c3\libLoRa.a(LoRa.o)
 .rodata._ZN4LoRa4sendEPKcj.str1.1
                0x080058f6       0x28 .pio\build\nucleo_f303k8\lib9c3\libLoRa.a(LoRa.o)
 .rodata._ZN4LoRa5beginEv.str1.1
                0x0800591e        0x6 .pio\build\nucleo_f303k8\lib9c3\libLoRa.a(LoRa.o)
 .rodata._ZN4LoRa9set_stateE9LoRaState.str1.1
                0x08005924       0x8f .pio\build\nucleo_f303k8\lib9c3\libLoRa.a(LoRa.o)
                                 0x92 (size before relaxing)
 .rodata._ZL9print_hexPKcj.str1.1
                0x080059b3        0xa .pio\build\nucleo_f303k8\lib372\libBCP.a(BCP.o)
                                  0xc (size before relaxing)
 .rodata._ZN3BCP11recv_packetEv.str1.1
                0x080059bd       0x47 .pio\build\nucleo_f303k8\lib372\libBCP.a(BCP.o)
 .rodata._ZN3BCP11send_packetEh.part.0.str1.1
                0x08005a04       0x29 .pio\build\nucleo_f303k8\lib372\libBCP.a(BCP.o)
 .rodata._ZN3BCP11synchroniseEv.str1.1
                0x08005a2d       0x29 .pio\build\nucleo_f303k8\lib372\libBCP.a(BCP.o)
                                  0x1 (size before relaxing)
 .rodata._ZN3BCP14recv_data_descEv.str1.1
                0x08005a2d       0x1e .pio\build\nucleo_f303k8\lib372\libBCP.a(BCP.o)
 .rodata._ZN3BCP14send_data_descEj.str1.1
                0x08005a4b       0x1e .pio\build\nucleo_f303k8\lib372\libBCP.a(BCP.o)
 .rodata._ZN3BCP19reject_recvd_packetEv.str1.1
                0x08005a69       0x10 .pio\build\nucleo_f303k8\lib372\libBCP.a(BCP.o)
 .rodata._ZN3BCP21validate_recvd_packetEv.str1.1
                0x08005a79      0x18c .pio\build\nucleo_f303k8\lib372\libBCP.a(BCP.o)
 .rodata._ZN3BCP4sendEPKcj.str1.1
                0x08005c05       0x63 .pio\build\nucleo_f303k8\lib372\libBCP.a(BCP.o)
 .rodata._ZN3BCP9recv_dataEv.str1.1
                0x08005c68       0x15 .pio\build\nucleo_f303k8\lib372\libBCP.a(BCP.o)
 *fill*         0x08005c7d        0x3 
 .rodata._ZTV3BCP
                0x08005c80       0x14 .pio\build\nucleo_f303k8\lib372\libBCP.a(BCP.o)
                0x08005c80                vtable for BCP
 .rodata.AHBPrescTable
                0x08005c94       0x10 .pio\build\nucleo_f303k8\libFrameworkCMSISDevice.a(system_stm32f3xx.o)
                0x08005c94                AHBPrescTable
 .rodata.APBPrescTable
                0x08005ca4        0x8 .pio\build\nucleo_f303k8\libFrameworkCMSISDevice.a(system_stm32f3xx.o)
                0x08005ca4                APBPrescTable
 .rodata._ZTV14PAL_STM32_WIRE
                0x08005cac       0x20 .pio\build\nucleo_f303k8\libe87\libPAL_STM32_WIRE.a(PAL_STM32_WIRE.o)
                0x08005cac                vtable for PAL_STM32_WIRE
 .rodata._ZL5s_fwd
                0x08005ccc      0x100 .pio\build\nucleo_f303k8\liba28\libAES.a(AES.o)
 .rodata._ZL5s_inv
                0x08005dcc      0x100 .pio\build\nucleo_f303k8\liba28\libAES.a(AES.o)
 .rodata._ZN6Packet17find_missing_charEv.str1.1
                0x08005ecc       0x31 .pio\build\nucleo_f303k8\libdbd\libPacket.a(Packet.o)
 *fill*         0x08005efd        0x3 
 .rodata.__sf_fake_stderr
                0x08005f00       0x20 c:/users/user/.platformio/packages/toolchain-gccarmnoneeabi/bin/../lib/gcc/arm-none-eabi/7.2.1/../../../../arm-none-eabi/lib/thumb/v7e-m\libc_nano.a(lib_a-findfp.o)
                0x08005f00                __sf_fake_stderr
 .rodata.__sf_fake_stdin
                0x08005f20       0x20 c:/users/user/.platformio/packages/toolchain-gccarmnoneeabi/bin/../lib/gcc/arm-none-eabi/7.2.1/../../../../arm-none-eabi/lib/thumb/v7e-m\libc_nano.a(lib_a-findfp.o)
                0x08005f20                __sf_fake_stdin
 .rodata.__sf_fake_stdout
                0x08005f40       0x20 c:/users/user/.platformio/packages/toolchain-gccarmnoneeabi/bin/../lib/gcc/arm-none-eabi/7.2.1/../../../../arm-none-eabi/lib/thumb/v7e-m\libc_nano.a(lib_a-findfp.o)
                0x08005f40                __sf_fake_stdout
 .rodata._svfprintf_r.str1.1
                0x08005f60       0x11 c:/users/user/.platformio/packages/toolchain-gccarmnoneeabi/bin/../lib/gcc/arm-none-eabi/7.2.1/../../../../arm-none-eabi/lib/thumb/v7e-m\libc_nano.a(lib_a-nano-svfprintf.o)
 .rodata._printf_i.str1.1
                0x08005f71       0x22 c:/users/user/.platformio/packages/toolchain-gccarmnoneeabi/bin/../lib/gcc/arm-none-eabi/7.2.1/../../../../arm-none-eabi/lib/thumb/v7e-m\libc_nano.a(lib_a-nano-vfprintf_i.o)
                0x08005f94                . = ALIGN (0x4)
 *fill*         0x08005f93        0x1 

.ARM.extab      0x08005f94        0x0
                0x08005f94                . = ALIGN (0x4)
 *(.ARM.extab* .gnu.linkonce.armextab.*)
                0x08005f94                . = ALIGN (0x4)

.ARM            0x08005f94        0x0
                0x08005f94                . = ALIGN (0x4)
                0x08005f94                __exidx_start = .
 *(.ARM.exidx*)
                0x08005f94                __exidx_end = .
                0x08005f94                . = ALIGN (0x4)

.preinit_array  0x08005f94        0x0
                0x08005f94                . = ALIGN (0x4)
                0x08005f94                PROVIDE (__preinit_array_start, .)
 *(.preinit_array*)
                0x08005f94                PROVIDE (__preinit_array_end, .)
                0x08005f94                . = ALIGN (0x4)

.init_array     0x08005f94       0x14
                0x08005f94                . = ALIGN (0x4)
                0x08005f94                PROVIDE (__init_array_start, .)
 *(SORT_BY_NAME(.init_array.*))
 *(.init_array*)
 .init_array    0x08005f94        0x4 c:/users/user/.platformio/packages/toolchain-gccarmnoneeabi/bin/../lib/gcc/arm-none-eabi/7.2.1/thumb/v7e-m/crtbegin.o
 .init_array    0x08005f98        0x4 C:\Users\User\OneDrive\Documents\buoy-stm32\lib\FirmwareUpdater\libFirmwareUpdater.a(SD.o)
 .init_array    0x08005f9c        0x4 .pio\build\nucleo_f303k8\src\ota_update_test.o
 .init_array    0x08005fa0        0x4 .pio\build\nucleo_f303k8\lib192\libPAL_STM32.a(PAL_STM32.o)
 .init_array    0x08005fa4        0x4 .pio\build\nucleo_f303k8\libe87\libPAL_STM32_WIRE.a(PAL_STM32_WIRE.o)
                0x08005fa8                PROVIDE (__init_array_end, .)
                0x08005fa8                . = ALIGN (0x4)

.fini_array     0x08005fa8        0x4
                0x08005fa8                . = ALIGN (0x4)
                [!provide]                PROVIDE (__fini_array_start, .)
 *(SORT_BY_NAME(.fini_array.*))
 *(.fini_array*)
 .fini_array    0x08005fa8        0x4 c:/users/user/.platformio/packages/toolchain-gccarmnoneeabi/bin/../lib/gcc/arm-none-eabi/7.2.1/thumb/v7e-m/crtbegin.o
                [!provide]                PROVIDE (__fini_array_end, .)
                0x08005fac                . = ALIGN (0x4)
                0x08009800                _flash_update_start = ORIGIN (FLASH_UPDATE)
                0x08010000                _flash_update_end = (ORIGIN (FLASH_UPDATE) + LENGTH (FLASH_UPDATE))
                0x08009800                _sifirmware_update_data = LOADADDR (.firmware_update_data)

.firmware_update_data
                0x20000000       0x24 load address 0x08009800
                0x20000000                . = ALIGN (0x4)
                0x20000000                _sfirmware_update_data = .
 *(SORT_BY_NAME(.firmware_update_data))
 .firmware_update_data
                0x20000000        0x4 C:\Users\User\OneDrive\Documents\buoy-stm32\lib\FirmwareUpdater\libFirmwareUpdater.a(SD.o)
                0x20000000                SD::SPI_instance_
 .firmware_update_data
                0x20000004        0x8 C:\Users\User\OneDrive\Documents\buoy-stm32\lib\FirmwareUpdater\libFirmwareUpdater.a(firmware_objects.o)
                0x20000004                uwTickFreq
                0x20000008                SystemCoreClock
 .firmware_update_data
                0x2000000c       0x15 C:\Users\User\OneDrive\Documents\buoy-stm32\lib\FirmwareUpdater\libFirmwareUpdater.a(user_diskio.o)
                0x2000000c                USER_Driver
 .firmware_update_data
                0x20000021        0x1 C:\Users\User\OneDrive\Documents\buoy-stm32\lib\FirmwareUpdater\libFirmwareUpdater.a(user_diskio_spi.o)
 *(SORT_BY_NAME(.firmware_update_data*))
                0x20000024                . = ALIGN (0x4)
 *fill*         0x20000022        0x2 
                0x20000024                _efirmware_update_data = .
                0x20000024                . = ALIGN (0x4)

.firmware_update_bss
                0x20000024      0x978 load address 0x08009824
                0x20000024                _sfirmware_update_bss = .
                0x20000024                __firmware_update_bss_start__ = _sfirmware_update_bss
 *(SORT_BY_NAME(.firmware_update_bss))
 .firmware_update_bss
                0x20000024      0x4d4 C:\Users\User\OneDrive\Documents\buoy-stm32\lib\FirmwareUpdater\libFirmwareUpdater.a(SD.o)
                0x20000024                hspi
                0x20000088                sd
 .firmware_update_bss
                0x200004f8      0x464 C:\Users\User\OneDrive\Documents\buoy-stm32\lib\FirmwareUpdater\libFirmwareUpdater.a(fatfs.o)
                0x200004f8                USERPath
                0x200004fc                retUSER
                0x20000500                USERFile
                0x2000072c                USERFatFS
 .firmware_update_bss
                0x2000095c       0x1e C:\Users\User\OneDrive\Documents\buoy-stm32\lib\FirmwareUpdater\libFirmwareUpdater.a(ff.o)
 *fill*         0x2000097a        0x2 
 .firmware_update_bss
                0x2000097c        0xc C:\Users\User\OneDrive\Documents\buoy-stm32\lib\FirmwareUpdater\libFirmwareUpdater.a(ff_gen_drv.o)
                0x2000097c                disk
 .firmware_update_bss
                0x20000988        0x8 C:\Users\User\OneDrive\Documents\buoy-stm32\lib\FirmwareUpdater\libFirmwareUpdater.a(firmware_objects.o)
                0x20000988                uwTick
 .firmware_update_bss
                0x20000990        0x9 C:\Users\User\OneDrive\Documents\buoy-stm32\lib\FirmwareUpdater\libFirmwareUpdater.a(user_diskio_spi.o)
                0x20000990                spiTimerTickStart
                0x20000994                spiTimerTickDelay
 *(SORT_BY_NAME(.firmware_update_bss*))
                0x2000099c                . = ALIGN (0x4)
 *fill*         0x20000999        0x3 
                0x2000099c                _efirmware_update_bss = .
                0x2000099c                __firmware_update_bss_end__ = _efirmware_update_bss
                0x08005fac                _sidata = LOADADDR (.data)

.data           0x2000099c       0x74 load address 0x08005fac
                0x2000099c                . = ALIGN (0x4)
                0x2000099c                _sdata = .
 *(.data)
 .data          0x2000099c        0x4 c:/users/user/.platformio/packages/toolchain-gccarmnoneeabi/bin/../lib/gcc/arm-none-eabi/7.2.1/thumb/v7e-m/crtbegin.o
                0x2000099c                __dso_handle
 .data          0x200009a0        0x1 C:\Users\User\OneDrive\Documents\buoy-stm32\lib\FirmwareUpdater\libFirmwareUpdater.a(FirmwareUpdater.o)
                0x200009a0                FirmwareUpdater::new_firmware_success_
 *(.data*)
 *fill*         0x200009a1        0x3 
 .data.uwTickPrio
                0x200009a4        0x4 .pio\build\nucleo_f303k8\FrameworkHALDriver\Src\stm32f3xx_hal.o
                0x200009a4                uwTickPrio
 .data._ZN10__cxxabiv119__terminate_handlerE
                0x200009a8        0x4 c:/users/user/.platformio/packages/toolchain-gccarmnoneeabi/bin/../lib/gcc/arm-none-eabi/7.2.1/../../../../arm-none-eabi/lib/thumb/v7e-m\libstdc++_nano.a(eh_term_handler.o)
                0x200009a8                __cxxabiv1::__terminate_handler
 .data._impure_ptr
                0x200009ac        0x4 c:/users/user/.platformio/packages/toolchain-gccarmnoneeabi/bin/../lib/gcc/arm-none-eabi/7.2.1/../../../../arm-none-eabi/lib/thumb/v7e-m\libc_nano.a(lib_a-impure.o)
                0x200009ac                _impure_ptr
 .data.impure_data
                0x200009b0       0x60 c:/users/user/.platformio/packages/toolchain-gccarmnoneeabi/bin/../lib/gcc/arm-none-eabi/7.2.1/../../../../arm-none-eabi/lib/thumb/v7e-m\libc_nano.a(lib_a-impure.o)
 *(.RamFunc)
 *(.RamFunc*)
                0x20000a10                . = ALIGN (0x4)
                0x20000a10                _edata = .
                0x08006020                _siccmram = LOADADDR (.ccmram)

.igot.plt       0x20000a10        0x0 load address 0x08006020
 .igot.plt      0x20000a10        0x0 c:/users/user/.platformio/packages/toolchain-gccarmnoneeabi/bin/../lib/gcc/arm-none-eabi/7.2.1/thumb/v7e-m/crtbegin.o

.ccmram         0x10000000        0x0 load address 0x08006020
                0x10000000                . = ALIGN (0x4)
                0x10000000                _sccmram = .
 *(.ccmram)
 *(.ccmram*)
                0x10000000                . = ALIGN (0x4)
                0x10000000                _eccmram = .
                0x10000000                . = ALIGN (0x4)

.bss            0x20000a10      0x5cc
                0x20000a10                _sbss = .
                0x20000a10                __bss_start__ = _sbss
 *(.bss)
 .bss           0x20000a10       0x1c c:/users/user/.platformio/packages/toolchain-gccarmnoneeabi/bin/../lib/gcc/arm-none-eabi/7.2.1/thumb/v7e-m/crtbegin.o
 .bss           0x20000a2c        0x4 C:\Users\User\OneDrive\Documents\buoy-stm32\lib\FirmwareUpdater\libFirmwareUpdater.a(FirmwareUpdater.o)
                0x20000a2c                FirmwareUpdater::current_update_size_
 *(.bss*)
 .bss.LoRaSerial_UART_STM32
                0x20000a30       0x9c .pio\build\nucleo_f303k8\src\ota_update_test.o
                0x20000a30                LoRaSerial_UART_STM32
 .bss.encryption
                0x20000acc      0x120 .pio\build\nucleo_f303k8\src\ota_update_test.o
                0x20000acc                encryption
 .bss.firmware_updater
                0x20000bec        0x1 .pio\build\nucleo_f303k8\src\ota_update_test.o
                0x20000bec                firmware_updater
 *fill*         0x20000bed        0x3 
 .bss.lora      0x20000bf0      0x26c .pio\build\nucleo_f303k8\src\ota_update_test.o
                0x20000bf0                lora
 .bss.lora_serial
                0x20000e5c        0x4 .pio\build\nucleo_f303k8\src\ota_update_test.o
                0x20000e5c                lora_serial
 .bss._ZL13USART1_STREAM
                0x20000e60        0x4 .pio\build\nucleo_f303k8\liba4d\libPAL_STM32_UART.a(PAL_STM32_UART.o)
 .bss._ZL13USART2_STREAM
                0x20000e64        0x4 .pio\build\nucleo_f303k8\liba4d\libPAL_STM32_UART.a(PAL_STM32_UART.o)
 .bss.Serial    0x20000e68       0x9c .pio\build\nucleo_f303k8\lib192\libPAL_STM32.a(PAL_STM32.o)
                0x20000e68                Serial
 .bss.Wire      0x20000f04       0x14 .pio\build\nucleo_f303k8\lib192\libPAL_STM32.a(PAL_STM32.o)
                0x20000f04                Wire
 .bss._ZL18is_adc_initialised
                0x20000f18        0x1 .pio\build\nucleo_f303k8\lib192\libPAL_STM32.a(PAL_STM32.o)
 *fill*         0x20000f19        0x3 
 .bss._ZL5hadc1
                0x20000f1c       0x50 .pio\build\nucleo_f303k8\lib192\libPAL_STM32.a(PAL_STM32.o)
 .bss._ZN12_GLOBAL__N_113__new_handlerE
                0x20000f6c        0x4 c:/users/user/.platformio/packages/toolchain-gccarmnoneeabi/bin/../lib/gcc/arm-none-eabi/7.2.1/../../../../arm-none-eabi/lib/thumb/v7e-m\libstdc++_nano.a(new_handler.o)
 .bss._ZN14PAL_STM32_WIRE10tx_buffer_E
                0x20000f70        0xc .pio\build\nucleo_f303k8\libe87\libPAL_STM32_WIRE.a(PAL_STM32_WIRE.o)
                0x20000f70                PAL_STM32_WIRE::tx_buffer_
 .bss._ZN14PAL_STM32_WIRE13transmitting_E
                0x20000f7c        0x1 .pio\build\nucleo_f303k8\libe87\libPAL_STM32_WIRE.a(PAL_STM32_WIRE.o)
                0x20000f7c                PAL_STM32_WIRE::transmitting_
 *fill*         0x20000f7d        0x3 
 .bss._ZN14PAL_STM32_WIRE5hi2c_E
                0x20000f80       0x4c .pio\build\nucleo_f303k8\libe87\libPAL_STM32_WIRE.a(PAL_STM32_WIRE.o)
                0x20000f80                PAL_STM32_WIRE::hi2c_
 .bss.__malloc_free_list
                0x20000fcc        0x4 c:/users/user/.platformio/packages/toolchain-gccarmnoneeabi/bin/../lib/gcc/arm-none-eabi/7.2.1/../../../../arm-none-eabi/lib/thumb/v7e-m\libc_nano.a(lib_a-nano-mallocr.o)
                0x20000fcc                __malloc_free_list
 .bss.__malloc_sbrk_start
                0x20000fd0        0x4 c:/users/user/.platformio/packages/toolchain-gccarmnoneeabi/bin/../lib/gcc/arm-none-eabi/7.2.1/../../../../arm-none-eabi/lib/thumb/v7e-m\libc_nano.a(lib_a-nano-mallocr.o)
                0x20000fd0                __malloc_sbrk_start
 .bss.heap_end.4102
                0x20000fd4        0x4 c:/users/user/.platformio/packages/toolchain-gccarmnoneeabi/bin/../lib/gcc/arm-none-eabi/7.2.1/../../../../arm-none-eabi/lib/thumb/v7e-m\libnosys.a(sbrk.o)
 *(COMMON)
 COMMON         0x20000fd8        0x4 c:/users/user/.platformio/packages/toolchain-gccarmnoneeabi/bin/../lib/gcc/arm-none-eabi/7.2.1/../../../../arm-none-eabi/lib/thumb/v7e-m\libc_nano.a(lib_a-reent.o)
                0x20000fd8                errno
                0x20000fdc                . = ALIGN (0x4)
                0x20000fdc                _ebss = .
                0x20000fdc                __bss_end__ = _ebss

._user_heap_stack
                0x20000fdc      0x604
                0x20000fe0                . = ALIGN (0x8)
 *fill*         0x20000fdc        0x4 
                0x20000fe0                PROVIDE (end, .)
                [!provide]                PROVIDE (_end, .)
                0x200011e0                . = (. + _Min_Heap_Size)
 *fill*         0x20000fe0      0x200 
                0x200015e0                . = (. + _Min_Stack_Size)
 *fill*         0x200011e0      0x400 
                0x200015e0                . = ALIGN (0x8)

/DISCARD/
 libc.a(*)
 libm.a(*)
 libgcc.a(*)

.firmware_update_section
                0x0800a19c     0x4e64
                0x0800a800                . = ALIGN (0x800)
 *fill*         0x0800a19c      0x664 
 *(SORT_BY_NAME(.firmware_update_section))
 .firmware_update_section
                0x0800a800      0x308 C:\Users\User\OneDrive\Documents\buoy-stm32\lib\FirmwareUpdater\libFirmwareUpdater.a(FirmwareUpdater.o)
                0x0800a800                FirmwareUpdater::check()
                0x0800a864                FirmwareUpdater::mcu_reset()
                0x0800a872                FirmwareUpdater::flash_erase_page_(unsigned long)
                0x0800a9a0                FirmwareUpdater::flash_write_byte_(unsigned long, unsigned short)
                0x0800aa0c                FirmwareUpdater::begin_()
                0x0800aacc                FirmwareUpdater::end_()
                0x0800aae8                FirmwareUpdater::update()
 .firmware_update_section
                0x0800ab08       0x2c C:\Users\User\OneDrive\Documents\buoy-stm32\lib\FirmwareUpdater\libFirmwareUpdater.a(PAL_STM32_COMMON.o)
                0x0800ab08                STM32_INTERRUPT_GUARD::STM32_INTERRUPT_GUARD()
                0x0800ab08                STM32_INTERRUPT_GUARD::STM32_INTERRUPT_GUARD()
                0x0800ab24                STM32_INTERRUPT_GUARD::~STM32_INTERRUPT_GUARD()
                0x0800ab24                STM32_INTERRUPT_GUARD::~STM32_INTERRUPT_GUARD()
 .firmware_update_section
                0x0800ab34      0x494 C:\Users\User\OneDrive\Documents\buoy-stm32\lib\FirmwareUpdater\libFirmwareUpdater.a(SD.o)
                0x0800ab34                SD::unmount()
                0x0800ab54                SD::mount()
                0x0800ab84                SD::begin()
                0x0800ab9a                SD::open(FIL*, char const*, unsigned char)
                0x0800abae                SD::close(FIL*)
                0x0800abbe                SD::write(FIL*, unsigned char const*, unsigned int)
                0x0800ac10                SD::write(FIL*, char const*, unsigned int)
                0x0800ac14                SD::write(FIL*, char const*)
                0x0800ac32                SD::write(FIL*, char)
                0x0800ac42                SD::write(FIL*, unsigned char)
                0x0800ac46                SD::read(FIL*, unsigned char*, unsigned int)
                0x0800ac9e                SD::read(FIL*, char*, unsigned int)
                0x0800aca2                SD::read(FIL*)
                0x0800acca                SD::position(FIL*)
                0x0800acd0                SD::seek(FIL*, unsigned long)
                0x0800ace2                SD::file_size(FIL*)
                0x0800ace8                SD::file_size()
                0x0800acee                SD::remove(char const*)
                0x0800acfe                SD::rmdir(char const*)
                0x0800ad02                SD::mkdir(char const*)
                0x0800ad12                SD::rename(char const*, char const*)
                0x0800ad24                SD::exists(char const*)
                0x0800ad36                SD::is_dir(char const*)
                0x0800ad54                SD::is_dir()
                0x0800ad5e                SD::close_dir()
                0x0800ad80                SD::open_dir(char const*)
                0x0800adae                SD::~SD()
                0x0800adae                SD::~SD()
                0x0800adcc                SD::next_file()
                0x0800adea                SD::file_name()
                0x0800adf0                SD::list_dir(char const*, char*, unsigned int)
                0x0800ae54                SD::file_date()
                0x0800ae5a                SD::file_time()
                0x0800ae60                SD::get_total_space()
                0x0800ae8c                SD::get_available_space()
                0x0800aeb4                SD::get_hspi_ptr()
                0x0800af1c                SD::SD()
                0x0800af1c                SD::SD()
 .firmware_update_section
                0x0800afc8      0x1e8 C:\Users\User\OneDrive\Documents\buoy-stm32\lib\FirmwareUpdater\libFirmwareUpdater.a(SD_File.o)
                0x0800afc8                SD_File::close()
                0x0800aff4                SD_File::open(unsigned char)
                0x0800b030                SD_File::write(unsigned char const*, unsigned int)
                0x0800b054                SD_File::write(char const*, unsigned int)
                0x0800b058                SD_File::write(char const*)
                0x0800b078                SD_File::write(char)
                0x0800b098                SD_File::write(unsigned char)
                0x0800b09c                SD_File::read(unsigned char*, unsigned int)
                0x0800b0c0                SD_File::read(char*, unsigned int)
                0x0800b0c4                SD_File::read()
                0x0800b0dc                SD_File::position()
                0x0800b0f0                SD_File::seek(unsigned long)
                0x0800b108                SD_File::get_size()
                0x0800b11c                SD_File::remove()
                0x0800b138                SD_File::rename(char const*)
                0x0800b158                SD_File::exists()
                0x0800b168                SD_File::SD_File(char const*)
                0x0800b168                SD_File::SD_File(char const*)
                0x0800b19c                SD_File::~SD_File()
                0x0800b19c                SD_File::~SD_File()
 .firmware_update_section
                0x0800b1b0       0x88 C:\Users\User\OneDrive\Documents\buoy-stm32\lib\FirmwareUpdater\libFirmwareUpdater.a(diskio.o)
                0x0800b1b0                disk_initialize(unsigned char)
                0x0800b1d0                disk_status(unsigned char)
                0x0800b1e4                disk_read(unsigned char, unsigned char*, unsigned long, unsigned int)
                0x0800b200                disk_write(unsigned char, unsigned char const*, unsigned long, unsigned int)
                0x0800b21c                disk_ioctl(unsigned char, unsigned char, void*)
 .firmware_update_section
                0x0800b238       0x1c C:\Users\User\OneDrive\Documents\buoy-stm32\lib\FirmwareUpdater\libFirmwareUpdater.a(fatfs.o)
                0x0800b238                get_fattime()
                0x0800b23c                MX_FATFS_Init()
 .firmware_update_section
                0x0800b254     0x2650 C:\Users\User\OneDrive\Documents\buoy-stm32\lib\FirmwareUpdater\libFirmwareUpdater.a(ff.o)
                0x0800b254                clust2sect(FATFS*, unsigned long)
                0x0800b4de                get_fat(FATFS*, unsigned long)
                0x0800b5a0                put_fat(FATFS*, unsigned long, unsigned long)
                0x0800bdce                f_mkfs(char const*, unsigned char, unsigned int)
                0x0800c5f8                f_open(FIL*, char const*, unsigned char)
                0x0800c78e                f_opendir(DIR*, char const*)
                0x0800c824                f_mkdir(char const*)
                0x0800c99a                f_unlink(char const*)
                0x0800ca3a                f_rename(char const*, char const*)
                0x0800cb44                f_stat(char const*, FILINFO*)
                0x0800cb86                f_chmod(char const*, unsigned char, unsigned char)
                0x0800cbd4                f_utime(char const*, FILINFO const*)
                0x0800cc26                f_getfree(char const*, unsigned long*, FATFS**)
                0x0800ccfe                f_mount(FATFS*, char const*, unsigned char)
                0x0800cd86                f_read(FIL*, void*, unsigned int, unsigned int*)
                0x0800cf00                f_gets(char*, int, FIL*)
                0x0800cf4c                f_write(FIL*, void const*, unsigned int, unsigned int*)
                0x0800d116                f_lseek(FIL*, unsigned long)
                0x0800d3b0                f_truncate(FIL*)
                0x0800d47a                f_sync(FIL*)
                0x0800d532                f_close(FIL*)
                0x0800d554                f_closedir(DIR*)
                0x0800d57c                f_readdir(DIR*, FILINFO*)
                0x0800d614                f_putc(char, FIL*)
                0x0800d652                f_puts(char const*, FIL*)
                0x0800d696                f_printf(FIL*, char const*, ...)
 .firmware_update_section
                0x0800d8a4       0x88 C:\Users\User\OneDrive\Documents\buoy-stm32\lib\FirmwareUpdater\libFirmwareUpdater.a(ff_gen_drv.o)
                0x0800d8a4                FATFS_LinkDriverEx(Diskio_drvTypeDef*, char*, unsigned char)
                0x0800d8e8                FATFS_LinkDriver(Diskio_drvTypeDef*, char*)
                0x0800d8ee                FATFS_UnLinkDriverEx(char*, unsigned char)
                0x0800d91c                FATFS_UnLinkDriver(char*)
                0x0800d922                FATFS_GetAttachedDriversNbr()
 .firmware_update_section
                0x0800d92c      0xbf4 C:\Users\User\OneDrive\Documents\buoy-stm32\lib\FirmwareUpdater\libFirmwareUpdater.a(firmware_objects.o)
                0x0800d92c                HAL_GetTick
                0x0800d938                HAL_Delay
                0x0800d960                HAL_GPIO_Init
                0x0800dae8                HAL_GPIO_WritePin
                0x0800daf2                SPI_WaitFlagStateUntilTimeout(__SPI_HandleTypeDef*, unsigned long, FlagStatus, unsigned long, unsigned long)
                0x0800db9c                SPI_WaitFifoStateUntilTimeout(__SPI_HandleTypeDef*, unsigned long, unsigned long, unsigned long, unsigned long)
                0x0800dc64                SPI_EndRxTxTransaction(__SPI_HandleTypeDef*, unsigned long, unsigned long)
                0x0800dcb2                HAL_SPI_Init
                0x0800ddc2                HAL_SPI_MspInit
                0x0800ddc4                HAL_SPI_Transmit
                0x0800df58                HAL_SPI_TransmitReceive
                0x0800e2ae                __enable_irq
                0x0800e2b2                __disable_irq
                0x0800e2b6                __get_PRIMASK
                0x0800e2bc                __DSB
                0x0800e2c2                __NVIC_SystemReset
                0x0800e2e8                memcpy
                0x0800e2fa                memset
                0x0800e30a                memmove
                0x0800e334                memcmp
                0x0800e350                strlen
                0x0800e360                strcpy
                0x0800e370                strncpy
                0x0800e394                strcat
                0x0800e3b0                strncat
                0x0800e3d6                strcmp
                0x0800e3ec                strncmp
                0x0800e40a                strchr
                0x0800e424                strrchr
                0x0800e444                memchr
                0x0800e460                strstr
                0x0800e48e                strspn