Archive member included to satisfy reference by file (symbol)

C:/ST/STM32CubeIDE_1.16.1/STM32CubeIDE/plugins/com.st.stm32cube.ide.mcu.externaltools.gnu-tools-for-stm32.12.3.rel1.win32_1.0.200.202406191623/tools/bin/../lib/gcc/arm-none-eabi/12.3.1/../../../../arm-none-eabi/lib/thumb/v7e-m/nofp\libc_nano.a(libc_a-exit.o)
                              C:/ST/STM32CubeIDE_1.16.1/STM32CubeIDE/plugins/com.st.stm32cube.ide.mcu.externaltools.gnu-tools-for-stm32.12.3.rel1.win32_1.0.200.202406191623/tools/bin/../lib/gcc/arm-none-eabi/12.3.1/../../../../arm-none-eabi/lib/thumb/v7e-m/nofp/crt0.o (exit)
C:/ST/STM32CubeIDE_1.16.1/STM32CubeIDE/plugins/com.st.stm32cube.ide.mcu.externaltools.gnu-tools-for-stm32.12.3.rel1.win32_1.0.200.202406191623/tools/bin/../lib/gcc/arm-none-eabi/12.3.1/../../../../arm-none-eabi/lib/thumb/v7e-m/nofp\libc_nano.a(libc_a-findfp.o)
                              C:/ST/STM32CubeIDE_1.16.1/STM32CubeIDE/plugins/com.st.stm32cube.ide.mcu.externaltools.gnu-tools-for-stm32.12.3.rel1.win32_1.0.200.202406191623/tools/bin/../lib/gcc/arm-none-eabi/12.3.1/../../../../arm-none-eabi/lib/thumb/v7e-m/nofp\libc_nano.a(libc_a-exit.o) (__stdio_exit_handler)
C:/ST/STM32CubeIDE_1.16.1/STM32CubeIDE/plugins/com.st.stm32cube.ide.mcu.externaltools.gnu-tools-for-stm32.12.3.rel1.win32_1.0.200.202406191623/tools/bin/../lib/gcc/arm-none-eabi/12.3.1/../../../../arm-none-eabi/lib/thumb/v7e-m/nofp\libc_nano.a(libc_a-fwalk.o)
                              C:/ST/STM32CubeIDE_1.16.1/STM32CubeIDE/plugins/com.st.stm32cube.ide.mcu.externaltools.gnu-tools-for-stm32.12.3.rel1.win32_1.0.200.202406191623/tools/bin/../lib/gcc/arm-none-eabi/12.3.1/../../../../arm-none-eabi/lib/thumb/v7e-m/nofp\libc_nano.a(libc_a-findfp.o) (_fwalk_sglue)
C:/ST/STM32CubeIDE_1.16.1/STM32CubeIDE/plugins/com.st.stm32cube.ide.mcu.externaltools.gnu-tools-for-stm32.12.3.rel1.win32_1.0.200.202406191623/tools/bin/../lib/gcc/arm-none-eabi/12.3.1/../../../../arm-none-eabi/lib/thumb/v7e-m/nofp\libc_nano.a(libc_a-stdio.o)
                              C:/ST/STM32CubeIDE_1.16.1/STM32CubeIDE/plugins/com.st.stm32cube.ide.mcu.externaltools.gnu-tools-for-stm32.12.3.rel1.win32_1.0.200.202406191623/tools/bin/../lib/gcc/arm-none-eabi/12.3.1/../../../../arm-none-eabi/lib/thumb/v7e-m/nofp\libc_nano.a(libc_a-findfp.o) (__sread)
C:/ST/STM32CubeIDE_1.16.1/STM32CubeIDE/plugins/com.st.stm32cube.ide.mcu.externaltools.gnu-tools-for-stm32.12.3.rel1.win32_1.0.200.202406191623/tools/bin/../lib/gcc/arm-none-eabi/12.3.1/../../../../arm-none-eabi/lib/thumb/v7e-m/nofp\libc_nano.a(libc_a-memset.o)
                              C:/ST/STM32CubeIDE_1.16.1/STM32CubeIDE/plugins/com.st.stm32cube.ide.mcu.externaltools.gnu-tools-for-stm32.12.3.rel1.win32_1.0.200.202406191623/tools/bin/../lib/gcc/arm-none-eabi/12.3.1/../../../../arm-none-eabi/lib/thumb/v7e-m/nofp/crt0.o (memset)
C:/ST/STM32CubeIDE_1.16.1/STM32CubeIDE/plugins/com.st.stm32cube.ide.mcu.externaltools.gnu-tools-for-stm32.12.3.rel1.win32_1.0.200.202406191623/tools/bin/../lib/gcc/arm-none-eabi/12.3.1/../../../../arm-none-eabi/lib/thumb/v7e-m/nofp\libc_nano.a(libc_a-strncmp.o)
                              ./Application/User/LoRaWAN/App/lora_command.o (strncmp)
C:/ST/STM32CubeIDE_1.16.1/STM32CubeIDE/plugins/com.st.stm32cube.ide.mcu.externaltools.gnu-tools-for-stm32.12.3.rel1.win32_1.0.200.202406191623/tools/bin/../lib/gcc/arm-none-eabi/12.3.1/../../../../arm-none-eabi/lib/thumb/v7e-m/nofp\libc_nano.a(libc_a-closer.o)
                              C:/ST/STM32CubeIDE_1.16.1/STM32CubeIDE/plugins/com.st.stm32cube.ide.mcu.externaltools.gnu-tools-for-stm32.12.3.rel1.win32_1.0.200.202406191623/tools/bin/../lib/gcc/arm-none-eabi/12.3.1/../../../../arm-none-eabi/lib/thumb/v7e-m/nofp\libc_nano.a(libc_a-stdio.o) (_close_r)
C:/ST/STM32CubeIDE_1.16.1/STM32CubeIDE/plugins/com.st.stm32cube.ide.mcu.externaltools.gnu-tools-for-stm32.12.3.rel1.win32_1.0.200.202406191623/tools/bin/../lib/gcc/arm-none-eabi/12.3.1/../../../../arm-none-eabi/lib/thumb/v7e-m/nofp\libc_nano.a(libc_a-reent.o)
                              C:/ST/STM32CubeIDE_1.16.1/STM32CubeIDE/plugins/com.st.stm32cube.ide.mcu.externaltools.gnu-tools-for-stm32.12.3.rel1.win32_1.0.200.202406191623/tools/bin/../lib/gcc/arm-none-eabi/12.3.1/../../../../arm-none-eabi/lib/thumb/v7e-m/nofp\libc_nano.a(libc_a-closer.o) (errno)
C:/ST/STM32CubeIDE_1.16.1/STM32CubeIDE/plugins/com.st.stm32cube.ide.mcu.externaltools.gnu-tools-for-stm32.12.3.rel1.win32_1.0.200.202406191623/tools/bin/../lib/gcc/arm-none-eabi/12.3.1/../../../../arm-none-eabi/lib/thumb/v7e-m/nofp\libc_nano.a(libc_a-impure.o)
                              C:/ST/STM32CubeIDE_1.16.1/STM32CubeIDE/plugins/com.st.stm32cube.ide.mcu.externaltools.gnu-tools-for-stm32.12.3.rel1.win32_1.0.200.202406191623/tools/bin/../lib/gcc/arm-none-eabi/12.3.1/../../../../arm-none-eabi/lib/thumb/v7e-m/nofp\libc_nano.a(libc_a-reent.o) (_impure_ptr)
[...]
Memory Configuration

Name             Origin             Length             Attributes
RAM1             0x20000000         0x00008000         xrw
NVM_RAM          0x20008000         0x00001000         rw
RAM2             0x20009000         0x00007000         xrw
FLASH            0x08000000         0x0003e000         xr
USER_Key_region_ROM 0x0803e500         0x00000300         xr
*default*        0x00000000         0xffffffff

Linker script and memory map

LOAD C:/ST/STM32CubeIDE_1.16.1/STM32CubeIDE/plugins/com.st.stm32cube.ide.mcu.externaltools.gnu-tools-for-stm32.12.3.rel1.win32_1.0.200.202406191623/tools/bin/../lib/gcc/arm-none-eabi/12.3.1/thumb/v7e-m/nofp/crti.o
LOAD C:/ST/STM32CubeIDE_1.16.1/STM32CubeIDE/plugins/com.st.stm32cube.ide.mcu.externaltools.gnu-tools-for-stm32.12.3.rel1.win32_1.0.200.202406191623/tools/bin/../lib/gcc/arm-none-eabi/12.3.1/thumb/v7e-m/nofp/crtbegin.o
LOAD C:/ST/STM32CubeIDE_1.16.1/STM32CubeIDE/plugins/com.st.stm32cube.ide.mcu.externaltools.gnu-tools-for-stm32.12.3.rel1.win32_1.0.200.202406191623/tools/bin/../lib/gcc/arm-none-eabi/12.3.1/../../../../arm-none-eabi/lib/thumb/v7e-m/nofp/crt0.o
LOAD ./Application/User/Core/adc.o
LOAD ./Application/User/Core/adc_if.o
LOAD ./Application/User/Core/dma.o
LOAD ./Application/User/Core/flash_if.o
LOAD ./Application/User/Core/gpio.o
LOAD ./Application/User/Core/main.o
LOAD ./Application/User/Core/rtc.o
LOAD ./Application/User/Core/stm32_lpm_if.o
LOAD ./Application/User/Core/stm32wlxx_hal_msp.o
LOAD ./Application/User/Core/stm32wlxx_it.o
LOAD ./Application/User/Core/subghz.o
LOAD ./Application/User/Core/sys_app.o
LOAD ./Application/User/Core/sys_debug.o
LOAD ./Application/User/Core/syscalls.o
LOAD ./Application/User/Core/sysmem.o
LOAD ./Application/User/Core/timer_if.o
LOAD ./Application/User/Core/usart.o
LOAD ./Application/User/Core/usart_if.o
LOAD ./Application/User/LoRaWAN/App/app_lorawan.o
LOAD ./Application/User/LoRaWAN/App/custom.o
LOAD ./Application/User/LoRaWAN/App/lora_app.o
LOAD ./Application/User/LoRaWAN/App/lora_at.o
LOAD ./Application/User/LoRaWAN/App/lora_command.o
LOAD ./Application/User/LoRaWAN/App/lora_info.o
LOAD ./Application/User/LoRaWAN/App/test_rf.o
LOAD ./Application/User/LoRaWAN/Target/radio_board_if.o
LOAD ./Application/User/Startup/startup_stm32wl5mochx.o
LOAD ./Drivers/CMSIS/system_stm32wlxx.o
LOAD ./Drivers/STM32WLxx_HAL_Driver/stm32wlxx_hal.o
LOAD ./Drivers/STM32WLxx_HAL_Driver/stm32wlxx_hal_adc.o
LOAD ./Drivers/STM32WLxx_HAL_Driver/stm32wlxx_hal_adc_ex.o
LOAD ./Drivers/STM32WLxx_HAL_Driver/stm32wlxx_hal_cortex.o
LOAD ./Drivers/STM32WLxx_HAL_Driver/stm32wlxx_hal_dma.o
LOAD ./Drivers/STM32WLxx_HAL_Driver/stm32wlxx_hal_dma_ex.o
LOAD ./Drivers/STM32WLxx_HAL_Driver/stm32wlxx_hal_exti.o
LOAD ./Drivers/STM32WLxx_HAL_Driver/stm32wlxx_hal_flash.o
LOAD ./Drivers/STM32WLxx_HAL_Driver/stm32wlxx_hal_flash_ex.o
LOAD ./Drivers/STM32WLxx_HAL_Driver/stm32wlxx_hal_gpio.o
LOAD ./Drivers/STM32WLxx_HAL_Driver/stm32wlxx_hal_pwr.o
LOAD ./Drivers/STM32WLxx_HAL_Driver/stm32wlxx_hal_pwr_ex.o
LOAD ./Drivers/STM32WLxx_HAL_Driver/stm32wlxx_hal_rcc.o
LOAD ./Drivers/STM32WLxx_HAL_Driver/stm32wlxx_hal_rcc_ex.o
LOAD ./Drivers/STM32WLxx_HAL_Driver/stm32wlxx_hal_rtc.o
LOAD ./Drivers/STM32WLxx_HAL_Driver/stm32wlxx_hal_rtc_ex.o
LOAD ./Drivers/STM32WLxx_HAL_Driver/stm32wlxx_hal_subghz.o
LOAD ./Drivers/STM32WLxx_HAL_Driver/stm32wlxx_hal_tim.o
LOAD ./Drivers/STM32WLxx_HAL_Driver/stm32wlxx_hal_tim_ex.o
LOAD ./Drivers/STM32WLxx_HAL_Driver/stm32wlxx_hal_uart.o
LOAD ./Drivers/STM32WLxx_HAL_Driver/stm32wlxx_hal_uart_ex.o
LOAD ./Drivers/STM32WLxx_HAL_Driver/stm32wlxx_ll_adc.o
LOAD ./Middlewares/LoRaWAN/LmHandler.o
LOAD ./Middlewares/LoRaWAN/LmhpCompliance.o
LOAD ./Middlewares/LoRaWAN/LmhpPackagesRegistration.o
LOAD ./Middlewares/LoRaWAN/LoRaMac.o
LOAD ./Middlewares/LoRaWAN/LoRaMacAdr.o
LOAD ./Middlewares/LoRaWAN/LoRaMacClassB.o
LOAD ./Middlewares/LoRaWAN/LoRaMacCommands.o
LOAD ./Middlewares/LoRaWAN/LoRaMacConfirmQueue.o
LOAD ./Middlewares/LoRaWAN/LoRaMacCrypto.o
LOAD ./Middlewares/LoRaWAN/LoRaMacParser.o
LOAD ./Middlewares/LoRaWAN/LoRaMacSerializer.o
LOAD ./Middlewares/LoRaWAN/NvmDataMgmt.o
LOAD ./Middlewares/LoRaWAN/Region.o
LOAD ./Middlewares/LoRaWAN/RegionAS923.o
LOAD ./Middlewares/LoRaWAN/RegionAU915.o
LOAD ./Middlewares/LoRaWAN/RegionBaseUS.o
LOAD ./Middlewares/LoRaWAN/RegionCN470.o
LOAD ./Middlewares/LoRaWAN/RegionCN470A20.o
LOAD ./Middlewares/LoRaWAN/RegionCN470A26.o
LOAD ./Middlewares/LoRaWAN/RegionCN470B20.o
LOAD ./Middlewares/LoRaWAN/RegionCN470B26.o
LOAD ./Middlewares/LoRaWAN/RegionCN779.o
LOAD ./Middlewares/LoRaWAN/RegionCommon.o
LOAD ./Middlewares/LoRaWAN/RegionEU433.o
LOAD ./Middlewares/LoRaWAN/RegionEU868.o
LOAD ./Middlewares/LoRaWAN/RegionIN865.o
LOAD ./Middlewares/LoRaWAN/RegionKR920.o
LOAD ./Middlewares/LoRaWAN/RegionRU864.o
LOAD ./Middlewares/LoRaWAN/RegionUS915.o
LOAD ./Middlewares/LoRaWAN/cmac.o
LOAD ./Middlewares/LoRaWAN/lorawan_aes.o
LOAD ./Middlewares/LoRaWAN/soft-se.o
LOAD ./Middlewares/LoRaWAN/utilities.o
LOAD ./Middlewares/SubGHz_Phy/radio.o
LOAD ./Middlewares/SubGHz_Phy/radio_driver.o
LOAD ./Middlewares/SubGHz_Phy/radio_fw.o
LOAD ./Utilities/stm32_adv_trace.o
LOAD ./Utilities/stm32_lpm.o
LOAD ./Utilities/stm32_mem.o
LOAD ./Utilities/stm32_seq.o
LOAD ./Utilities/stm32_systime.o
LOAD ./Utilities/stm32_timer.o
LOAD ./Utilities/stm32_tiny_sscanf.o
LOAD ./Utilities/stm32_tiny_vsnprintf.o
START GROUP
LOAD C:/ST/STM32CubeIDE_1.16.1/STM32CubeIDE/plugins/com.st.stm32cube.ide.mcu.externaltools.gnu-tools-for-stm32.12.3.rel1.win32_1.0.200.202406191623/tools/bin/../lib/gcc/arm-none-eabi/12.3.1/../../../../arm-none-eabi/lib/thumb/v7e-m/nofp\libc_nano.a
LOAD C:/ST/STM32CubeIDE_1.16.1/STM32CubeIDE/plugins/com.st.stm32cube.ide.mcu.externaltools.gnu-tools-for-stm32.12.3.rel1.win32_1.0.200.202406191623/tools/bin/../lib/gcc/arm-none-eabi/12.3.1/../../../../arm-none-eabi/lib/thumb/v7e-m/nofp\libm.a
END GROUP
START GROUP
LOAD C:/ST/STM32CubeIDE_1.16.1/STM32CubeIDE/plugins/com.st.stm32cube.ide.mcu.externaltools.gnu-tools-for-stm32.12.3.rel1.win32_1.0.200.202406191623/tools/bin/../lib/gcc/arm-none-eabi/12.3.1/thumb/v7e-m/nofp\libgcc.a
LOAD C:/ST/STM32CubeIDE_1.16.1/STM32CubeIDE/plugins/com.st.stm32cube.ide.mcu.externaltools.gnu-tools-for-stm32.12.3.rel1.win32_1.0.200.202406191623/tools/bin/../lib/gcc/arm-none-eabi/12.3.1/../../../../arm-none-eabi/lib/thumb/v7e-m/nofp\libc_nano.a
END GROUP
START GROUP
LOAD C:/ST/STM32CubeIDE_1.16.1/STM32CubeIDE/plugins/com.st.stm32cube.ide.mcu.externaltools.gnu-tools-for-stm32.12.3.rel1.win32_1.0.200.202406191623/tools/bin/../lib/gcc/arm-none-eabi/12.3.1/thumb/v7e-m/nofp\libgcc.a
LOAD C:/ST/STM32CubeIDE_1.16.1/STM32CubeIDE/plugins/com.st.stm32cube.ide.mcu.externaltools.gnu-tools-for-stm32.12.3.rel1.win32_1.0.200.202406191623/tools/bin/../lib/gcc/arm-none-eabi/12.3.1/../../../../arm-none-eabi/lib/thumb/v7e-m/nofp\libc_nano.a
LOAD C:/ST/STM32CubeIDE_1.16.1/STM32CubeIDE/plugins/com.st.stm32cube.ide.mcu.externaltools.gnu-tools-for-stm32.12.3.rel1.win32_1.0.200.202406191623/tools/bin/../lib/gcc/arm-none-eabi/12.3.1/../../../../arm-none-eabi/lib/thumb/v7e-m/nofp\libnosys.a
END GROUP
START GROUP
LOAD C:/ST/STM32CubeIDE_1.16.1/STM32CubeIDE/plugins/com.st.stm32cube.ide.mcu.externaltools.gnu-tools-for-stm32.12.3.rel1.win32_1.0.200.202406191623/tools/bin/../lib/gcc/arm-none-eabi/12.3.1/thumb/v7e-m/nofp\libgcc.a
LOAD C:/ST/STM32CubeIDE_1.16.1/STM32CubeIDE/plugins/com.st.stm32cube.ide.mcu.externaltools.gnu-tools-for-stm32.12.3.rel1.win32_1.0.200.202406191623/tools/bin/../lib/gcc/arm-none-eabi/12.3.1/../../../../arm-none-eabi/lib/thumb/v7e-m/nofp\libc_nano.a
LOAD C:/ST/STM32CubeIDE_1.16.1/STM32CubeIDE/plugins/com.st.stm32cube.ide.mcu.externaltools.gnu-tools-for-stm32.12.3.rel1.win32_1.0.200.202406191623/tools/bin/../lib/gcc/arm-none-eabi/12.3.1/../../../../arm-none-eabi/lib/thumb/v7e-m/nofp\libnosys.a
END GROUP
LOAD C:/ST/STM32CubeIDE_1.16.1/STM32CubeIDE/plugins/com.st.stm32cube.ide.mcu.externaltools.gnu-tools-for-stm32.12.3.rel1.win32_1.0.200.202406191623/tools/bin/../lib/gcc/arm-none-eabi/12.3.1/thumb/v7e-m/nofp/crtend.o
LOAD C:/ST/STM32CubeIDE_1.16.1/STM32CubeIDE/plugins/com.st.stm32cube.ide.mcu.externaltools.gnu-tools-for-stm32.12.3.rel1.win32_1.0.200.202406191623/tools/bin/../lib/gcc/arm-none-eabi/12.3.1/thumb/v7e-m/nofp/crtn.o
                0x20008000                        _estack = (ORIGIN (RAM1) + LENGTH (RAM1))
                0x00000200                        _Min_Heap_Size = 0x200
                0x00000800                        _Min_Stack_Size = 0x800

.isr_vector     0x08000000      0x138
                0x08000000                        . = ALIGN (0x8)
 *(.isr_vector)
 .isr_vector    0x08000000      0x138 ./Application/User/Startup/startup_stm32wl5mochx.o
                0x08000000                g_pfnVectors
                0x08000138                        . = ALIGN (0x8)

.text           0x08000138    0x11070
                0x08000138                        . = ALIGN (0x8)
 *(.text)
 .text          0x08000138       0x40 C:/ST/STM32CubeIDE_1.16.1/STM32CubeIDE/plugins/com.st.stm32cube.ide.mcu.externaltools.gnu-tools-for-stm32.12.3.rel1.win32_1.0.200.202406191623/tools/bin/../lib/gcc/arm-none-eabi/12.3.1/thumb/v7e-m/nofp/crtbegin.o
 .text          0x08000178       0x10 C:/ST/STM32CubeIDE_1.16.1/STM32CubeIDE/plugins/com.st.stm32cube.ide.mcu.externaltools.gnu-tools-for-stm32.12.3.rel1.win32_1.0.200.202406191623/tools/bin/../lib/gcc/arm-none-eabi/12.3.1/../../../../arm-none-eabi/lib/thumb/v7e-m/nofp\libc_nano.a(libc_a-strlen.o)
                0x08000178                strlen
 .text          0x08000188      0x378 C:/ST/STM32CubeIDE_1.16.1/STM32CubeIDE/plugins/com.st.stm32cube.ide.mcu.externaltools.gnu-tools-for-stm32.12.3.rel1.win32_1.0.200.202406191623/tools/bin/../lib/gcc/arm-none-eabi/12.3.1/thumb/v7e-m/nofp\libgcc.a(_arm_addsubdf3.o)
                0x08000188                __aeabi_drsub
                0x08000190                __aeabi_dsub
                0x08000190                __subdf3
                0x08000194                __aeabi_dadd
                0x08000194                __adddf3
                0x0800040c                __floatunsidf
                0x0800040c                __aeabi_ui2d
                0x0800042c                __floatsidf
                0x0800042c                __aeabi_i2d
                0x08000450                __aeabi_f2d
                0x08000450                __extendsfdf2
                0x08000494                __floatundidf
                0x08000494                __aeabi_ul2d
                0x080004a4                __floatdidf
                0x080004a4                __aeabi_l2d
 .text          0x08000500      0x110 C:/ST/STM32CubeIDE_1.16.1/STM32CubeIDE/plugins/com.st.stm32cube.ide.mcu.externaltools.gnu-tools-for-stm32.12.3.rel1.win32_1.0.200.202406191623/tools/bin/../lib/gcc/arm-none-eabi/12.3.1/thumb/v7e-m/nofp\libgcc.a(_arm_cmpdf2.o)
                0x08000500                __gtdf2
                0x08000500                __gedf2
                0x08000508                __ltdf2
                0x08000508                __ledf2
                0x08000510                __nedf2
                0x08000510                __eqdf2
                0x08000510                __cmpdf2
                0x0800058c                __aeabi_cdrcmple
                0x0800059c                __aeabi_cdcmpeq
                0x0800059c                __aeabi_cdcmple
                0x080005ac                __aeabi_dcmpeq
                0x080005c0                __aeabi_dcmplt
                0x080005d4                __aeabi_dcmple
                0x080005e8                __aeabi_dcmpge
                0x080005fc                __aeabi_dcmpgt
 .text          0x08000610       0x50 C:/ST/STM32CubeIDE_1.16.1/STM32CubeIDE/plugins/com.st.stm32cube.ide.mcu.externaltools.gnu-tools-for-stm32.12.3.rel1.win32_1.0.200.202406191623/tools/bin/../lib/gcc/arm-none-eabi/12.3.1/thumb/v7e-m/nofp\libgcc.a(_arm_fixdfsi.o)
                0x08000610                __aeabi_d2iz
                0x08000610                __fixdfsi
 .text          0x08000660      0x21c C:/ST/STM32CubeIDE_1.16.1/STM32CubeIDE/plugins/com.st.stm32cube.ide.mcu.externaltools.gnu-tools-for-stm32.12.3.rel1.win32_1.0.200.202406191623/tools/bin/../lib/gcc/arm-none-eabi/12.3.1/thumb/v7e-m/nofp\libgcc.a(_arm_addsubsf3.o)
                0x08000660                __aeabi_frsub
                0x08000668                __subsf3
                0x08000668                __aeabi_fsub
                0x0800066c                __aeabi_fadd
                0x0800066c                __addsf3
                0x080007cc                __aeabi_ui2f
                0x080007cc                __floatunsisf
                0x080007d4                __aeabi_i2f
                0x080007d4                __floatsisf
                0x080007f0                __aeabi_ul2f
                0x080007f0                __floatundisf
                0x08000800                __aeabi_l2f
                0x08000800                __floatdisf
 .text          0x0800087c       0x30 C:/ST/STM32CubeIDE_1.16.1/STM32CubeIDE/plugins/com.st.stm32cube.ide.mcu.externaltools.gnu-tools-for-stm32.12.3.rel1.win32_1.0.200.202406191623/tools/bin/../lib/gcc/arm-none-eabi/12.3.1/thumb/v7e-m/nofp\libgcc.a(_aeabi_uldivmod.o)
                0x0800087c                __aeabi_uldivmod
 .text          0x080008ac      0x2bc C:/ST/STM32CubeIDE_1.16.1/STM32CubeIDE/plugins/com.st.stm32cube.ide.mcu.externaltools.gnu-tools-for-stm32.12.3.rel1.win32_1.0.200.202406191623/tools/bin/../lib/gcc/arm-none-eabi/12.3.1/thumb/v7e-m/nofp\libgcc.a(_udivmoddi4.o)
                0x080008ac                __udivmoddi4
 .text          0x08000b68        0x4 C:/ST/STM32CubeIDE_1.16.1/STM32CubeIDE/plugins/com.st.stm32cube.ide.mcu.externaltools.gnu-tools-for-stm32.12.3.rel1.win32_1.0.200.202406191623/tools/bin/../lib/gcc/arm-none-eabi/12.3.1/thumb/v7e-m/nofp\libgcc.a(_dvmd_tls.o)
                0x08000b68                __aeabi_idiv0
                0x08000b68                __aeabi_ldiv0
 *(.text*)
 .text.MX_ADC_Init
                0x08000b6c       0x58 ./Application/User/Core/adc.o
                0x08000b6c                MX_ADC_Init
 .text.HAL_ADC_MspInit
                0x08000bc4       0x28 ./Application/User/Core/adc.o
                0x08000bc4                HAL_ADC_MspInit
 .text.HAL_ADC_MspDeInit
                0x08000bec       0x1c ./Application/User/Core/adc.o
                0x08000bec                HAL_ADC_MspDeInit
 .text.ADC_ReadChannels
                0x08000c08       0x68 ./Application/User/Core/adc_if.o
 .text.SYS_InitMeasurement
                0x08000c70       0x10 ./Application/User/Core/adc_if.o
                0x08000c70                SYS_InitMeasurement
 .text.SYS_GetBatteryLevel
                0x08000c80       0x34 ./Application/User/Core/adc_if.o
                0x08000c80                SYS_GetBatteryLevel
 .text.SYS_GetTemperatureLevel
                0x08000cb4       0x7c ./Application/User/Core/adc_if.o
                0x08000cb4                SYS_GetTemperatureLevel
 .text.MX_DMA_Init
                0x08000d30       0x40 ./Application/User/Core/dma.o
                0x08000d30                MX_DMA_Init
 .text.FLASH_IF_INT_Clear_Error
                0x08000d70       0x2c ./Application/User/Core/flash_if.o
 .text.FLASH_IF_INT_Erase
                0x08000d9c       0x90 ./Application/User/Core/flash_if.o
 .text.FLASH_IF_Init
                0x08000e2c        0xc ./Application/User/Core/flash_if.o
                0x08000e2c                FLASH_IF_Init
 .text.FLASH_IF_Write
                0x08000e38      0x1b4 ./Application/User/Core/flash_if.o
                0x08000e38                FLASH_IF_Write
 .text.FLASH_IF_Read
                0x08000fec       0x40 ./Application/User/Core/flash_if.o
                0x08000fec                FLASH_IF_Read
 .text.FLASH_IF_Erase
                0x0800102c       0x34 ./Application/User/Core/flash_if.o
                0x0800102c                FLASH_IF_Erase
 .text.MX_GPIO_Init
                0x08001060       0x90 ./Application/User/Core/gpio.o
                0x08001060                MX_GPIO_Init
 .text.SystemClock_Config
                0x080010f0       0x8c ./Application/User/Core/main.o
                0x080010f0                SystemClock_Config
 .text.startup.main
                0x0800117c       0x18 ./Application/User/Core/main.o
                0x0800117c                main
 .text.Error_Handler
                0x08001194        0x4 ./Application/User/Core/main.o
                0x08001194                Error_Handler
 .text.MX_RTC_Init
                0x08001198       0x74 ./Application/User/Core/rtc.o
                0x08001198                MX_RTC_Init
 .text.HAL_RTC_MspInit
                0x0800120c       0x7c ./Application/User/Core/rtc.o
                0x0800120c                HAL_RTC_MspInit
 .text.PWR_EnterOffMode
                0x08001288        0x2 ./Application/User/Core/stm32_lpm_if.o
                0x08001288                PWR_EnterOffMode
 *fill*         0x0800128a        0x2 
 .text.PWR_EnterStopMode
                0x0800128c       0x1c ./Application/User/Core/stm32_lpm_if.o
                0x0800128c                PWR_EnterStopMode
 .text.PWR_ExitSleepMode
                0x080012a8        0x4 ./Application/User/Core/stm32_lpm_if.o
                0x080012a8                PWR_ExitSleepMode
 .text.PWR_ExitStopMode
                0x080012ac        0xe ./Application/User/Core/stm32_lpm_if.o
                0x080012ac                PWR_ExitStopMode
 .text.PWR_EnterSleepMode
                0x080012ba       0x12 ./Application/User/Core/stm32_lpm_if.o
                0x080012ba                PWR_EnterSleepMode
 .text.PWR_ExitOffMode
                0x080012cc        0x2 ./Application/User/Core/stm32_lpm_if.o
                0x080012cc                PWR_ExitOffMode
 .text.HAL_MspInit
                0x080012ce        0x2 ./Application/User/Core/stm32wlxx_hal_msp.o
                0x080012ce                HAL_MspInit
 .text.NMI_Handler
                0x080012d0        0x2 ./Application/User/Core/stm32wlxx_it.o
                0x080012d0                NMI_Handler
 .text.HardFault_Handler
                0x080012d2        0x2 ./Application/User/Core/stm32wlxx_it.o
                0x080012d2                HardFault_Handler
 .text.MemManage_Handler
                0x080012d4        0x2 ./Application/User/Core/stm32wlxx_it.o
                0x080012d4                MemManage_Handler
 .text.BusFault_Handler
                0x080012d6        0x2 ./Application/User/Core/stm32wlxx_it.o
                0x080012d6                BusFault_Handler
 .text.UsageFault_Handler
                0x080012d8        0x2 ./Application/User/Core/stm32wlxx_it.o
                0x080012d8                UsageFault_Handler
 .text.SVC_Handler
                0x080012da        0x2 ./Application/User/Core/stm32wlxx_it.o
                0x080012da                SVC_Handler
 .text.DebugMon_Handler
                0x080012dc        0x2 ./Application/User/Core/stm32wlxx_it.o
                0x080012dc                DebugMon_Handler
 .text.PendSV_Handler
                0x080012de        0x2 ./Application/User/Core/stm32wlxx_it.o
                0x080012de                PendSV_Handler
 .text.SysTick_Handler
                0x080012e0        0x2 ./Application/User/Core/stm32wlxx_it.o
                0x080012e0                SysTick_Handler
 *fill*         0x080012e2        0x2 
 .text.TAMP_STAMP_LSECSS_SSRU_IRQHandler
                0x080012e4        0xc ./Application/User/Core/stm32wlxx_it.o
                0x080012e4                TAMP_STAMP_LSECSS_SSRU_IRQHandler
 .text.DMA1_Channel5_IRQHandler
                0x080012f0        0xc ./Application/User/Core/stm32wlxx_it.o
                0x080012f0                DMA1_Channel5_IRQHandler
 .text.LPUART1_IRQHandler
                0x080012fc        0xc ./Application/User/Core/stm32wlxx_it.o
                0x080012fc                LPUART1_IRQHandler
 .text.RTC_Alarm_IRQHandler
                0x08001308        0xc ./Application/User/Core/stm32wlxx_it.o
                0x08001308                RTC_Alarm_IRQHandler
 .text.SUBGHZ_Radio_IRQHandler
                0x08001314        0xc ./Application/User/Core/stm32wlxx_it.o
                0x08001314                SUBGHZ_Radio_IRQHandler
 .text.MX_SUBGHZ_Init
                0x08001320       0x1c ./Application/User/Core/subghz.o
                0x08001320                MX_SUBGHZ_Init
 .text.HAL_SUBGHZ_MspInit
                0x0800133c       0x2e ./Application/User/Core/subghz.o
                0x0800133c                HAL_SUBGHZ_MspInit
 *fill*         0x0800136a        0x2 
 .text.tiny_snprintf_like.constprop.0
                0x0800136c       0x20 ./Application/User/Core/sys_app.o
 .text.TimestampNow
                0x0800138c       0x30 ./Application/User/Core/sys_app.o
 .text.SystemApp_Init
                0x080013bc       0x54 ./Application/User/Core/sys_app.o
                0x080013bc                SystemApp_Init
 .text.UTIL_SEQ_Idle
                0x08001410        0x4 ./Application/User/Core/sys_app.o
                0x08001410                UTIL_SEQ_Idle
 .text.GetBatteryLevel
                0x08001414       0x30 ./Application/User/Core/sys_app.o
                0x08001414                GetBatteryLevel
 .text.GetTemperatureLevel
                0x08001444        0xc ./Application/User/Core/sys_app.o
                0x08001444                GetTemperatureLevel
 .text.GetUniqueId
                0x08001450       0x6c ./Application/User/Core/sys_app.o
                0x08001450                GetUniqueId
 .text.GetDevAddr
                0x080014bc       0x2c ./Application/User/Core/sys_app.o
                0x080014bc                GetDevAddr
 .text.UTIL_ADV_TRACE_PreSendHook
                0x080014e8        0x8 ./Application/User/Core/sys_app.o
                0x080014e8                UTIL_ADV_TRACE_PreSendHook
 .text.UTIL_ADV_TRACE_PostSendHook
                0x080014f0        0x8 ./Application/User/Core/sys_app.o
                0x080014f0                UTIL_ADV_TRACE_PostSendHook
 .text.HAL_InitTick
                0x080014f8        0x4 ./Application/User/Core/sys_app.o
                0x080014f8                HAL_InitTick
 .text.HAL_GetTick
                0x080014fc       0x10 ./Application/User/Core/sys_app.o
                0x080014fc                HAL_GetTick
 .text.HAL_Delay
                0x0800150c        0xc ./Application/User/Core/sys_app.o
                0x0800150c                HAL_Delay
 .text.DBG_Init
                0x08001518       0x80 ./Application/User/Core/sys_debug.o
                0x08001518                DBG_Init
 .text.TIMER_IF_GetTimerContext
                0x08001598        0xc ./Application/User/Core/timer_if.o
                0x08001598                TIMER_IF_GetTimerContext
 .text.TIMER_IF_GetMinimumTimeout
                0x080015a4        0x4 ./Application/User/Core/timer_if.o
                0x080015a4                TIMER_IF_GetMinimumTimeout
 .text.TIMER_IF_Convert_ms2Tick
                0x080015a8       0x14 ./Application/User/Core/timer_if.o
                0x080015a8                TIMER_IF_Convert_ms2Tick
 .text.TIMER_IF_Convert_Tick2ms
                0x080015bc       0x10 ./Application/User/Core/timer_if.o
                0x080015bc                TIMER_IF_Convert_Tick2ms
 .text.GetTimerTicks
                0x080015cc       0x14 ./Application/User/Core/timer_if.o
 .text.TIMER_IF_SetTimerContext
                0x080015e0       0x10 ./Application/User/Core/timer_if.o
                0x080015e0                TIMER_IF_SetTimerContext
 .text.TIMER_IF_GetTimerElapsedTime
                0x080015f0       0x14 ./Application/User/Core/timer_if.o
                0x080015f0                TIMER_IF_GetTimerElapsedTime
 .text.TIMER_IF_GetTimerValue
                0x08001604       0x10 ./Application/User/Core/timer_if.o
                0x08001604                TIMER_IF_GetTimerValue
 .text.TIMER_IF_StopTimer
                0x08001614       0x28 ./Application/User/Core/timer_if.o
                0x08001614                TIMER_IF_StopTimer
 .text.TIMER_IF_BkUp_Write_Seconds
                0x0800163c       0x10 ./Application/User/Core/timer_if.o
                0x0800163c                TIMER_IF_BkUp_Write_Seconds
 .text.TIMER_IF_BkUp_Write_SubSeconds
                0x0800164c       0x10 ./Application/User/Core/timer_if.o
                0x0800164c                TIMER_IF_BkUp_Write_SubSeconds
 .text.TIMER_IF_StartTimer
                0x0800165c       0x50 ./Application/User/Core/timer_if.o
                0x0800165c                TIMER_IF_StartTimer
 .text.TIMER_IF_GetTime
                0x080016ac       0x30 ./Application/User/Core/timer_if.o
                0x080016ac                TIMER_IF_GetTime
 .text.TIMER_IF_BkUp_Read_Seconds
                0x080016dc        0xc ./Application/User/Core/timer_if.o
                0x080016dc                TIMER_IF_BkUp_Read_Seconds
 .text.TIMER_IF_BkUp_Read_SubSeconds
                0x080016e8        0xc ./Application/User/Core/timer_if.o
                0x080016e8                TIMER_IF_BkUp_Read_SubSeconds
 .text.TIMER_IF_Init
                0x080016f4       0x48 ./Application/User/Core/timer_if.o
                0x080016f4                TIMER_IF_Init
 .text.TIMER_IF_DelayMs
                0x0800173c       0x2a ./Application/User/Core/timer_if.o
                0x0800173c                TIMER_IF_DelayMs
 .text.HAL_RTC_AlarmAEventCallback
                0x08001766        0x4 ./Application/User/Core/timer_if.o
                0x08001766                HAL_RTC_AlarmAEventCallback
 *fill*         0x0800176a        0x2 
 .text.HAL_RTCEx_SSRUEventCallback
                0x0800176c       0x20 ./Application/User/Core/timer_if.o
                0x0800176c                HAL_RTCEx_SSRUEventCallback
 .text.MX_LPUART1_UART_Init
                0x0800178c       0x68 ./Application/User/Core/usart.o
                0x0800178c                MX_LPUART1_UART_Init
 .text.HAL_UART_MspInit
                0x080017f4       0xd8 ./Application/User/Core/usart.o
                0x080017f4                HAL_UART_MspInit
 .text.HAL_UART_MspDeInit
                0x080018cc       0x38 ./Application/User/Core/usart.o
                0x080018cc                HAL_UART_MspDeInit
 .text.vcom_Trace_DMA
                0x08001904       0x14 ./Application/User/Core/usart_if.o
                0x08001904                vcom_Trace_DMA
 .text.vcom_ReceiveInit
                0x08001918       0x54 ./Application/User/Core/usart_if.o
                0x08001918                vcom_ReceiveInit
 .text.vcom_Init
                0x0800196c       0x28 ./Application/User/Core/usart_if.o
                0x0800196c                vcom_Init
 .text.vcom_DeInit
                0x08001994       0x2c ./Application/User/Core/usart_if.o
                0x08001994                vcom_DeInit
 .text.vcom_Resume
                0x080019c0       0x18 ./Application/User/Core/usart_if.o
                0x080019c0                vcom_Resume
 .text.HAL_UART_TxCpltCallback
                0x080019d8       0x1c ./Application/User/Core/usart_if.o
                0x080019d8                HAL_UART_TxCpltCallback
 .text.HAL_UART_RxCpltCallback
                0x080019f4       0x3c ./Application/User/Core/usart_if.o
                0x080019f4                HAL_UART_RxCpltCallback
 .text.MX_LoRaWAN_Init
                0x08001a30        0xe ./Application/User/LoRaWAN/App/app_lorawan.o
                0x08001a30                MX_LoRaWAN_Init
 .text.MX_LoRaWAN_Process
                0x08001a3e        0x8 ./Application/User/LoRaWAN/App/app_lorawan.o
                0x08001a3e                MX_LoRaWAN_Process
 *fill*         0x08001a46        0x2 
 .text.custom_on_rx_error
                0x08001a48       0x1c ./Application/User/LoRaWAN/App/custom.o
 .text.custom_on_rx_timeout
                0x08001a64       0x1c ./Application/User/LoRaWAN/App/custom.o
 .text.custom_on_rx_done
                0x08001a80       0x84 ./Application/User/LoRaWAN/App/custom.o
 .text.custom_on_tx_timeout
                0x08001b04       0x10 ./Application/User/LoRaWAN/App/custom.o
 .text.custom_on_tx_done
                0x08001b14       0x10 ./Application/User/LoRaWAN/App/custom.o
 .text.custom_set_config
                0x08001b24       0x14 ./Application/User/LoRaWAN/App/custom.o
                0x08001b24                custom_set_config
 .text.custom_get_config
                0x08001b38       0x14 ./Application/User/LoRaWAN/App/custom.o
                0x08001b38                custom_get_config
 .text.custom_off
                0x08001b4c       0x24 ./Application/User/LoRaWAN/App/custom.o
                0x08001b4c                custom_off
 .text.custom_tx_start
                0x08001b70      0x10c ./Application/User/LoRaWAN/App/custom.o
                0x08001b70                custom_tx_start
 .text.custom_rx_start
                0x08001c7c       0xb4 ./Application/User/LoRaWAN/App/custom.o
                0x08001c7c                custom_rx_start
 .text.OnSysTimeUpdate
                0x08001d30        0x2 ./Application/User/LoRaWAN/App/lora_app.o
 .text.OnTxPeriodicityChanged
                0x08001d32        0x2 ./Application/User/LoRaWAN/App/lora_app.o
 .text.OnTxFrameCtrlChanged
                0x08001d34        0x2 ./Application/User/LoRaWAN/App/lora_app.o
 *fill*         0x08001d36        0x2 
 .text.OnPingSlotPeriodicityChanged
                0x08001d38        0xc ./Application/User/LoRaWAN/App/lora_app.o
 .text.OnBeaconStatusChange
                0x08001d44        0x8 ./Application/User/LoRaWAN/App/lora_app.o
 .text.OnClassChange
                0x08001d4c        0x4 ./Application/User/LoRaWAN/App/lora_app.o
 .text.OnRxTimerLedEvent
                0x08001d50       0x10 ./Application/User/LoRaWAN/App/lora_app.o
 .text.OnTxTimerLedEvent
                0x08001d60       0x10 ./Application/User/LoRaWAN/App/lora_app.o
 .text.OnRxData
                0x08001d70       0x34 ./Application/User/LoRaWAN/App/lora_app.o
 .text.OnTxData
                0x08001da4       0x30 ./Application/User/LoRaWAN/App/lora_app.o
 .text.OnJoinRequest
                0x08001dd4       0x34 ./Application/User/LoRaWAN/App/lora_app.o
 .text.OnNvmDataChange
                0x08001e08        0x4 ./Application/User/LoRaWAN/App/lora_app.o
 .text.OnMacProcessNotify
                0x08001e0c        0x8 ./Application/User/LoRaWAN/App/lora_app.o
 .text.CmdProcessNotify
                0x08001e14        0x8 ./Application/User/LoRaWAN/App/lora_app.o
 .text.OnStoreContextRequest
                0x08001e1c        0x4 ./Application/User/LoRaWAN/App/lora_app.o
 .text.OnRestoreContextRequest
                0x08001e20        0x4 ./Application/User/LoRaWAN/App/lora_app.o
 .text.OnJoinTimerLedEvent
                0x08001e24       0x10 ./Application/User/LoRaWAN/App/lora_app.o
 .text.OnSystemReset
                0x08001e34        0x2 ./Application/User/LoRaWAN/App/lora_app.o
 *fill*         0x08001e36        0x2 
 .text.LoRaWAN_Init
                0x08001e38      0x178 ./Application/User/LoRaWAN/App/lora_app.o
                0x08001e38                LoRaWAN_Init
 .text.__NVIC_SystemReset
                0x08001fb0       0x24 ./Application/User/LoRaWAN/App/lora_at.o
 .text.print_u  0x08001fd4       0x1c ./Application/User/LoRaWAN/App/lora_at.o
 .text.print_8_02x
                0x08001ff0       0x3c ./Application/User/LoRaWAN/App/lora_at.o
 .text.print_16_02x
                0x0800202c       0x5c ./Application/User/LoRaWAN/App/lora_at.o
 .text.print_d  0x08002088       0x1c ./Application/User/LoRaWAN/App/lora_at.o
 .text.sscanf_16_hhx
                0x080020a4       0x60 ./Application/User/LoRaWAN/App/lora_at.o
 .text.CertifSend
                0x08002104       0x34 ./Application/User/LoRaWAN/App/lora_at.o
 .text.OnCertifTimer
                0x08002138        0x8 ./Application/User/LoRaWAN/App/lora_at.o
 .text.AT_return_error
                0x08002140        0x4 ./Application/User/LoRaWAN/App/lora_at.o
                0x08002140                AT_return_error
 .text.AT_event_join
                0x08002144       0x20 ./Application/User/LoRaWAN/App/lora_at.o
                0x08002144                AT_event_join
 .text.AT_event_receive
                0x08002164       0xf0 ./Application/User/LoRaWAN/App/lora_at.o
                0x08002164                AT_event_receive
 .text.AT_event_confirm
                0x08002254       0x20 ./Application/User/LoRaWAN/App/lora_at.o
                0x08002254                AT_event_confirm
 .text.AT_event_ClassUpdate
                0x08002274       0x24 ./Application/User/LoRaWAN/App/lora_at.o
                0x08002274                AT_event_ClassUpdate
 .text.AT_event_Beacon
                0x08002298       0x7c ./Application/User/LoRaWAN/App/lora_at.o
                0x08002298                AT_event_Beacon
 .text.AT_event_OnNvmDataChange
                0x08002314       0x1c ./Application/User/LoRaWAN/App/lora_at.o
                0x08002314                AT_event_OnNvmDataChange
 .text.AT_event_OnStoreContextRequest
                0x08002330       0x28 ./Application/User/LoRaWAN/App/lora_at.o
                0x08002330                AT_event_OnStoreContextRequest
 .text.AT_event_OnRestoreContextRequest
                0x08002358        0xc ./Application/User/LoRaWAN/App/lora_at.o
                0x08002358                AT_event_OnRestoreContextRequest
 .text.AT_version_get
                0x08002364       0xb0 ./Application/User/LoRaWAN/App/lora_at.o
                0x08002364                AT_version_get
 .text.AT_verbose_get
                0x08002414        0xe ./Application/User/LoRaWAN/App/lora_at.o
                0x08002414                AT_verbose_get
 *fill*         0x08002422        0x2 
 .text.AT_verbose_set
                0x08002424       0x44 ./Application/User/LoRaWAN/App/lora_at.o
                0x08002424                AT_verbose_set
 .text.AT_LocalTime_get
                0x08002468       0x50 ./Application/User/LoRaWAN/App/lora_at.o
                0x08002468                AT_LocalTime_get
 .text.AT_reset
                0x080024b8        0x6 ./Application/User/LoRaWAN/App/lora_at.o
                0x080024b8                AT_reset
 *fill*         0x080024be        0x2 
 .text.AT_restore_factory_settings
                0x080024c0       0x1c ./Application/User/LoRaWAN/App/lora_at.o
                0x080024c0                AT_restore_factory_settings
 .text.AT_store_context
                0x080024dc       0x38 ./Application/User/LoRaWAN/App/lora_at.o
                0x080024dc                AT_store_context
 .text.AT_JoinEUI_get
                0x08002514       0x1c ./Application/User/LoRaWAN/App/lora_at.o
                0x08002514                AT_JoinEUI_get
 .text.AT_JoinEUI_set
                0x08002530       0x54 ./Application/User/LoRaWAN/App/lora_at.o
                0x08002530                AT_JoinEUI_set
 .text.AT_NwkKey_get
                0x08002584       0x1e ./Application/User/LoRaWAN/App/lora_at.o
                0x08002584                AT_NwkKey_get
 .text.AT_NwkKey_set
                0x080025a2       0x26 ./Application/User/LoRaWAN/App/lora_at.o
                0x080025a2                AT_NwkKey_set
 .text.AT_AppKey_get
                0x080025c8       0x1e ./Application/User/LoRaWAN/App/lora_at.o
                0x080025c8                AT_AppKey_get
 .text.AT_AppKey_set
                0x080025e6       0x26 ./Application/User/LoRaWAN/App/lora_at.o
                0x080025e6                AT_AppKey_set
 .text.AT_NwkSKey_get
                0x0800260c       0x1e ./Application/User/LoRaWAN/App/lora_at.o
                0x0800260c                AT_NwkSKey_get
 .text.AT_NwkSKey_set
                0x0800262a       0x26 ./Application/User/LoRaWAN/App/lora_at.o
                0x0800262a                AT_NwkSKey_set
 .text.AT_AppSKey_get
                0x08002650       0x1e ./Application/User/LoRaWAN/App/lora_at.o
                0x08002650                AT_AppSKey_get
 .text.AT_AppSKey_set
                0x0800266e       0x26 ./Application/User/LoRaWAN/App/lora_at.o
                0x0800266e                AT_AppSKey_set
 .text.AT_DevAddr_get
                0x08002694       0x3c ./Application/User/LoRaWAN/App/lora_at.o
                0x08002694                AT_DevAddr_get
 .text.AT_DevAddr_set
                0x080026d0       0x3c ./Application/User/LoRaWAN/App/lora_at.o
                0x080026d0                AT_DevAddr_set
 .text.AT_DevEUI_get
                0x0800270c       0x1c ./Application/User/LoRaWAN/App/lora_at.o
                0x0800270c                AT_DevEUI_get
 .text.AT_DevEUI_set
                0x08002728       0x54 ./Application/User/LoRaWAN/App/lora_at.o
                0x08002728                AT_DevEUI_set
 .text.AT_NetworkID_get
                0x0800277c       0x1c ./Application/User/LoRaWAN/App/lora_at.o
                0x0800277c                AT_NetworkID_get
 .text.AT_NetworkID_set
                0x08002798       0x28 ./Application/User/LoRaWAN/App/lora_at.o
                0x08002798                AT_NetworkID_set
 .text.AT_Join  0x080027c0       0x22 ./Application/User/LoRaWAN/App/lora_at.o
                0x080027c0                AT_Join
 .text.AT_Link_Check
                0x080027e2       0x10 ./Application/User/LoRaWAN/App/lora_at.o
                0x080027e2                AT_Link_Check
 *fill*         0x080027f2        0x2 
 .text.AT_Send  0x080027f4      0x130 ./Application/User/LoRaWAN/App/lora_at.o
                0x080027f4                AT_Send
 .text.AT_ADR_get
                0x08002924       0x20 ./Application/User/LoRaWAN/App/lora_at.o
                0x08002924                AT_ADR_get
 .text.AT_ADR_set
                0x08002944       0x1e ./Application/User/LoRaWAN/App/lora_at.o
                0x08002944                AT_ADR_set
 .text.AT_DataRate_get
                0x08002962       0x20 ./Application/User/LoRaWAN/App/lora_at.o
                0x08002962                AT_DataRate_get
 *fill*         0x08002982        0x2 
 .text.AT_DataRate_set
                0x08002984       0x38 ./Application/User/LoRaWAN/App/lora_at.o
                0x08002984                AT_DataRate_set
 .text.AT_Region_get
                0x080029bc       0x58 ./Application/User/LoRaWAN/App/lora_at.o
                0x080029bc                AT_Region_get
 .text.AT_Region_set
                0x08002a14       0x30 ./Application/User/LoRaWAN/App/lora_at.o
                0x08002a14                AT_Region_set
 .text.AT_DeviceClass_get
                0x08002a44       0x90 ./Application/User/LoRaWAN/App/lora_at.o
                0x08002a44                AT_DeviceClass_get
 .text.AT_DeviceClass_set
                0x08002ad4       0x5c ./Application/User/LoRaWAN/App/lora_at.o
                0x08002ad4                AT_DeviceClass_set
 .text.AT_DutyCycle_get
                0x08002b30       0x20 ./Application/User/LoRaWAN/App/lora_at.o
                0x08002b30                AT_DutyCycle_get
 .text.AT_DutyCycle_set
                0x08002b50       0x1e ./Application/User/LoRaWAN/App/lora_at.o
                0x08002b50                AT_DutyCycle_set
 .text.AT_JoinAcceptDelay1_get
                0x08002b6e       0x1c ./Application/User/LoRaWAN/App/lora_at.o
                0x08002b6e                AT_JoinAcceptDelay1_get
 *fill*         0x08002b8a        0x2 
 .text.AT_JoinAcceptDelay1_set
                0x08002b8c       0x28 ./Application/User/LoRaWAN/App/lora_at.o
                0x08002b8c                AT_JoinAcceptDelay1_set
 .text.AT_JoinAcceptDelay2_get
                0x08002bb4       0x1c ./Application/User/LoRaWAN/App/lora_at.o
                0x08002bb4                AT_JoinAcceptDelay2_get
 .text.AT_JoinAcceptDelay2_set
                0x08002bd0       0x28 ./Application/User/LoRaWAN/App/lora_at.o
                0x08002bd0                AT_JoinAcceptDelay2_set
 .text.AT_Rx1Delay_get
                0x08002bf8       0x1c ./Application/User/LoRaWAN/App/lora_at.o
                0x08002bf8                AT_Rx1Delay_get
 .text.AT_Rx1Delay_set
                0x08002c14       0x28 ./Application/User/LoRaWAN/App/lora_at.o
                0x08002c14                AT_Rx1Delay_set
 .text.AT_Rx2Delay_get
                0x08002c3c       0x1c ./Application/User/LoRaWAN/App/lora_at.o
                0x08002c3c                AT_Rx2Delay_get
 .text.AT_Rx2Delay_set
                0x08002c58       0x28 ./Application/User/LoRaWAN/App/lora_at.o
                0x08002c58                AT_Rx2Delay_set
 .text.AT_Rx2DataRate_get
                0x08002c80       0x18 ./Application/User/LoRaWAN/App/lora_at.o
                0x08002c80                AT_Rx2DataRate_get
 .text.AT_Rx2DataRate_set
                0x08002c98       0x38 ./Application/User/LoRaWAN/App/lora_at.o
                0x08002c98                AT_Rx2DataRate_set
 .text.AT_Rx2Frequency_get
                0x08002cd0       0x16 ./Application/User/LoRaWAN/App/lora_at.o
                0x08002cd0                AT_Rx2Frequency_get
 *fill*         0x08002ce6        0x2 
 .text.AT_Rx2Frequency_set
                0x08002ce8       0x30 ./Application/User/LoRaWAN/App/lora_at.o
                0x08002ce8                AT_Rx2Frequency_set
 .text.AT_TransmitPower_get
                0x08002d18       0x20 ./Application/User/LoRaWAN/App/lora_at.o
                0x08002d18                AT_TransmitPower_get
 .text.AT_TransmitPower_set
                0x08002d38       0x2c ./Application/User/LoRaWAN/App/lora_at.o
                0x08002d38                AT_TransmitPower_set
 .text.AT_PingSlot_get
                0x08002d64       0x20 ./Application/User/LoRaWAN/App/lora_at.o
                0x08002d64                AT_PingSlot_get
 .text.AT_PingSlot_set
                0x08002d84       0x30 ./Application/User/LoRaWAN/App/lora_at.o
                0x08002d84                AT_PingSlot_set
 .text.AT_test_txTone
                0x08002db4       0x10 ./Application/User/LoRaWAN/App/lora_at.o
                0x08002db4                AT_test_txTone
 .text.AT_test_rxRssi
                0x08002dc4       0x10 ./Application/User/LoRaWAN/App/lora_at.o
                0x08002dc4                AT_test_rxRssi
 .text.AT_test_get_config
                0x08002dd4      0x204 ./Application/User/LoRaWAN/App/lora_at.o
                0x08002dd4                AT_test_get_config
 .text.AT_test_set_config
                0x08002fd8      0x154 ./Application/User/LoRaWAN/App/lora_at.o
                0x08002fd8                AT_test_set_config
 .text.AT_test_tx
                0x0800312c       0x3c ./Application/User/LoRaWAN/App/lora_at.o
                0x0800312c                AT_test_tx
 .text.AT_test_rx
                0x08003168       0x3c ./Application/User/LoRaWAN/App/lora_at.o
                0x08003168                AT_test_rx
 .text.AT_test_tx_hopping
                0x080031a4       0x98 ./Application/User/LoRaWAN/App/lora_at.o
                0x080031a4                AT_test_tx_hopping
 .text.AT_test_stop
                0x0800323c       0x1c ./Application/User/LoRaWAN/App/lora_at.o
                0x0800323c                AT_test_stop
 .text.AT_custom_get_config
                0x08003258       0xc0 ./Application/User/LoRaWAN/App/lora_at.o
                0x08003258                AT_custom_get_config
 .text.AT_custom_set_config
                0x08003318       0x98 ./Application/User/LoRaWAN/App/lora_at.o
                0x08003318                AT_custom_set_config
 .text.hex_char_to_byte
                0x080033b0       0x28 ./Application/User/LoRaWAN/App/lora_at.o
                0x080033b0                hex_char_to_byte
 .text.AT_custom_tx
                0x080033d8       0x60 ./Application/User/LoRaWAN/App/lora_at.o
                0x080033d8                AT_custom_tx
 .text.AT_custom_rx
                0x08003438       0x10 ./Application/User/LoRaWAN/App/lora_at.o
                0x08003438                AT_custom_rx
 .text.AT_custom_off
                0x08003448        0xa ./Application/User/LoRaWAN/App/lora_at.o
                0x08003448                AT_custom_off
 *fill*         0x08003452        0x2 
 .text.AT_Certif
                0x08003454       0x54 ./Application/User/LoRaWAN/App/lora_at.o
                0x08003454                AT_Certif
 .text.AT_bat_get
                0x080034a8        0xe ./Application/User/LoRaWAN/App/lora_at.o
                0x080034a8                AT_bat_get
 *fill*         0x080034b6        0x2 
 .text.CMD_GetChar
                0x080034b8       0x54 ./Application/User/LoRaWAN/App/lora_command.o
 .text.com_error
                0x0800350c       0x24 ./Application/User/LoRaWAN/App/lora_command.o
 .text.CMD_Init
                0x08003530       0x44 ./Application/User/LoRaWAN/App/lora_command.o
                0x08003530                CMD_Init
 .text.CMD_Process
                0x08003574      0x260 ./Application/User/LoRaWAN/App/lora_command.o
                0x08003574                CMD_Process
 .text.LoraInfo_Init
                0x080037d4       0x18 ./Application/User/LoRaWAN/App/lora_info.o
                0x080037d4                LoraInfo_Init
 .text.LoraInfo_GetPtr
                0x080037ec        0x8 ./Application/User/LoRaWAN/App/lora_info.o
                0x080037ec                LoraInfo_GetPtr
 .text.OnTxDone
                0x080037f4       0x10 ./Application/User/LoRaWAN/App/test_rf.o
                0x080037f4                OnTxDone
 .text.OnRxDone
                0x08003804       0x20 ./Application/User/LoRaWAN/App/test_rf.o
                0x08003804                OnRxDone
 .text.OnTxTimeout
                0x08003824       0x10 ./Application/User/LoRaWAN/App/test_rf.o
                0x08003824                OnTxTimeout
 .text.OnRxTimeout
                0x08003834       0x10 ./Application/User/LoRaWAN/App/test_rf.o
                0x08003834                OnRxTimeout
 .text.OnRxError
                0x08003844       0x10 ./Application/User/LoRaWAN/App/test_rf.o
                0x08003844                OnRxError
 .text.TST_TxTone
                0x08003854       0x4c ./Application/User/LoRaWAN/App/test_rf.o
                0x08003854                TST_TxTone
 .text.TST_RxRssi
                0x080038a0       0xd8 ./Application/User/LoRaWAN/App/test_rf.o
                0x080038a0                TST_RxRssi
 .text.TST_set_config
                0x08003978       0x14 ./Application/User/LoRaWAN/App/test_rf.o
                0x08003978                TST_set_config
 .text.TST_get_config
                0x0800398c       0x14 ./Application/User/LoRaWAN/App/test_rf.o
                0x0800398c                TST_get_config
 .text.TST_stop
                0x080039a0       0x1c ./Application/User/LoRaWAN/App/test_rf.o
                0x080039a0                TST_stop
 .text.TST_TX_Start
                0x080039bc      0x26c ./Application/User/LoRaWAN/App/test_rf.o
                0x080039bc                TST_TX_Start
 .text.TST_RX_Start
                0x08003c28      0x244 ./Application/User/LoRaWAN/App/test_rf.o
                0x08003c28                TST_RX_Start
 .text.RBI_Init
                0x08003e6c        0x8 ./Application/User/LoRaWAN/Target/radio_board_if.o
                0x08003e6c                RBI_Init
 .text.RBI_ConfigRFSwitch
                0x08003e74        0x8 ./Application/User/LoRaWAN/Target/radio_board_if.o
                0x08003e74                RBI_ConfigRFSwitch
 .text.RBI_GetTxConfig
                0x08003e7c        0x4 ./Application/User/LoRaWAN/Target/radio_board_if.o
                0x08003e7c                RBI_GetTxConfig
 .text.RBI_IsTCXO
                0x08003e80        0x8 ./Application/User/LoRaWAN/Target/radio_board_if.o
                0x08003e80                RBI_IsTCXO
 .text.RBI_IsDCDC
                0x08003e88        0x8 ./Application/User/LoRaWAN/Target/radio_board_if.o
                0x08003e88                RBI_IsDCDC
 .text.RBI_GetRFOMaxPowerConfig
                0x08003e90        0x4 ./Application/User/LoRaWAN/Target/radio_board_if.o
                0x08003e90                RBI_GetRFOMaxPowerConfig
 .text.Reset_Handler
                0x08003e94       0x50 ./Application/User/Startup/startup_stm32wl5mochx.o
                0x08003e94                Reset_Handler
 .text.Default_Handler
                0x08003ee4        0x2 ./Application/User/Startup/startup_stm32wl5mochx.o
                0x08003ee4                EXTI2_IRQHandler
                0x08003ee4                TIM1_CC_IRQHandler
                0x08003ee4                EXTI3_IRQHandler
                0x08003ee4                LPTIM2_IRQHandler
                0x08003ee4                I2C3_ER_IRQHandler
                0x08003ee4                LPTIM3_IRQHandler
                0x08003ee4                EXTI0_IRQHandler
                0x08003ee4                I2C2_EV_IRQHandler
                0x08003ee4                SPI1_IRQHandler
                0x08003ee4                DMA2_Channel2_IRQHandler
                0x08003ee4                DMA1_Channel4_IRQHandler
                0x08003ee4                PKA_IRQHandler
                0x08003ee4                TIM17_IRQHandler
                0x08003ee4                DMA1_Channel7_IRQHandler
                0x08003ee4                SUBGHZSPI_IRQHandler
                0x08003ee4                IPCC_C1_TX_IRQHandler
                0x08003ee4                DMA2_Channel1_IRQHandler
                0x08003ee4                I2C1_EV_IRQHandler
                0x08003ee4                DMAMUX1_OVR_IRQHandler
                0x08003ee4                DMA1_Channel6_IRQHandler
                0x08003ee4                TIM16_IRQHandler
                0x08003ee4                DMA2_Channel4_IRQHandler
                0x08003ee4                RCC_IRQHandler
                0x08003ee4                TIM1_TRG_COM_IRQHandler
                0x08003ee4                DMA1_Channel1_IRQHandler
                0x08003ee4                Default_Handler
                0x08003ee4                DMA2_Channel7_IRQHandler
                0x08003ee4                EXTI15_10_IRQHandler
                0x08003ee4                IPCC_C1_RX_IRQHandler
                0x08003ee4                ADC_IRQHandler
                0x08003ee4                C2SEV_PWR_C2H_IRQHandler
                0x08003ee4                I2C3_EV_IRQHandler
                0x08003ee4                EXTI9_5_IRQHandler
                0x08003ee4                RTC_WKUP_IRQHandler
                0x08003ee4                PVD_PVM_IRQHandler
                0x08003ee4                SPI2_IRQHandler
                0x08003ee4                DMA2_Channel5_IRQHandler
                0x08003ee4                EXTI4_IRQHandler
                0x08003ee4                RNG_IRQHandler
                0x08003ee4                DMA1_Channel3_IRQHandler
                0x08003ee4                COMP_IRQHandler
                0x08003ee4                HSEM_IRQHandler
                0x08003ee4                TIM1_UP_IRQHandler
                0x08003ee4                WWDG_IRQHandler
                0x08003ee4                DMA2_Channel6_IRQHandler
                0x08003ee4                TIM2_IRQHandler
                0x08003ee4                TIM1_BRK_IRQHandler
                0x08003ee4                DAC_IRQHandler
                0x08003ee4                EXTI1_IRQHandler
                0x08003ee4                AES_IRQHandler
                0x08003ee4                USART2_IRQHandler
                0x08003ee4                I2C2_ER_IRQHandler
                0x08003ee4                DMA1_Channel2_IRQHandler
                0x08003ee4                FLASH_IRQHandler
                0x08003ee4                USART1_IRQHandler
                0x08003ee4                I2C1_ER_IRQHandler
                0x08003ee4                LPTIM1_IRQHandler
                0x08003ee4                DMA2_Channel3_IRQHandler
 .text.SystemInit
                0x08003ee6        0x2 ./Drivers/CMSIS/system_stm32wlxx.o
                0x08003ee6                SystemInit
 .text.HAL_Init
                0x08003ee8       0x2c ./Drivers/STM32WLxx_HAL_Driver/stm32wlxx_hal.o
                0x08003ee8                HAL_Init
 .text.HAL_SuspendTick
                0x08003f14        0xe ./Drivers/STM32WLxx_HAL_Driver/stm32wlxx_hal.o
                0x08003f14                HAL_SuspendTick
 .text.HAL_ResumeTick
                0x08003f22        0xe ./Drivers/STM32WLxx_HAL_Driver/stm32wlxx_hal.o
                0x08003f22                HAL_ResumeTick
 .text.HAL_GetUIDw0
                0x08003f30        0xc ./Drivers/STM32WLxx_HAL_Driver/stm32wlxx_hal.o
                0x08003f30                HAL_GetUIDw0
 .text.HAL_GetUIDw1
                0x08003f3c        0xc ./Drivers/STM32WLxx_HAL_Driver/stm32wlxx_hal.o
                0x08003f3c                HAL_GetUIDw1
 .text.HAL_GetUIDw2
                0x08003f48        0xc ./Drivers/STM32WLxx_HAL_Driver/stm32wlxx_hal.o
                0x08003f48                HAL_GetUIDw2
 .text.HAL_DBGMCU_DisableDBGSleepMode
                0x08003f54       0x10 ./Drivers/STM32WLxx_HAL_Driver/stm32wlxx_hal.o
                0x08003f54                HAL_DBGMCU_DisableDBGSleepMode
 .text.HAL_DBGMCU_DisableDBGStopMode
                0x08003f64       0x10 ./Drivers/STM32WLxx_HAL_Driver/stm32wlxx_hal.o
                0x08003f64                HAL_DBGMCU_DisableDBGStopMode
 .text.HAL_DBGMCU_DisableDBGStandbyMode
                0x08003f74       0x10 ./Drivers/STM32WLxx_HAL_Driver/stm32wlxx_hal.o
                0x08003f74                HAL_DBGMCU_DisableDBGStandbyMode
 .text.HAL_RADIO_Init
                0x08003f84       0x54 ./Drivers/STM32WLxx_HAL_Driver/stm32wlxx_hal.o
                0x08003f84                HAL_RADIO_Init
 .text.HAL_RADIO_SetSwitchConfig
                0x08003fd8       0x3c ./Drivers/STM32WLxx_HAL_Driver/stm32wlxx_hal.o
                0x08003fd8                HAL_RADIO_SetSwitchConfig
 .text.HAL_RADIO_IsTCXO
                0x08004014        0x4 ./Drivers/STM32WLxx_HAL_Driver/stm32wlxx_hal.o
                0x08004014                HAL_RADIO_IsTCXO
 .text.HAL_RADIO_IsDCDC
                0x08004018        0x4 ./Drivers/STM32WLxx_HAL_Driver/stm32wlxx_hal.o
                0x08004018                HAL_RADIO_IsDCDC
 .text.HAL_RADIO_GetRFOMaxPowerConfig
                0x0800401c        0xa ./Drivers/STM32WLxx_HAL_Driver/stm32wlxx_hal.o
                0x0800401c                HAL_RADIO_GetRFOMaxPowerConfig
 .text.LL_ADC_REG_IsConversionOngoing
                0x08004026        0x8 ./Drivers/STM32WLxx_HAL_Driver/stm32wlxx_hal_adc.o
 *fill*         0x0800402e        0x2 
 .text.HAL_ADC_Init
                0x08004030      0x200 ./Drivers/STM32WLxx_HAL_Driver/stm32wlxx_hal_adc.o
                0x08004030                HAL_ADC_Init
 .text.HAL_ADC_PollForConversion
                0x08004230       0xb4 ./Drivers/STM32WLxx_HAL_Driver/stm32wlxx_hal_adc.o
                0x08004230                HAL_ADC_PollForConversion
 .text.HAL_ADC_GetValue
                0x080042e4        0x6 ./Drivers/STM32WLxx_HAL_Driver/stm32wlxx_hal_adc.o
                0x080042e4                HAL_ADC_GetValue
 *fill*         0x080042ea        0x2 
 .text.HAL_ADC_ConfigChannel
                0x080042ec      0x1b0 ./Drivers/STM32WLxx_HAL_Driver/stm32wlxx_hal_adc.o
                0x080042ec                HAL_ADC_ConfigChannel
 .text.ADC_ConversionStop
                0x0800449c       0x5c ./Drivers/STM32WLxx_HAL_Driver/stm32wlxx_hal_adc.o
                0x0800449c                ADC_ConversionStop
 .text.ADC_Enable
                0x080044f8       0xb4 ./Drivers/STM32WLxx_HAL_Driver/stm32wlxx_hal_adc.o
                0x080044f8                ADC_Enable
 .text.HAL_ADC_Start
                0x080045ac       0x5c ./Drivers/STM32WLxx_HAL_Driver/stm32wlxx_hal_adc.o
                0x080045ac                HAL_ADC_Start
 .text.ADC_Disable
                0x08004608       0x68 ./Drivers/STM32WLxx_HAL_Driver/stm32wlxx_hal_adc.o
                0x08004608                ADC_Disable
 .text.HAL_ADC_DeInit
                0x08004670       0xac ./Drivers/STM32WLxx_HAL_Driver/stm32wlxx_hal_adc.o
                0x08004670                HAL_ADC_DeInit
 .text.HAL_ADC_Stop
                0x0800471c       0x3c ./Drivers/STM32WLxx_HAL_Driver/stm32wlxx_hal_adc.o
                0x0800471c                HAL_ADC_Stop
 .text.HAL_ADCEx_Calibration_Start
                0x08004758      0x118 ./Drivers/STM32WLxx_HAL_Driver/stm32wlxx_hal_adc_ex.o
                0x08004758                HAL_ADCEx_Calibration_Start
 .text.HAL_NVIC_SetPriorityGrouping
                0x08004870       0x24 ./Drivers/STM32WLxx_HAL_Driver/stm32wlxx_hal_cortex.o
                0x08004870                HAL_NVIC_SetPriorityGrouping
 .text.HAL_NVIC_SetPriority
                0x08004894       0x64 ./Drivers/STM32WLxx_HAL_Driver/stm32wlxx_hal_cortex.o
                0x08004894                HAL_NVIC_SetPriority
 .text.HAL_NVIC_EnableIRQ
                0x080048f8       0x1c ./Drivers/STM32WLxx_HAL_Driver/stm32wlxx_hal_cortex.o
                0x080048f8                HAL_NVIC_EnableIRQ
 .text.HAL_NVIC_DisableIRQ
                0x08004914       0x24 ./Drivers/STM32WLxx_HAL_Driver/stm32wlxx_hal_cortex.o
                0x08004914                HAL_NVIC_DisableIRQ
 .text.DMA_SetConfig
                0x08004938       0x34 ./Drivers/STM32WLxx_HAL_Driver/stm32wlxx_hal_dma.o
 .text.DMA_CalcDMAMUXChannelBaseAndMask
                0x0800496c       0x4c ./Drivers/STM32WLxx_HAL_Driver/stm32wlxx_hal_dma.o
 .text.HAL_DMA_Init
                0x080049b8       0xe4 ./Drivers/STM32WLxx_HAL_Driver/stm32wlxx_hal_dma.o
                0x080049b8                HAL_DMA_Init
 .text.HAL_DMA_DeInit
                0x08004a9c       0xac ./Drivers/STM32WLxx_HAL_Driver/stm32wlxx_hal_dma.o
                0x08004a9c                HAL_DMA_DeInit
 .text.HAL_DMA_Start_IT
                0x08004b48       0x88 ./Drivers/STM32WLxx_HAL_Driver/stm32wlxx_hal_dma.o
                0x08004b48                HAL_DMA_Start_IT
 .text.HAL_DMA_Abort
                0x08004bd0       0x6a ./Drivers/STM32WLxx_HAL_Driver/stm32wlxx_hal_dma.o
                0x08004bd0                HAL_DMA_Abort
 .text.HAL_DMA_Abort_IT
                0x08004c3a       0x6a ./Drivers/STM32WLxx_HAL_Driver/stm32wlxx_hal_dma.o
                0x08004c3a                HAL_DMA_Abort_IT
 .text.HAL_DMA_IRQHandler
                0x08004ca4       0xac ./Drivers/STM32WLxx_HAL_Driver/stm32wlxx_hal_dma.o
                0x08004ca4                HAL_DMA_IRQHandler
 .text.HAL_DMA_ConfigChannelAttributes
                0x08004d50       0x20 ./Drivers/STM32WLxx_HAL_Driver/stm32wlxx_hal_dma.o
                0x08004d50                HAL_DMA_ConfigChannelAttributes
 .text.FLASH_Program_Fast
                0x08004d70       0x30 ./Drivers/STM32WLxx_HAL_Driver/stm32wlxx_hal_flash.o
 .text.HAL_FLASH_Unlock
                0x08004da0       0x24 ./Drivers/STM32WLxx_HAL_Driver/stm32wlxx_hal_flash.o
                0x08004da0                HAL_FLASH_Unlock
 .text.HAL_FLASH_Lock
                0x08004dc4       0x18 ./Drivers/STM32WLxx_HAL_Driver/stm32wlxx_hal_flash.o
                0x08004dc4                HAL_FLASH_Lock
 .text.FLASH_WaitForLastOperation
                0x08004ddc       0x5c ./Drivers/STM32WLxx_HAL_Driver/stm32wlxx_hal_flash.o
                0x08004ddc                FLASH_WaitForLastOperation
 .text.HAL_FLASH_Program
                0x08004e38       0x70 ./Drivers/STM32WLxx_HAL_Driver/stm32wlxx_hal_flash.o
                0x08004e38                HAL_FLASH_Program
 .text.FLASH_PageErase
                0x08004ea8       0x1c ./Drivers/STM32WLxx_HAL_Driver/stm32wlxx_hal_flash_ex.o
                0x08004ea8                FLASH_PageErase
 .text.HAL_FLASHEx_Erase
                0x08004ec4       0x9c ./Drivers/STM32WLxx_HAL_Driver/stm32wlxx_hal_flash_ex.o
                0x08004ec4                HAL_FLASHEx_Erase
 .text.HAL_GPIO_Init
                0x08004f60      0x158 ./Drivers/STM32WLxx_HAL_Driver/stm32wlxx_hal_gpio.o
                0x08004f60                HAL_GPIO_Init
 .text.HAL_GPIO_DeInit
                0x080050b8       0xe8 ./Drivers/STM32WLxx_HAL_Driver/stm32wlxx_hal_gpio.o
                0x080050b8                HAL_GPIO_DeInit
 .text.HAL_GPIO_WritePin
                0x080051a0        0xa ./Drivers/STM32WLxx_HAL_Driver/stm32wlxx_hal_gpio.o
                0x080051a0                HAL_GPIO_WritePin
 .text.HAL_GPIO_WriteMultipleStatePin
                0x080051aa        0x8 ./Drivers/STM32WLxx_HAL_Driver/stm32wlxx_hal_gpio.o
                0x080051aa                HAL_GPIO_WriteMultipleStatePin
 .text.HAL_GPIO_TogglePin
                0x080051b2       0x12 ./Drivers/STM32WLxx_HAL_Driver/stm32wlxx_hal_gpio.o
                0x080051b2                HAL_GPIO_TogglePin
 .text.HAL_GPIO_LockPin
                0x080051c4       0x2a ./Drivers/STM32WLxx_HAL_Driver/stm32wlxx_hal_gpio.o
                0x080051c4                HAL_GPIO_LockPin
 *fill*         0x080051ee        0x2 
 .text.HAL_PWR_EnableBkUpAccess
                0x080051f0       0x10 ./Drivers/STM32WLxx_HAL_Driver/stm32wlxx_hal_pwr.o
                0x080051f0                HAL_PWR_EnableBkUpAccess
 .text.HAL_PWR_EnterSLEEPMode
                0x08005200       0x40 ./Drivers/STM32WLxx_HAL_Driver/stm32wlxx_hal_pwr.o
                0x08005200                HAL_PWR_EnterSLEEPMode
 .text.HAL_PWREx_GetVoltageRange
                0x08005240       0x10 ./Drivers/STM32WLxx_HAL_Driver/stm32wlxx_hal_pwr_ex.o
                0x08005240                HAL_PWREx_GetVoltageRange
 .text.HAL_PWREx_EnableLowPowerRunMode
                0x08005250       0x10 ./Drivers/STM32WLxx_HAL_Driver/stm32wlxx_hal_pwr_ex.o
                0x08005250                HAL_PWREx_EnableLowPowerRunMode
 .text.HAL_PWREx_DisableLowPowerRunMode
                0x08005260       0x40 ./Drivers/STM32WLxx_HAL_Driver/stm32wlxx_hal_pwr_ex.o
                0x08005260                HAL_PWREx_DisableLowPowerRunMode
 .text.HAL_PWREx_EnterSTOP2Mode
                0x080052a0       0x38 ./Drivers/STM32WLxx_HAL_Driver/stm32wlxx_hal_pwr_ex.o
                0x080052a0                HAL_PWREx_EnterSTOP2Mode
 .text.LL_RCC_HSE_IsReady
                0x080052d8        0xc ./Drivers/STM32WLxx_HAL_Driver/stm32wlxx_hal_rcc.o
 .text.LL_RCC_MSI_IsReady
                0x080052e4        0xc ./Drivers/STM32WLxx_HAL_Driver/stm32wlxx_hal_rcc.o
 .text.LL_RCC_MSI_SetCalibTrimming
                0x080052f0       0x12 ./Drivers/STM32WLxx_HAL_Driver/stm32wlxx_hal_rcc.o
 .text.LL_RCC_PLL_IsReady
                0x08005302        0xc ./Drivers/STM32WLxx_HAL_Driver/stm32wlxx_hal_rcc.o
 *fill*         0x0800530e        0x2 
 .text.RCC_SetFlashLatencyFromMSIRange
                0x08005310       0xd4 ./Drivers/STM32WLxx_HAL_Driver/stm32wlxx_hal_rcc.o
 .text.HAL_RCC_GetSysClockFreq
                0x080053e4       0xdc ./Drivers/STM32WLxx_HAL_Driver/stm32wlxx_hal_rcc.o
                0x080053e4                HAL_RCC_GetSysClockFreq
 .text.HAL_RCC_GetHCLKFreq
                0x080054c0       0x20 ./Drivers/STM32WLxx_HAL_Driver/stm32wlxx_hal_rcc.o
                0x080054c0                HAL_RCC_GetHCLKFreq
 .text.HAL_RCC_OscConfig
                0x080054e0      0x534 ./Drivers/STM32WLxx_HAL_Driver/stm32wlxx_hal_rcc.o
                0x080054e0                HAL_RCC_OscConfig
 .text.HAL_RCC_ClockConfig
                0x08005a14      0x1f4 ./Drivers/STM32WLxx_HAL_Driver/stm32wlxx_hal_rcc.o
                0x08005a14                HAL_RCC_ClockConfig
 .text.HAL_RCC_GetPCLK1Freq
                0x08005c08       0x20 ./Drivers/STM32WLxx_HAL_Driver/stm32wlxx_hal_rcc.o
                0x08005c08                HAL_RCC_GetPCLK1Freq
 .text.HAL_RCC_GetPCLK2Freq
                0x08005c28       0x20 ./Drivers/STM32WLxx_HAL_Driver/stm32wlxx_hal_rcc.o
                0x08005c28                HAL_RCC_GetPCLK2Freq
 .text.LL_RCC_LSE_IsReady
                0x08005c48        0xe ./Drivers/STM32WLxx_HAL_Driver/stm32wlxx_hal_rcc_ex.o
 .text.LL_RCC_SetI2CClockSource
                0x08005c56       0x20 ./Drivers/STM32WLxx_HAL_Driver/stm32wlxx_hal_rcc_ex.o
 .text.LL_RCC_SetLPTIMClockSource
                0x08005c76       0x1a ./Drivers/STM32WLxx_HAL_Driver/stm32wlxx_hal_rcc_ex.o
 .text.HAL_RCCEx_PeriphCLKConfig
                0x08005c90      0x19c ./Drivers/STM32WLxx_HAL_Driver/stm32wlxx_hal_rcc_ex.o
                0x08005c90                HAL_RCCEx_PeriphCLKConfig
 .text.HAL_RTC_DeactivateAlarm
                0x08005e2c       0x74 ./Drivers/STM32WLxx_HAL_Driver/stm32wlxx_hal_rtc.o
                0x08005e2c                HAL_RTC_DeactivateAlarm
 .text.HAL_RTC_AlarmIRQHandler
                0x08005ea0       0x34 ./Drivers/STM32WLxx_HAL_Driver/stm32wlxx_hal_rtc.o
                0x08005ea0                HAL_RTC_AlarmIRQHandler
 .text.HAL_RTC_WaitForSynchro
                0x08005ed4       0x30 ./Drivers/STM32WLxx_HAL_Driver/stm32wlxx_hal_rtc.o
                0x08005ed4                HAL_RTC_WaitForSynchro
 .text.RTC_EnterInitMode
                0x08005f04       0x4c ./Drivers/STM32WLxx_HAL_Driver/stm32wlxx_hal_rtc.o
                0x08005f04                RTC_EnterInitMode
 .text.RTC_ExitInitMode
                0x08005f50       0x44 ./Drivers/STM32WLxx_HAL_Driver/stm32wlxx_hal_rtc.o
                0x08005f50                RTC_ExitInitMode
 .text.HAL_RTC_Init
                0x08005f94       0xa8 ./Drivers/STM32WLxx_HAL_Driver/stm32wlxx_hal_rtc.o
                0x08005f94                HAL_RTC_Init
 .text.RTC_ByteToBcd2
                0x0800603c       0x16 ./Drivers/STM32WLxx_HAL_Driver/stm32wlxx_hal_rtc.o
                0x0800603c                RTC_ByteToBcd2
 *fill*         0x08006052        0x2 
 .text.HAL_RTC_SetAlarm_IT
                0x08006054      0x15c ./Drivers/STM32WLxx_HAL_Driver/stm32wlxx_hal_rtc.o
                0x08006054                HAL_RTC_SetAlarm_IT
 .text.HAL_RTCEx_EnableBypassShadow
                0x080061b0       0x3c ./Drivers/STM32WLxx_HAL_Driver/stm32wlxx_hal_rtc_ex.o
                0x080061b0                HAL_RTCEx_EnableBypassShadow
 .text.HAL_RTCEx_SetSSRU_IT
                0x080061ec       0x4c ./Drivers/STM32WLxx_HAL_Driver/stm32wlxx_hal_rtc_ex.o
                0x080061ec                HAL_RTCEx_SetSSRU_IT
 .text.HAL_RTCEx_SSRUIRQHandler
                0x08006238       0x20 ./Drivers/STM32WLxx_HAL_Driver/stm32wlxx_hal_rtc_ex.o
                0x08006238                HAL_RTCEx_SSRUIRQHandler
 .text.HAL_RTCEx_AlarmBEventCallback
                0x08006258        0x2 ./Drivers/STM32WLxx_HAL_Driver/stm32wlxx_hal_rtc_ex.o
                0x08006258                HAL_RTCEx_AlarmBEventCallback
 .text.HAL_RTCEx_BKUPWrite
                0x0800625a        0xe ./Drivers/STM32WLxx_HAL_Driver/stm32wlxx_hal_rtc_ex.o
                0x0800625a                HAL_RTCEx_BKUPWrite
 .text.HAL_RTCEx_BKUPRead
                0x08006268        0xe ./Drivers/STM32WLxx_HAL_Driver/stm32wlxx_hal_rtc_ex.o
                0x08006268                HAL_RTCEx_BKUPRead
 *fill*         0x08006276        0x2 
 .text.LL_PWR_UnselectSUBGHZSPI_NSS
                0x08006278       0x14 ./Drivers/STM32WLxx_HAL_Driver/stm32wlxx_hal_subghz.o
 .text.LL_PWR_SelectSUBGHZSPI_NSS
                0x0800628c       0x14 ./Drivers/STM32WLxx_HAL_Driver/stm32wlxx_hal_subghz.o
 .text.SUBGHZSPI_Init
                0x080062a0       0x24 ./Drivers/STM32WLxx_HAL_Driver/stm32wlxx_hal_subghz.o
                0x080062a0                SUBGHZSPI_Init
 .text.HAL_SUBGHZ_Init
                0x080062c4       0xb8 ./Drivers/STM32WLxx_HAL_Driver/stm32wlxx_hal_subghz.o
                0x080062c4                HAL_SUBGHZ_Init
 .text.SUBGHZSPI_Transmit
                0x0800637c       0x68 ./Drivers/STM32WLxx_HAL_Driver/stm32wlxx_hal_subghz.o
                0x0800637c                SUBGHZSPI_Transmit
 .text.SUBGHZSPI_Receive
                0x080063e4       0x6c ./Drivers/STM32WLxx_HAL_Driver/stm32wlxx_hal_subghz.o
                0x080063e4                SUBGHZSPI_Receive
 .text.SUBGHZ_WaitOnBusy
                0x08006450       0x44 ./Drivers/STM32WLxx_HAL_Driver/stm32wlxx_hal_subghz.o
                0x08006450                SUBGHZ_WaitOnBusy
 .text.SUBGHZ_CheckDeviceReady
                0x08006494       0x38 ./Drivers/STM32WLxx_HAL_Driver/stm32wlxx_hal_subghz.o
                0x08006494                SUBGHZ_CheckDeviceReady
 .text.HAL_SUBGHZ_WriteRegisters
                0x080064cc       0x72 ./Drivers/STM32WLxx_HAL_Driver/stm32wlxx_hal_subghz.o
                0x080064cc                HAL_SUBGHZ_WriteRegisters
 .text.HAL_SUBGHZ_ReadRegisters
                0x0800653e       0x76 ./Drivers/STM32WLxx_HAL_Driver/stm32wlxx_hal_subghz.o
                0x0800653e                HAL_SUBGHZ_ReadRegisters
 .text.HAL_SUBGHZ_ExecSetCmd
                0x080065b4       0x70 ./Drivers/STM32WLxx_HAL_Driver/stm32wlxx_hal_subghz.o
                0x080065b4                HAL_SUBGHZ_ExecSetCmd
 .text.HAL_SUBGHZ_ExecGetCmd
                0x08006624       0x66 ./Drivers/STM32WLxx_HAL_Driver/stm32wlxx_hal_subghz.o
                0x08006624                HAL_SUBGHZ_ExecGetCmd
 .text.HAL_SUBGHZ_IRQHandler
                0x0800668a       0x98 ./Drivers/STM32WLxx_HAL_Driver/stm32wlxx_hal_subghz.o
                0x0800668a                HAL_SUBGHZ_IRQHandler
 .text.HAL_SUBGHZ_WriteBuffer
                0x08006722       0x66 ./Drivers/STM32WLxx_HAL_Driver/stm32wlxx_hal_subghz.o
                0x08006722                HAL_SUBGHZ_WriteBuffer
 .text.HAL_SUBGHZ_ReadBuffer
                0x08006788       0x6e ./Drivers/STM32WLxx_HAL_Driver/stm32wlxx_hal_subghz.o
                0x08006788                HAL_SUBGHZ_ReadBuffer
 .text.UART_EndTxTransfer
                0x080067f6       0x34 ./Drivers/STM32WLxx_HAL_Driver/stm32wlxx_hal_uart.o
 *fill*         0x0800682a        0x2 
 .text.UART_EndRxTransfer
                0x0800682c       0x58 ./Drivers/STM32WLxx_HAL_Driver/stm32wlxx_hal_uart.o
 .text.HAL_UART_Transmit_DMA
                0x08006884       0x84 ./Drivers/STM32WLxx_HAL_Driver/stm32wlxx_hal_uart.o
                0x08006884                HAL_UART_Transmit_DMA
 .text.UART_DMATransmitCplt
                0x08006908       0x46 ./Drivers/STM32WLxx_HAL_Driver/stm32wlxx_hal_uart.o
 .text.HAL_UART_TxHalfCpltCallback
                0x0800694e        0x2 ./Drivers/STM32WLxx_HAL_Driver/stm32wlxx_hal_uart.o
                0x0800694e                HAL_UART_TxHalfCpltCallback
 .text.UART_DMATxHalfCplt
                0x08006950        0xa ./Drivers/STM32WLxx_HAL_Driver/stm32wlxx_hal_uart.o
 .text.HAL_UART_ErrorCallback
                0x0800695a        0x2 ./Drivers/STM32WLxx_HAL_Driver/stm32wlxx_hal_uart.o
                0x0800695a                HAL_UART_ErrorCallback
 .text.UART_DMAError
                0x0800695c       0x48 ./Drivers/STM32WLxx_HAL_Driver/stm32wlxx_hal_uart.o
 .text.UART_DMAAbortOnError
                0x080069a4       0x14 ./Drivers/STM32WLxx_HAL_Driver/stm32wlxx_hal_uart.o
 .text.HAL_UARTEx_RxEventCallback
                0x080069b8        0x2 ./Drivers/STM32WLxx_HAL_Driver/stm32wlxx_hal_uart.o
                0x080069b8                HAL_UARTEx_RxEventCallback
 *fill*         0x080069ba        0x2 
 .text.HAL_UART_IRQHandler
                0x080069bc      0x2f8 ./Drivers/STM32WLxx_HAL_Driver/stm32wlxx_hal_uart.o
                0x080069bc                HAL_UART_IRQHandler
 .text.UART_RxISR_8BIT
                0x08006cb4       0xcc ./Drivers/STM32WLxx_HAL_Driver/stm32wlxx_hal_uart.o
 .text.UART_RxISR_16BIT
                0x08006d80       0xc4 ./Drivers/STM32WLxx_HAL_Driver/stm32wlxx_hal_uart.o
 .text.UART_RxISR_8BIT_FIFOEN
                0x08006e44      0x1a8 ./Drivers/STM32WLxx_HAL_Driver/stm32wlxx_hal_uart.o
 .text.UART_RxISR_16BIT_FIFOEN
                0x08006fec      0x1a4 ./Drivers/STM32WLxx_HAL_Driver/stm32wlxx_hal_uart.o
 .text.UART_SetConfig
                0x08007190      0x21c ./Drivers/STM32WLxx_HAL_Driver/stm32wlxx_hal_uart.o
                0x08007190                UART_SetConfig
 .text.UART_AdvFeatureConfig
                0x080073ac       0xa8 ./Drivers/STM32WLxx_HAL_Driver/stm32wlxx_hal_uart.o
                0x080073ac                UART_AdvFeatureConfig
 .text.UART_WaitOnFlagUntilTimeout
                0x08007454       0xc8 ./Drivers/STM32WLxx_HAL_Driver/stm32wlxx_hal_uart.o
                0x08007454                UART_WaitOnFlagUntilTimeout
 .text.UART_CheckIdleState
                0x0800751c       0x6a ./Drivers/STM32WLxx_HAL_Driver/stm32wlxx_hal_uart.o
                0x0800751c                UART_CheckIdleState
 .text.HAL_UART_Init
                0x08007586       0x60 ./Drivers/STM32WLxx_HAL_Driver/stm32wlxx_hal_uart.o
                0x08007586                HAL_UART_Init
 *fill*         0x080075e6        0x2 
 .text.UART_Start_Receive_IT
                0x080075e8      0x108 ./Drivers/STM32WLxx_HAL_Driver/stm32wlxx_hal_uart.o
                0x080075e8                UART_Start_Receive_IT
 .text.HAL_UART_Receive_IT
                0x080076f0       0x44 ./Drivers/STM32WLxx_HAL_Driver/stm32wlxx_hal_uart.o
                0x080076f0                HAL_UART_Receive_IT
 .text.UARTEx_SetNbDataToProcess
                0x08007734       0x44 ./Drivers/STM32WLxx_HAL_Driver/stm32wlxx_hal_uart_ex.o
 .text.HAL_UARTEx_WakeupCallback
                0x08007778        0x2 ./Drivers/STM32WLxx_HAL_Driver/stm32wlxx_hal_uart_ex.o
                0x08007778                HAL_UARTEx_WakeupCallback
 .text.HAL_UARTEx_RxFifoFullCallback
                0x0800777a        0x2 ./Drivers/STM32WLxx_HAL_Driver/stm32wlxx_hal_uart_ex.o
                0x0800777a                HAL_UARTEx_RxFifoFullCallback
 .text.HAL_UARTEx_TxFifoEmptyCallback
                0x0800777c        0x2 ./Drivers/STM32WLxx_HAL_Driver/stm32wlxx_hal_uart_ex.o
                0x0800777c                HAL_UARTEx_TxFifoEmptyCallback
 .text.HAL_UARTEx_StopModeWakeUpSourceConfig
                0x0800777e       0x8c ./Drivers/STM32WLxx_HAL_Driver/stm32wlxx_hal_uart_ex.o
                0x0800777e                HAL_UARTEx_StopModeWakeUpSourceConfig
 .text.HAL_UARTEx_EnableStopMode
                0x0800780a       0x2c ./Drivers/STM32WLxx_HAL_Driver/stm32wlxx_hal_uart_ex.o
                0x0800780a                HAL_UARTEx_EnableStopMode
 .text.HAL_UARTEx_EnableFifoMode
                0x08007836       0x40 ./Drivers/STM32WLxx_HAL_Driver/stm32wlxx_hal_uart_ex.o
                0x08007836                HAL_UARTEx_EnableFifoMode
 .text.HAL_UARTEx_SetTxFifoThreshold
                0x08007876       0x40 ./Drivers/STM32WLxx_HAL_Driver/stm32wlxx_hal_uart_ex.o
                0x08007876                HAL_UARTEx_SetTxFifoThreshold
 .text.HAL_UARTEx_SetRxFifoThreshold
                0x080078b6       0x40 ./Drivers/STM32WLxx_HAL_Driver/stm32wlxx_hal_uart_ex.o
                0x080078b6                HAL_UARTEx_SetRxFifoThreshold
 *fill*         0x080078f6        0x2 
 .text.LmHandlerPackageIsTxPending
                0x080078f8       0x28 ./Middlewares/LoRaWAN/LmHandler.o
 .text.LmHandlerOnTxFrameCtrlChanged
                0x08007920       0x18 ./Middlewares/LoRaWAN/LmHandler.o
 .text.LmHandlerOnPingSlotPeriodicityChanged
                0x08007938       0x18 ./Middlewares/LoRaWAN/LmHandler.o
 .text.LmHandlerJoin
                0x08007950       0xdc ./Middlewares/LoRaWAN/LmHandler.o
                0x08007950                LmHandlerJoin
 .text.LmHandlerDeviceTimeReq
                0x08007a2c       0x28 ./Middlewares/LoRaWAN/LmHandler.o
                0x08007a2c                LmHandlerDeviceTimeReq
 .text.MlmeIndication
                0x08007a54       0x64 ./Middlewares/LoRaWAN/LmHandler.o
 .text.McpsConfirm
                0x08007ab8       0x58 ./Middlewares/LoRaWAN/LmHandler.o
 .text.LmHandlerGetDutyCycleWaitTime
                0x08007b10        0xc ./Middlewares/LoRaWAN/LmHandler.o
                0x08007b10                LmHandlerGetDutyCycleWaitTime
 .text.LmHandlerJoinStatus
                0x08007b1c       0x26 ./Middlewares/LoRaWAN/LmHandler.o
                0x08007b1c                LmHandlerJoinStatus
 *fill*         0x08007b42        0x2 
 .text.LmHandlerSend
                0x08007b44      0x134 ./Middlewares/LoRaWAN/LmHandler.o
                0x08007b44                LmHandlerSend
 .text.LmHandlerProcess
                0x08007c78       0x60 ./Middlewares/LoRaWAN/LmHandler.o
                0x08007c78                LmHandlerProcess
 .text.LmHandlerRequestClass
                0x08007cd8       0x8c ./Middlewares/LoRaWAN/LmHandler.o
                0x08007cd8                LmHandlerRequestClass
 .text.LmHandlerGetCurrentClass
                0x08007d64       0x28 ./Middlewares/LoRaWAN/LmHandler.o
                0x08007d64                LmHandlerGetCurrentClass
 .text.McpsIndication
                0x08007d8c       0x98 ./Middlewares/LoRaWAN/LmHandler.o
 .text.LmHandlerGetTxDatarate
                0x08007e24       0x30 ./Middlewares/LoRaWAN/LmHandler.o
                0x08007e24                LmHandlerGetTxDatarate
 .text.LmHandlerGetActiveRegion
                0x08007e54       0x18 ./Middlewares/LoRaWAN/LmHandler.o
                0x08007e54                LmHandlerGetActiveRegion
 .text.LmHandlerSetSystemMaxRxError
                0x08007e6c       0x20 ./Middlewares/LoRaWAN/LmHandler.o
                0x08007e6c                LmHandlerSetSystemMaxRxError
 .text.LmHandlerConfigure
                0x08007e8c      0x1b8 ./Middlewares/LoRaWAN/LmHandler.o
                0x08007e8c                LmHandlerConfigure
 .text.LmHandlerPackageRegister
                0x08008044       0x68 ./Middlewares/LoRaWAN/LmHandler.o
                0x08008044                LmHandlerPackageRegister
 .text.LmHandlerInit
                0x080080ac       0x94 ./Middlewares/LoRaWAN/LmHandler.o
                0x080080ac                LmHandlerInit
 .text.LmHandlerGetVersion
                0x08008140       0x24 ./Middlewares/LoRaWAN/LmHandler.o
                0x08008140                LmHandlerGetVersion
 .text.LmHandlerHalt
                0x08008164       0x12 ./Middlewares/LoRaWAN/LmHandler.o
                0x08008164                LmHandlerHalt
 .text.LmHandlerLinkCheckReq
                0x08008176       0x1c ./Middlewares/LoRaWAN/LmHandler.o
                0x08008176                LmHandlerLinkCheckReq
 .text.LmHandlerGetDevEUI
                0x08008192       0x28 ./Middlewares/LoRaWAN/LmHandler.o
                0x08008192                LmHandlerGetDevEUI
 .text.LmHandlerSetDevEUI
                0x080081ba       0x2e ./Middlewares/LoRaWAN/LmHandler.o
                0x080081ba                LmHandlerSetDevEUI
 .text.LmHandlerGetAppEUI
                0x080081e8       0x28 ./Middlewares/LoRaWAN/LmHandler.o
                0x080081e8                LmHandlerGetAppEUI
 .text.LmHandlerSetAppEUI
                0x08008210       0x2e ./Middlewares/LoRaWAN/LmHandler.o
                0x08008210                LmHandlerSetAppEUI
 .text.LmHandlerGetNetworkID
                0x0800823e       0x26 ./Middlewares/LoRaWAN/LmHandler.o
                0x0800823e                LmHandlerGetNetworkID
 .text.LmHandlerSetNetworkID
                0x08008264       0x2e ./Middlewares/LoRaWAN/LmHandler.o
                0x08008264                LmHandlerSetNetworkID
 .text.LmHandlerGetDevAddr
                0x08008292       0x26 ./Middlewares/LoRaWAN/LmHandler.o
                0x08008292                LmHandlerGetDevAddr
 .text.LmHandlerSetDevAddr
                0x080082b8       0x2e ./Middlewares/LoRaWAN/LmHandler.o
                0x080082b8                LmHandlerSetDevAddr
 *fill*         0x080082e6        0x2 
 .text.LmHandlerSetActiveRegion
                0x080082e8       0x24 ./Middlewares/LoRaWAN/LmHandler.o
                0x080082e8                LmHandlerSetActiveRegion
 .text.LmHandlerGetAdrEnable
                0x0800830c       0x18 ./Middlewares/LoRaWAN/LmHandler.o
                0x0800830c                LmHandlerGetAdrEnable
 .text.LmHandlerSetAdrEnable
                0x08008324       0x2c ./Middlewares/LoRaWAN/LmHandler.o
                0x08008324                LmHandlerSetAdrEnable
 .text.LmHandlerSetTxDatarate
                0x08008350       0x30 ./Middlewares/LoRaWAN/LmHandler.o
                0x08008350                LmHandlerSetTxDatarate
 .text.LmHandlerGetDutyCycleEnable
                0x08008380       0x18 ./Middlewares/LoRaWAN/LmHandler.o
                0x08008380                LmHandlerGetDutyCycleEnable
 .text.LmHandlerSetDutyCycleEnable
                0x08008398       0x14 ./Middlewares/LoRaWAN/LmHandler.o
                0x08008398                LmHandlerSetDutyCycleEnable
 .text.LmHandlerGetRX2Params
                0x080083ac       0x2c ./Middlewares/LoRaWAN/LmHandler.o
                0x080083ac                LmHandlerGetRX2Params
 .text.LmHandlerGetTxPower
                0x080083d8       0x30 ./Middlewares/LoRaWAN/LmHandler.o
                0x080083d8                LmHandlerGetTxPower
 .text.MlmeConfirm
                0x08008408       0xe8 ./Middlewares/LoRaWAN/LmHandler.o
 .text.LmHandlerGetRx1Delay
                0x080084f0       0x26 ./Middlewares/LoRaWAN/LmHandler.o
                0x080084f0                LmHandlerGetRx1Delay
 .text.LmHandlerGetRx2Delay
                0x08008516       0x26 ./Middlewares/LoRaWAN/LmHandler.o
                0x08008516                LmHandlerGetRx2Delay
 .text.LmHandlerGetJoinRx1Delay
                0x0800853c       0x26 ./Middlewares/LoRaWAN/LmHandler.o
                0x0800853c                LmHandlerGetJoinRx1Delay
 .text.LmHandlerGetJoinRx2Delay
                0x08008562       0x26 ./Middlewares/LoRaWAN/LmHandler.o
                0x08008562                LmHandlerGetJoinRx2Delay
 .text.LmHandlerSetTxPower
                0x08008588       0x2c ./Middlewares/LoRaWAN/LmHandler.o
                0x08008588                LmHandlerSetTxPower
 .text.LmHandlerSetRX2Params
                0x080085b4       0x28 ./Middlewares/LoRaWAN/LmHandler.o
                0x080085b4                LmHandlerSetRX2Params
 .text.LmHandlerSetRx1Delay
                0x080085dc       0x20 ./Middlewares/LoRaWAN/LmHandler.o
                0x080085dc                LmHandlerSetRx1Delay
 .text.LmHandlerSetRx2Delay
                0x080085fc       0x20 ./Middlewares/LoRaWAN/LmHandler.o
                0x080085fc                LmHandlerSetRx2Delay
 .text.LmHandlerSetJoinRx1Delay
                0x0800861c       0x20 ./Middlewares/LoRaWAN/LmHandler.o
                0x0800861c                LmHandlerSetJoinRx1Delay
 .text.LmHandlerSetJoinRx2Delay
                0x0800863c       0x20 ./Middlewares/LoRaWAN/LmHandler.o
                0x0800863c                LmHandlerSetJoinRx2Delay
 .text.LmHandlerGetPingPeriodicity
                0x0800865c        0x6 ./Middlewares/LoRaWAN/LmHandler.o
                0x0800865c                LmHandlerGetPingPeriodicity
 .text.LmHandlerSetPingPeriodicity
                0x08008662        0x6 ./Middlewares/LoRaWAN/LmHandler.o
                0x08008662                LmHandlerSetPingPeriodicity
 .text.LmHandlerGetBeaconState
                0x08008668        0x6 ./Middlewares/LoRaWAN/LmHandler.o
                0x08008668                LmHandlerGetBeaconState
 .text.LmHandlerGetKey
                0x0800866e       0x2a ./Middlewares/LoRaWAN/LmHandler.o
                0x0800866e                LmHandlerGetKey
 .text.LmHandlerSetKey
                0x08008698       0x3c ./Middlewares/LoRaWAN/LmHandler.o
                0x08008698                LmHandlerSetKey
 .text.LmHandlerNvmDataStore
                0x080086d4       0x68 ./Middlewares/LoRaWAN/LmHandler.o
                0x080086d4                LmHandlerNvmDataStore
 .text.LmhpComplianceIsInitialized
                0x0800873c        0xc ./Middlewares/LoRaWAN/LmhpCompliance.o
 .text.LmhpComplianceIsTxPending
                0x08008748        0xc ./Middlewares/LoRaWAN/LmhpCompliance.o
 .text.LmhpComplianceOnMlmeConfirm
                0x08008754        0x2 ./Middlewares/LoRaWAN/LmhpCompliance.o
 *fill*         0x08008756        0x2 
 .text.OnProcessTimer
                0x08008758       0x1c ./Middlewares/LoRaWAN/LmhpCompliance.o
 .text.LmhpComplianceProcess
                0x08008774       0x98 ./Middlewares/LoRaWAN/LmhpCompliance.o
 .text.LmhpComplianceInit
                0x0800880c       0x58 ./Middlewares/LoRaWAN/LmhpCompliance.o
 .text.LmhpComplianceOnMcpsIndication
                0x08008864      0x370 ./Middlewares/LoRaWAN/LmhpCompliance.o
 .text.LmhpComplianceOnMlmeIndication
                0x08008bd4        0x2 ./Middlewares/LoRaWAN/LmhpCompliance.o
 *fill*         0x08008bd6        0x2 
 .text.LmhpCompliancePackageFactory
                0x08008bd8        0x8 ./Middlewares/LoRaWAN/LmhpCompliance.o
                0x08008bd8                LmhpCompliancePackageFactory
 .text.LmhpPackagesRegistrationInit
                0x08008be0        0x4 ./Middlewares/LoRaWAN/LmhpPackagesRegistration.o
                0x08008be0                LmhpPackagesRegistrationInit
 .text.LmhpPackagesRegister
                0x08008be4        0x6 ./Middlewares/LoRaWAN/LmhpPackagesRegistration.o
                0x08008be4                LmhpPackagesRegister
 *fill*         0x08008bea        0x2 
 .text.UpdateRxSlotIdleState
                0x08008bec       0x1c ./Middlewares/LoRaWAN/LoRaMac.o
 .text.OnMacProcessNotify
                0x08008c08       0x14 ./Middlewares/LoRaWAN/LoRaMac.o
 .text.OnRadioRxError
                0x08008c1c       0x14 ./Middlewares/LoRaWAN/LoRaMac.o
 .text.GetMaxAppPayloadWithoutFOptsLength
                0x08008c30       0x30 ./Middlewares/LoRaWAN/LoRaMac.o
 .text.OnRetransmitTimeoutTimerEvent
                0x08008c60       0x28 ./Middlewares/LoRaWAN/LoRaMac.o
 .text.PrepareRxDoneAbort
                0x08008c88       0x38 ./Middlewares/LoRaWAN/LoRaMac.o
 .text.HandleRadioRxErrorTimeout
                0x08008cc0       0xc4 ./Middlewares/LoRaWAN/LoRaMac.o
 .text.OnRadioRxTimeout
                0x08008d84       0x28 ./Middlewares/LoRaWAN/LoRaMac.o
 .text.OnRadioTxTimeout
                0x08008dac       0x28 ./Middlewares/LoRaWAN/LoRaMac.o
 .text.OnRadioRxDone
                0x08008dd4       0x4c ./Middlewares/LoRaWAN/LoRaMac.o
 .text.OnRadioTxDone
                0x08008e20       0x4c ./Middlewares/LoRaWAN/LoRaMac.o
 .text.ScheduleTx
                0x08008e6c      0x2f0 ./Middlewares/LoRaWAN/LoRaMac.o
 .text.OpenContinuousRxCWindow
                0x0800915c       0x5c ./Middlewares/LoRaWAN/LoRaMac.o
 .text.SwitchClass
                0x080091b8       0xd8 ./Middlewares/LoRaWAN/LoRaMac.o
 .text.ResetMacParameters.constprop.0
                0x08009290      0x158 ./Middlewares/LoRaWAN/LoRaMac.o
 .text.RxWindowSetup.constprop.0
                0x080093e8       0x48 ./Middlewares/LoRaWAN/LoRaMac.o
 .text.OnRxWindow1TimerEvent
                0x08009430       0x48 ./Middlewares/LoRaWAN/LoRaMac.o
 .text.OnRxWindow2TimerEvent
                0x08009478       0x50 ./Middlewares/LoRaWAN/LoRaMac.o
 .text.LoRaMacHandleNvm.part.0.constprop.0
                0x080094c8       0xf4 ./Middlewares/LoRaWAN/LoRaMac.o
 .text.ProcessMacCommands.constprop.0
                0x080095bc      0x568 ./Middlewares/LoRaWAN/LoRaMac.o
 .text.StopRetransmission.isra.0
                0x08009b24       0x44 ./Middlewares/LoRaWAN/LoRaMac.o
 .text.OnTxDelayedTimerEvent
                0x08009b68       0x70 ./Middlewares/LoRaWAN/LoRaMac.o
 .text.LoRaMacIsBusy
                0x08009bd8       0x30 ./Middlewares/LoRaWAN/LoRaMac.o
                0x08009bd8                LoRaMacIsBusy
 .text.LoRaMacIsStopped
                0x08009c08       0x14 ./Middlewares/LoRaWAN/LoRaMac.o
                0x08009c08                LoRaMacIsStopped
 .text.LoRaMacProcess
                0x08009c1c      0x8d0 ./Middlewares/LoRaWAN/LoRaMac.o
                0x08009c1c                LoRaMacProcess
 .text.LoRaMacInitialization
                0x0800a4ec      0x37c ./Middlewares/LoRaWAN/LoRaMac.o
                0x0800a4ec                LoRaMacInitialization
 .text.LoRaMacStart
                0x0800a868       0x14 ./Middlewares/LoRaWAN/LoRaMac.o
                0x0800a868                LoRaMacStart
 .text.LoRaMacStop
                0x0800a87c       0x3c ./Middlewares/LoRaWAN/LoRaMac.o
                0x0800a87c                LoRaMacStop
 .text.LoRaMacHalt
                0x0800a8b8       0x5c ./Middlewares/LoRaWAN/LoRaMac.o
                0x0800a8b8                LoRaMacHalt
 .text.LoRaMacQueryTxPossible
                0x0800a914       0xc4 ./Middlewares/LoRaWAN/LoRaMac.o
                0x0800a914                LoRaMacQueryTxPossible
 .text.LoRaMacMibGetRequestConfirm
                0x0800a9d8      0x228 ./Middlewares/LoRaWAN/LoRaMac.o
                0x0800a9d8                LoRaMacMibGetRequestConfirm
 .text.LoRaMacMibSetRequestConfirm
                0x0800ac00      0x4e4 ./Middlewares/LoRaWAN/LoRaMac.o
                0x0800ac00                LoRaMacMibSetRequestConfirm
 .text.LoRaMacMlmeRequest
                0x0800b0e4      0x208 ./Middlewares/LoRaWAN/LoRaMac.o
                0x0800b0e4                LoRaMacMlmeRequest
 .text.LoRaMacMcpsRequest
                0x0800b2ec      0x384 ./Middlewares/LoRaWAN/LoRaMac.o
                0x0800b2ec                LoRaMacMcpsRequest
 .text.LoRaMacTestSetDutyCycleOn
                0x0800b670       0x38 ./Middlewares/LoRaWAN/LoRaMac.o
                0x0800b670                LoRaMacTestSetDutyCycleOn
 .text.LoRaMacAdrCalcNext
                0x0800b6a8       0xdc ./Middlewares/LoRaWAN/LoRaMacAdr.o
                0x0800b6a8                LoRaMacAdrCalcNext
 .text.LoRaMacClassBInit
                0x0800b784        0x2 ./Middlewares/LoRaWAN/LoRaMacClassB.o
                0x0800b784                LoRaMacClassBInit
 .text.LoRaMacClassBSetBeaconState
                0x0800b786        0x2 ./Middlewares/LoRaWAN/LoRaMacClassB.o
                0x0800b786                LoRaMacClassBSetBeaconState
 .text.LoRaMacClassBSetPingSlotState
                0x0800b788        0x2 ./Middlewares/LoRaWAN/LoRaMacClassB.o
                0x0800b788                LoRaMacClassBSetPingSlotState
 .text.LoRaMacClassBSetMulticastSlotState
                0x0800b78a        0x2 ./Middlewares/LoRaWAN/LoRaMacClassB.o
                0x0800b78a                LoRaMacClassBSetMulticastSlotState
 .text.LoRaMacClassBIsAcquisitionInProgress
                0x0800b78c        0x4 ./Middlewares/LoRaWAN/LoRaMacClassB.o
                0x0800b78c                LoRaMacClassBIsAcquisitionInProgress
 .text.LoRaMacClassBBeaconTimerEvent
                0x0800b790        0x2 ./Middlewares/LoRaWAN/LoRaMacClassB.o
                0x0800b790                LoRaMacClassBBeaconTimerEvent
 .text.LoRaMacClassBPingSlotTimerEvent
                0x0800b792        0x2 ./Middlewares/LoRaWAN/LoRaMacClassB.o
                0x0800b792                LoRaMacClassBPingSlotTimerEvent
 .text.LoRaMacClassBMulticastSlotTimerEvent
                0x0800b794        0x2 ./Middlewares/LoRaWAN/LoRaMacClassB.o
                0x0800b794                LoRaMacClassBMulticastSlotTimerEvent
 .text.LoRaMacClassBRxBeacon
                0x0800b796        0x4 ./Middlewares/LoRaWAN/LoRaMacClassB.o
                0x0800b796                LoRaMacClassBRxBeacon
 .text.LoRaMacClassBIsBeaconExpected
                0x0800b79a        0x4 ./Middlewares/LoRaWAN/LoRaMacClassB.o
                0x0800b79a                LoRaMacClassBIsBeaconExpected
 .text.LoRaMacClassBIsPingExpected
                0x0800b79e        0x4 ./Middlewares/LoRaWAN/LoRaMacClassB.o
                0x0800b79e                LoRaMacClassBIsPingExpected
 .text.LoRaMacClassBIsMulticastExpected
                0x0800b7a2        0x4 ./Middlewares/LoRaWAN/LoRaMacClassB.o
                0x0800b7a2                LoRaMacClassBIsMulticastExpected
 .text.LoRaMacClassBIsBeaconModeActive
                0x0800b7a6        0x4 ./Middlewares/LoRaWAN/LoRaMacClassB.o
                0x0800b7a6                LoRaMacClassBIsBeaconModeActive
 .text.LoRaMacClassBSetPingSlotInfo
                0x0800b7aa        0x2 ./Middlewares/LoRaWAN/LoRaMacClassB.o
                0x0800b7aa                LoRaMacClassBSetPingSlotInfo
 .text.LoRaMacClassBHaltBeaconing
                0x0800b7ac        0x2 ./Middlewares/LoRaWAN/LoRaMacClassB.o
                0x0800b7ac                LoRaMacClassBHaltBeaconing
 .text.LoRaMacClassBResumeBeaconing
                0x0800b7ae        0x2 ./Middlewares/LoRaWAN/LoRaMacClassB.o
                0x0800b7ae                LoRaMacClassBResumeBeaconing
 .text.LoRaMacClassBSwitchClass
                0x0800b7b0        0x4 ./Middlewares/LoRaWAN/LoRaMacClassB.o
                0x0800b7b0                LoRaMacClassBSwitchClass
 .text.LoRaMacClassBMibGetRequestConfirm
                0x0800b7b4        0x4 ./Middlewares/LoRaWAN/LoRaMacClassB.o
                0x0800b7b4                LoRaMacClassBMibGetRequestConfirm
 .text.LoRaMacMibClassBSetRequestConfirm
                0x0800b7b8        0x4 ./Middlewares/LoRaWAN/LoRaMacClassB.o
                0x0800b7b8                LoRaMacMibClassBSetRequestConfirm
 .text.LoRaMacClassBPingSlotInfoAns
                0x0800b7bc        0x2 ./Middlewares/LoRaWAN/LoRaMacClassB.o
                0x0800b7bc                LoRaMacClassBPingSlotInfoAns
 .text.LoRaMacClassBPingSlotChannelReq
                0x0800b7be        0x4 ./Middlewares/LoRaWAN/LoRaMacClassB.o
                0x0800b7be                LoRaMacClassBPingSlotChannelReq
 .text.LoRaMacClassBBeaconTimingAns
                0x0800b7c2        0x2 ./Middlewares/LoRaWAN/LoRaMacClassB.o
                0x0800b7c2                LoRaMacClassBBeaconTimingAns
 .text.LoRaMacClassBDeviceTimeAns
                0x0800b7c4        0x2 ./Middlewares/LoRaWAN/LoRaMacClassB.o
                0x0800b7c4                LoRaMacClassBDeviceTimeAns
 .text.LoRaMacClassBBeaconFreqReq
                0x0800b7c6        0x4 ./Middlewares/LoRaWAN/LoRaMacClassB.o
                0x0800b7c6                LoRaMacClassBBeaconFreqReq
 .text.LoRaMacClassBIsUplinkCollision
                0x0800b7ca        0x4 ./Middlewares/LoRaWAN/LoRaMacClassB.o
                0x0800b7ca                LoRaMacClassBIsUplinkCollision
 .text.LoRaMacClassBStopRxSlots
                0x0800b7ce        0x2 ./Middlewares/LoRaWAN/LoRaMacClassB.o