C:/Users/User/OneDrive/Documents/buoy-stm32/LR1262/STM32Cube_FW_WL_V1.3.0/Middlewares/Third_Party/LoRaWAN/Crypto/lorawan_aes.c:315:13:copy_block	0	static
C:/Users/User/OneDrive/Documents/buoy-stm32/LR1262/STM32Cube_FW_WL_V1.3.0/Middlewares/Third_Party/LoRaWAN/Crypto/lorawan_aes.c:342:13:copy_block_nn	0	static
C:/Users/User/OneDrive/Documents/buoy-stm32/LR1262/STM32Cube_FW_WL_V1.3.0/Middlewares/Third_Party/LoRaWAN/Crypto/lorawan_aes.c:349:13:xor_block	0	static
C:/Users/User/OneDrive/Documents/buoy-stm32/LR1262/STM32Cube_FW_WL_V1.3.0/Middlewares/Third_Party/LoRaWAN/Crypto/lorawan_aes.c:376:13:copy_and_key	0	static
C:/Users/User/OneDrive/Documents/buoy-stm32/LR1262/STM32Cube_FW_WL_V1.3.0/Middlewares/Third_Party/LoRaWAN/Crypto/lorawan_aes.c:406:13:add_round_key	8	static
C:/Users/User/OneDrive/Documents/buoy-stm32/LR1262/STM32Cube_FW_WL_V1.3.0/Middlewares/Third_Party/LoRaWAN/Crypto/lorawan_aes.c:411:13:shift_sub_rows	0	static
C:/Users/User/OneDrive/Documents/buoy-stm32/LR1262/STM32Cube_FW_WL_V1.3.0/Middlewares/Third_Party/LoRaWAN/Crypto/lorawan_aes.c:448:15:mix_sub_columns	48	static
C:/Users/User/OneDrive/Documents/buoy-stm32/LR1262/STM32Cube_FW_WL_V1.3.0/Middlewares/Third_Party/LoRaWAN/Crypto/lorawan_aes.c:513:13:lorawan_aes_set_key	32	static
C:/Users/User/OneDrive/Documents/buoy-stm32/LR1262/STM32Cube_FW_WL_V1.3.0/Middlewares/Third_Party/LoRaWAN/Crypto/lorawan_aes.c:568:13:lorawan_aes_encrypt	32	static
C:/Users/User/OneDrive/Documents/buoy-stm32/LR1262/STM32Cube_FW_WL_V1.3.0/Middlewares/Third_Party/LoRaWAN/Crypto/lorawan_aes.c:597:13:lorawan_aes_cbc_encrypt	24	static
