C:/Users/User/OneDrive/Documents/buoy-stm32/LR1262/STM32Cube_FW_WL_V1.3.0/Middlewares/Third_Party/LoRaWAN/LmHandler/Packages/LmhpCompliance.c:751:13:LmhpComplianceIsInitialized	0	static
C:/Users/User/OneDrive/Documents/buoy-stm32/LR1262/STM32Cube_FW_WL_V1.3.0/Middlewares/Third_Party/LoRaWAN/LmHandler/Packages/LmhpCompliance.c:756:13:LmhpComplianceIsTxPending	0	static
C:/Users/User/OneDrive/Documents/buoy-stm32/LR1262/STM32Cube_FW_WL_V1.3.0/Middlewares/Third_Party/LoRaWAN/LmHandler/Packages/LmhpCompliance.c:1062:13:LmhpComplianceOnMlmeConfirm	0	static
C:/Users/User/OneDrive/Documents/buoy-stm32/LR1262/STM32Cube_FW_WL_V1.3.0/Middlewares/Third_Party/LoRaWAN/LmHandler/Packages/LmhpCompliance.c:1165:13:OnProcessTimer	0	static
C:/Users/User/OneDrive/Documents/buoy-stm32/LR1262/STM32Cube_FW_WL_V1.3.0/Middlewares/Third_Party/LoRaWAN/LmHandler/Packages/LmhpCompliance.c:761:13:LmhpComplianceProcess	24	static
C:/Users/User/OneDrive/Documents/buoy-stm32/LR1262/STM32Cube_FW_WL_V1.3.0/Middlewares/Third_Party/LoRaWAN/LmHandler/Packages/LmhpCompliance.c:728:13:LmhpComplianceInit	24	static
C:/Users/User/OneDrive/Documents/buoy-stm32/LR1262/STM32Cube_FW_WL_V1.3.0/Middlewares/Third_Party/LoRaWAN/LmHandler/Packages/LmhpCompliance.c:818:13:LmhpComplianceOnMcpsIndication	80	static
C:/Users/User/OneDrive/Documents/buoy-stm32/LR1262/STM32Cube_FW_WL_V1.3.0/Middlewares/Third_Party/LoRaWAN/LmHandler/Packages/LmhpCompliance.c:1086:13:LmhpComplianceOnMlmeIndication	0	static
C:/Users/User/OneDrive/Documents/buoy-stm32/LR1262/STM32Cube_FW_WL_V1.3.0/Middlewares/Third_Party/LoRaWAN/LmHandler/Packages/LmhpCompliance.c:723:15:LmhpCompliancePackageFactory	0	static
