C:/Users/User/OneDrive/Documents/buoy-stm32/LR1262/STM32Cube_FW_WL_V1.3.0/Middlewares/Third_Party/LoRaWAN/Mac/LoRaMacCommands.c:332:24:LoRaMacCommandsInit	8	static
C:/Users/User/OneDrive/Documents/buoy-stm32/LR1262/STM32Cube_FW_WL_V1.3.0/Middlewares/Third_Party/LoRaWAN/Mac/LoRaMacCommands.c:342:24:LoRaMacCommandsAddCmd	32	static
C:/Users/User/OneDrive/Documents/buoy-stm32/LR1262/STM32Cube_FW_WL_V1.3.0/Middlewares/Third_Party/LoRaWAN/Mac/LoRaMacCommands.c:376:24:LoRaMacCommandsRemoveCmd	8	static
C:/Users/User/OneDrive/Documents/buoy-stm32/LR1262/STM32Cube_FW_WL_V1.3.0/Middlewares/Third_Party/LoRaWAN/Mac/LoRaMacCommands.c:400:24:LoRaMacCommandsGetCmd	0	static
C:/Users/User/OneDrive/Documents/buoy-stm32/LR1262/STM32Cube_FW_WL_V1.3.0/Middlewares/Third_Party/LoRaWAN/Mac/LoRaMacCommands.c:424:24:LoRaMacCommandsRemoveNoneStickyCmds	8	static
C:/Users/User/OneDrive/Documents/buoy-stm32/LR1262/STM32Cube_FW_WL_V1.3.0/Middlewares/Third_Party/LoRaWAN/Mac/LoRaMacCommands.c:450:24:LoRaMacCommandsRemoveStickyAnsCmds	16	static
C:/Users/User/OneDrive/Documents/buoy-stm32/LR1262/STM32Cube_FW_WL_V1.3.0/Middlewares/Third_Party/LoRaWAN/Mac/LoRaMacCommands.c:473:24:LoRaMacCommandsGetSizeSerializedCmds	0	static
C:/Users/User/OneDrive/Documents/buoy-stm32/LR1262/STM32Cube_FW_WL_V1.3.0/Middlewares/Third_Party/LoRaWAN/Mac/LoRaMacCommands.c:483:24:LoRaMacCommandsSerializeCmds	24	static
C:/Users/User/OneDrive/Documents/buoy-stm32/LR1262/STM32Cube_FW_WL_V1.3.0/Middlewares/Third_Party/LoRaWAN/Mac/LoRaMacCommands.c:526:9:LoRaMacCommandsGetCmdSize	0	static
