C:/Users/User/OneDrive/Documents/buoy-stm32/LR1262/STM32Cube_FW_WL_V1.3.0/Middlewares/Third_Party/LoRaWAN/Crypto/soft-se.c:577:23:SecureElementInit	8	static
C:/Users/User/OneDrive/Documents/buoy-stm32/LR1262/STM32Cube_FW_WL_V1.3.0/Middlewares/Third_Party/LoRaWAN/Crypto/soft-se.c:681:23:SecureElementGetKeyByID	16	static
C:/Users/User/OneDrive/Documents/buoy-stm32/LR1262/STM32Cube_FW_WL_V1.3.0/Middlewares/Third_Party/LoRaWAN/Crypto/soft-se.c:419:30:ComputeCmac	328	static
C:/Users/User/OneDrive/Documents/buoy-stm32/LR1262/STM32Cube_FW_WL_V1.3.0/Middlewares/Third_Party/LoRaWAN/Crypto/soft-se.c:314:13:PrintKey	96	static
C:/Users/User/OneDrive/Documents/buoy-stm32/LR1262/STM32Cube_FW_WL_V1.3.0/Middlewares/Third_Party/LoRaWAN/Crypto/soft-se.c:777:23:SecureElementDeleteDynamicKey	0	static
C:/Users/User/OneDrive/Documents/buoy-stm32/LR1262/STM32Cube_FW_WL_V1.3.0/Middlewares/Third_Party/LoRaWAN/Crypto/soft-se.c:849:23:SecureElementSetObjHandler	0	static
C:/Users/User/OneDrive/Documents/buoy-stm32/LR1262/STM32Cube_FW_WL_V1.3.0/Middlewares/Third_Party/LoRaWAN/Crypto/soft-se.c:992:23:SecureElementSetID	0	static
C:/Users/User/OneDrive/Documents/buoy-stm32/LR1262/STM32Cube_FW_WL_V1.3.0/Middlewares/Third_Party/LoRaWAN/Crypto/soft-se.c:1068:23:SecureElementComputeAesCmac	4	static
C:/Users/User/OneDrive/Documents/buoy-stm32/LR1262/STM32Cube_FW_WL_V1.3.0/Middlewares/Third_Party/LoRaWAN/Crypto/soft-se.c:1080:23:SecureElementVerifyAesCmac	32	static
C:/Users/User/OneDrive/Documents/buoy-stm32/LR1262/STM32Cube_FW_WL_V1.3.0/Middlewares/Third_Party/LoRaWAN/Crypto/soft-se.c:1149:23:SecureElementAesEncrypt	280	static
C:/Users/User/OneDrive/Documents/buoy-stm32/LR1262/STM32Cube_FW_WL_V1.3.0/Middlewares/Third_Party/LoRaWAN/Crypto/soft-se.c:866:23:SecureElementSetKey.part.0	40	static
C:/Users/User/OneDrive/Documents/buoy-stm32/LR1262/STM32Cube_FW_WL_V1.3.0/Middlewares/Third_Party/LoRaWAN/Crypto/soft-se.c:866:23:SecureElementSetKey	0	static
C:/Users/User/OneDrive/Documents/buoy-stm32/LR1262/STM32Cube_FW_WL_V1.3.0/Middlewares/Third_Party/LoRaWAN/Crypto/soft-se.c:1238:23:SecureElementDeriveAndStoreKey	24	static
C:/Users/User/OneDrive/Documents/buoy-stm32/LR1262/STM32Cube_FW_WL_V1.3.0/Middlewares/Third_Party/LoRaWAN/Crypto/soft-se.c:1328:23:SecureElementProcessJoinAccept	24	static
C:/Users/User/OneDrive/Documents/buoy-stm32/LR1262/STM32Cube_FW_WL_V1.3.0/Middlewares/Third_Party/LoRaWAN/Crypto/soft-se.c:1438:23:SecureElementSetDevEui	8	static
C:/Users/User/OneDrive/Documents/buoy-stm32/LR1262/STM32Cube_FW_WL_V1.3.0/Middlewares/Third_Party/LoRaWAN/Crypto/soft-se.c:1463:23:SecureElementGetDevEui	8	static
C:/Users/User/OneDrive/Documents/buoy-stm32/LR1262/STM32Cube_FW_WL_V1.3.0/Middlewares/Third_Party/LoRaWAN/Crypto/soft-se.c:642:23:SecureElementInitMcuID	32	static
C:/Users/User/OneDrive/Documents/buoy-stm32/LR1262/STM32Cube_FW_WL_V1.3.0/Middlewares/Third_Party/LoRaWAN/Crypto/soft-se.c:1487:23:SecureElementSetJoinEui	8	static
C:/Users/User/OneDrive/Documents/buoy-stm32/LR1262/STM32Cube_FW_WL_V1.3.0/Middlewares/Third_Party/LoRaWAN/Crypto/soft-se.c:1512:23:SecureElementGetJoinEui	8	static
C:/Users/User/OneDrive/Documents/buoy-stm32/LR1262/STM32Cube_FW_WL_V1.3.0/Middlewares/Third_Party/LoRaWAN/Crypto/soft-se.c:1536:23:SecureElementSetDevAddr	0	static
C:/Users/User/OneDrive/Documents/buoy-stm32/LR1262/STM32Cube_FW_WL_V1.3.0/Middlewares/Third_Party/LoRaWAN/Crypto/soft-se.c:1581:23:SecureElementGetDevAddr	0	static
C:/Users/User/OneDrive/Documents/buoy-stm32/LR1262/STM32Cube_FW_WL_V1.3.0/Middlewares/Third_Party/LoRaWAN/Crypto/soft-se.c:347:13:PrintIds	72	static
C:/Users/User/OneDrive/Documents/buoy-stm32/LR1262/STM32Cube_FW_WL_V1.3.0/Middlewares/Third_Party/LoRaWAN/Crypto/soft-se.c:742:23:SecureElementPrintKeys	8	static
C:/Users/User/OneDrive/Documents/buoy-stm32/LR1262/STM32Cube_FW_WL_V1.3.0/Middlewares/Third_Party/LoRaWAN/Crypto/soft-se.c:759:23:SecureElementPrintSessionKeys	8	static
