C:/Users/User/OneDrive/Documents/buoy-stm32/LR1262/STM32Cube_FW_WL_V1.3.0/Projects/B-WL5M-SUBG1/Applications/LoRaWAN/LoRaWAN_AT_Slave/LoRaWAN/App/lora_app.c:405:13:OnSysTimeUpdate	0	static
C:/Users/User/OneDrive/Documents/buoy-stm32/LR1262/STM32Cube_FW_WL_V1.3.0/Projects/B-WL5M-SUBG1/Applications/LoRaWAN/LoRaWAN_AT_Slave/LoRaWAN/App/lora_app.c:442:13:OnTxPeriodicityChanged	0	static
C:/Users/User/OneDrive/Documents/buoy-stm32/LR1262/STM32Cube_FW_WL_V1.3.0/Projects/B-WL5M-SUBG1/Applications/LoRaWAN/LoRaWAN_AT_Slave/LoRaWAN/App/lora_app.c:449:13:OnTxFrameCtrlChanged	0	static
C:/Users/User/OneDrive/Documents/buoy-stm32/LR1262/STM32Cube_FW_WL_V1.3.0/Projects/B-WL5M-SUBG1/Applications/LoRaWAN/LoRaWAN_AT_Slave/LoRaWAN/App/lora_app.c:456:13:OnPingSlotPeriodicityChanged	0	static
C:/Users/User/OneDrive/Documents/buoy-stm32/LR1262/STM32Cube_FW_WL_V1.3.0/Projects/B-WL5M-SUBG1/Applications/LoRaWAN/LoRaWAN_AT_Slave/LoRaWAN/App/lora_app.c:395:13:OnBeaconStatusChange	0	static
C:/Users/User/OneDrive/Documents/buoy-stm32/LR1262/STM32Cube_FW_WL_V1.3.0/Projects/B-WL5M-SUBG1/Applications/LoRaWAN/LoRaWAN_AT_Slave/LoRaWAN/App/lora_app.c:412:13:OnClassChange	0	static
C:/Users/User/OneDrive/Documents/buoy-stm32/LR1262/STM32Cube_FW_WL_V1.3.0/Projects/B-WL5M-SUBG1/Applications/LoRaWAN/LoRaWAN_AT_Slave/LoRaWAN/App/lora_app.c:351:13:OnRxTimerLedEvent	0	static
C:/Users/User/OneDrive/Documents/buoy-stm32/LR1262/STM32Cube_FW_WL_V1.3.0/Projects/B-WL5M-SUBG1/Applications/LoRaWAN/LoRaWAN_AT_Slave/LoRaWAN/App/lora_app.c:346:13:OnTxTimerLedEvent	0	static
C:/Users/User/OneDrive/Documents/buoy-stm32/LR1262/STM32Cube_FW_WL_V1.3.0/Projects/B-WL5M-SUBG1/Applications/LoRaWAN/LoRaWAN_AT_Slave/LoRaWAN/App/lora_app.c:331:13:OnRxData	16	static
C:/Users/User/OneDrive/Documents/buoy-stm32/LR1262/STM32Cube_FW_WL_V1.3.0/Projects/B-WL5M-SUBG1/Applications/LoRaWAN/LoRaWAN_AT_Slave/LoRaWAN/App/lora_app.c:363:13:OnTxData	8	static
C:/Users/User/OneDrive/Documents/buoy-stm32/LR1262/STM32Cube_FW_WL_V1.3.0/Projects/B-WL5M-SUBG1/Applications/LoRaWAN/LoRaWAN_AT_Slave/LoRaWAN/App/lora_app.c:379:13:OnJoinRequest	16	static
C:/Users/User/OneDrive/Documents/buoy-stm32/LR1262/STM32Cube_FW_WL_V1.3.0/Projects/B-WL5M-SUBG1/Applications/LoRaWAN/LoRaWAN_AT_Slave/LoRaWAN/App/lora_app.c:474:13:OnNvmDataChange	0	static
C:/Users/User/OneDrive/Documents/buoy-stm32/LR1262/STM32Cube_FW_WL_V1.3.0/Projects/B-WL5M-SUBG1/Applications/LoRaWAN/LoRaWAN_AT_Slave/LoRaWAN/App/lora_app.c:430:13:OnMacProcessNotify	0	static
C:/Users/User/OneDrive/Documents/buoy-stm32/LR1262/STM32Cube_FW_WL_V1.3.0/Projects/B-WL5M-SUBG1/Applications/LoRaWAN/LoRaWAN_AT_Slave/LoRaWAN/App/lora_app.c:419:13:CmdProcessNotify	0	static
C:/Users/User/OneDrive/Documents/buoy-stm32/LR1262/STM32Cube_FW_WL_V1.3.0/Projects/B-WL5M-SUBG1/Applications/LoRaWAN/LoRaWAN_AT_Slave/LoRaWAN/App/lora_app.c:485:13:OnStoreContextRequest	0	static
C:/Users/User/OneDrive/Documents/buoy-stm32/LR1262/STM32Cube_FW_WL_V1.3.0/Projects/B-WL5M-SUBG1/Applications/LoRaWAN/LoRaWAN_AT_Slave/LoRaWAN/App/lora_app.c:496:13:OnRestoreContextRequest	0	static
C:/Users/User/OneDrive/Documents/buoy-stm32/LR1262/STM32Cube_FW_WL_V1.3.0/Projects/B-WL5M-SUBG1/Applications/LoRaWAN/LoRaWAN_AT_Slave/LoRaWAN/App/lora_app.c:356:13:OnJoinTimerLedEvent	0	static
C:/Users/User/OneDrive/Documents/buoy-stm32/LR1262/STM32Cube_FW_WL_V1.3.0/Projects/B-WL5M-SUBG1/Applications/LoRaWAN/LoRaWAN_AT_Slave/LoRaWAN/App/lora_app.c:467:13:OnSystemReset	0	static
C:/Users/User/OneDrive/Documents/buoy-stm32/LR1262/STM32Cube_FW_WL_V1.3.0/Projects/B-WL5M-SUBG1/Applications/LoRaWAN/LoRaWAN_AT_Slave/LoRaWAN/App/lora_app.c:247:6:LoRaWAN_Init	48	static
